Component: ARM Compiler 5.06 update 7 (build 960) Tool: armlink [4d3601]

==============================================================================

Section Cross References

    main.o(i.Bsp_Init) refers to rc.o(i.remote_control_init) for remote_control_init
    main.o(i.Gimbal_System_Init) refers to misc.o(i.NVIC_PriorityGroupConfig) for NVIC_PriorityGroupConfig
    main.o(i.Gimbal_System_Init) refers to freertos_init.o(i.Delay_init) for Delay_init
    main.o(i.Gimbal_System_Init) refers to main.o(i.Bsp_Init) for Bsp_Init
    main.o(i.Gimbal_System_Init) refers to freertos_init.o(i.FreeRTOS_Init) for FreeRTOS_Init
    main.o(i.main) refers to main.o(i.Gimbal_System_Init) for Gimbal_System_Init
    freertos_init.o(i.Delay_init) refers to misc.o(i.SysTick_CLKSourceConfig) for SysTick_CLKSourceConfig
    freertos_init.o(i.Delay_init) refers to freertos_init.o(.data) for fac_us
    freertos_init.o(i.FreeRTOS_Init) refers to tasks.o(i.xTaskCreate) for xTaskCreate
    freertos_init.o(i.FreeRTOS_Init) refers to tasks.o(i.vTaskStartScheduler) for vTaskStartScheduler
    freertos_init.o(i.FreeRTOS_Init) refers to freertos_init.o(.data) for SystemStart_Task_Handler
    freertos_init.o(i.FreeRTOS_Init) refers to freertos_init.o(i.System_Start_Task) for System_Start_Task
    freertos_init.o(i.System_Start_Task) refers to port.o(i.vPortEnterCritical) for vPortEnterCritical
    freertos_init.o(i.System_Start_Task) refers to tasks.o(i.xTaskCreate) for xTaskCreate
    freertos_init.o(i.System_Start_Task) refers to tasks.o(i.vTaskDelete) for vTaskDelete
    freertos_init.o(i.System_Start_Task) refers to port.o(i.vPortExitCritical) for vPortExitCritical
    freertos_init.o(i.System_Start_Task) refers to freertos_init.o(.data) for SYSTEMSTATE_Task_Handler
    freertos_init.o(i.System_Start_Task) refers to systemstate_task.o(i.SYSTEMSTATE_TASK) for SYSTEMSTATE_TASK
    freertos_init.o(i.System_Start_Task) refers to gimbal_task.o(i.GIMBAL_TASK) for GIMBAL_TASK
    freertos_init.o(i.System_Start_Task) refers to chassis_task.o(i.CHASSIS_TASK) for CHASSIS_TASK
    freertos_init.o(i.System_Start_Task) refers to imu_task.o(i.IMU_TASK) for IMU_TASK
    freertos_init.o(i.System_Start_Task) refers to vision_task.o(i.VISION_TASK) for VISION_TASK
    freertos_init.o(i.System_Start_Task) refers to dbus_task.o(i.DBUS_TASK) for DBUS_TASK
    freertos_init.o(i.System_Start_Task) refers to shoot_task.o(i.SHOOT_TASK) for SHOOT_TASK
    freertos_init.o(i.System_Start_Task) refers to cover_task.o(i.COVER_TASK) for COVER_TASK
    freertos_init.o(i.delay_ms) refers to tasks.o(i.xTaskGetSchedulerState) for xTaskGetSchedulerState
    freertos_init.o(i.delay_ms) refers to tasks.o(i.vTaskDelay) for vTaskDelay
    freertos_init.o(i.delay_ms) refers to freertos_init.o(i.delay_us) for delay_us
    freertos_init.o(i.delay_ms) refers to freertos_init.o(.data) for fac_ms
    freertos_init.o(i.delay_us) refers to freertos_init.o(.data) for fac_us
    freertos_init.o(i.delay_xms) refers to freertos_init.o(i.delay_us) for delay_us
    chassis_task.o(i.CHASSIS_TASK) refers to tasks.o(i.xTaskGetTickCount) for xTaskGetTickCount
    chassis_task.o(i.CHASSIS_TASK) refers to chassis_task.o(i.chassis_Ctrl) for chassis_Ctrl
    chassis_task.o(i.CHASSIS_TASK) refers to tasks.o(i.vTaskDelayUntil) for vTaskDelayUntil
    chassis_task.o(i.chassis_Ctrl) refers to rc.o(.bss) for rc_ctrl
    chassis_task.o(i.chassis_Ctrl) refers to chassis_task.o(.data) for chassis
    chassis_task.o(i.chassis_Mode_Handoff) refers to chassis_task.o(.data) for chassis
    chassis_task.o(i.chassis_State_Handoff) refers to chassis_task.o(.data) for chassis
    chassis_task.o(.data) refers to can.o(.data) for CAN_TxMsg
    chassis_task.o(.data) refers to rc.o(.bss) for rc_ctrl
    chassis_task.o(.data) refers to chassis_task.o(i.chassis_State_Handoff) for chassis_State_Handoff
    chassis_task.o(.data) refers to chassis_task.o(i.chassis_Mode_Handoff) for chassis_Mode_Handoff
    gimbal_task.o(i.GIMBAL_TASK) refers to tasks.o(i.xTaskGetTickCount) for xTaskGetTickCount
    gimbal_task.o(i.GIMBAL_TASK) refers to gimbal_task.o(i.gimbal_Posture_Ctrl) for gimbal_Posture_Ctrl
    gimbal_task.o(i.GIMBAL_TASK) refers to tasks.o(i.vTaskDelayUntil) for vTaskDelayUntil
    gimbal_task.o(i.GIMBAL_TASK) refers to gimbal_task.o(.data) for gimbal
    gimbal_task.o(i.GIMBAL_TASK) refers to bmi088.o(.bss) for imu
    gimbal_task.o(i.gimbal_Posture_Ctrl) refers to gimbal_task.o(.data) for gimbal
    gimbal_task.o(i.gimbal_Posture_Ctrl) refers to rc.o(.bss) for rc_ctrl
    gimbal_task.o(i.gimbal_Posture_Ctrl) refers to bmi088.o(.bss) for imu
    gimbal_task.o(i.gimbal_Posture_Ctrl) refers to can.o(.data) for L
    gimbal_task.o(i.gimbal_State_Handoff) refers to pid.o(i.PID_Init_ByParamArray) for PID_Init_ByParamArray
    gimbal_task.o(i.gimbal_State_Handoff) refers to gimbal_task.o(.data) for gimbal
[...]
    send2uart1                               0x0800659d   Thumb Code   552  vision_task.o(i.send2uart1)
    i.shoot_State_Handoff                    0x080067dc   Section        0  shoot_task.o(i.shoot_State_Handoff)
    shoot_State_Handoff                      0x080067dd   Thumb Code    90  shoot_task.o(i.shoot_State_Handoff)
    i.sqrtf                                  0x08006844   Section        0  sqrtf_full.o(i.sqrtf)
    i.trigger_Ctrl                           0x08006884   Section        0  shoot_task.o(i.trigger_Ctrl)
    trigger_Ctrl                             0x08006885   Thumb Code   430  shoot_task.o(i.trigger_Ctrl)
    i.trigger_Stall_Handle                   0x08006a60   Section        0  shoot_task.o(i.trigger_Stall_Handle)
    trigger_Stall_Handle                     0x08006a61   Thumb Code     2  shoot_task.o(i.trigger_Stall_Handle)
    i.update_w                               0x08006a62   Section        0  ahrs.o(i.update_w)
    update_w                                 0x08006a63   Thumb Code   122  ahrs.o(i.update_w)
    i.uxListRemove                           0x08006adc   Section        0  list.o(i.uxListRemove)
    i.vListInitialise                        0x08006b04   Section        0  list.o(i.vListInitialise)
    i.vListInitialiseItem                    0x08006b1e   Section        0  list.o(i.vListInitialiseItem)
    i.vListInsert                            0x08006b24   Section        0  list.o(i.vListInsert)
    i.vListInsertEnd                         0x08006b58   Section        0  list.o(i.vListInsertEnd)
    i.vPortEnterCritical                     0x08006b70   Section        0  port.o(i.vPortEnterCritical)
    i.vPortExitCritical                      0x08006bc4   Section        0  port.o(i.vPortExitCritical)
    i.vPortFree                              0x08006c00   Section        0  heap_4.o(i.vPortFree)
    i.vPortSetupTimerInterrupt               0x08006c94   Section        0  port.o(i.vPortSetupTimerInterrupt)
    i.vPortValidateInterruptPriority         0x08006cbc   Section        0  port.o(i.vPortValidateInterruptPriority)
    i.vQueueAddToRegistry                    0x08006d34   Section        0  queue.o(i.vQueueAddToRegistry)
    i.vQueueWaitForMessageRestricted         0x08006d60   Section        0  queue.o(i.vQueueWaitForMessageRestricted)
    i.vTaskDelay                             0x08006dac   Section        0  tasks.o(i.vTaskDelay)
    i.vTaskDelayUntil                        0x08006e08   Section        0  tasks.o(i.vTaskDelayUntil)
    i.vTaskDelete                            0x08006edc   Section        0  tasks.o(i.vTaskDelete)
    i.vTaskInternalSetTimeOutState           0x08006fd0   Section        0  tasks.o(i.vTaskInternalSetTimeOutState)
    i.vTaskMissedYield                       0x08006fe8   Section        0  tasks.o(i.vTaskMissedYield)
    i.vTaskPlaceOnEventList                  0x08006ff4   Section        0  tasks.o(i.vTaskPlaceOnEventList)
    i.vTaskPlaceOnEventListRestricted        0x0800702c   Section        0  tasks.o(i.vTaskPlaceOnEventListRestricted)
    i.vTaskStartScheduler                    0x0800706c   Section        0  tasks.o(i.vTaskStartScheduler)
    i.vTaskSuspendAll                        0x08007100   Section        0  tasks.o(i.vTaskSuspendAll)
    i.vTaskSwitchContext                     0x08007110   Section        0  tasks.o(i.vTaskSwitchContext)
    i.wheel_Ctrl                             0x0800719c   Section        0  shoot_task.o(i.wheel_Ctrl)
    wheel_Ctrl                               0x0800719d   Thumb Code   352  shoot_task.o(i.wheel_Ctrl)
    i.xPortStartScheduler                    0x0800730c   Section        0  port.o(i.xPortStartScheduler)
    i.xQueueGenericCreate                    0x08007474   Section        0  queue.o(i.xQueueGenericCreate)
    i.xQueueGenericReset                     0x080074d0   Section        0  queue.o(i.xQueueGenericReset)
    i.xQueueGenericSend                      0x08007568   Section        0  queue.o(i.xQueueGenericSend)
    i.xQueueGenericSendFromISR               0x08007710   Section        0  queue.o(i.xQueueGenericSendFromISR)
    i.xQueueReceive                          0x08007808   Section        0  queue.o(i.xQueueReceive)
    i.xTaskCheckForTimeOut                   0x08007970   Section        0  tasks.o(i.xTaskCheckForTimeOut)
    i.xTaskCreate                            0x080079fc   Section        0  tasks.o(i.xTaskCreate)
    i.xTaskGetSchedulerState                 0x08007a5c   Section        0  tasks.o(i.xTaskGetSchedulerState)
    i.xTaskGetTickCount                      0x08007a7c   Section        0  tasks.o(i.xTaskGetTickCount)
    i.xTaskIncrementTick                     0x08007a88   Section        0  tasks.o(i.xTaskIncrementTick)
    i.xTaskPriorityDisinherit                0x08007bd0   Section        0  tasks.o(i.xTaskPriorityDisinherit)
    i.xTaskRemoveFromEventList               0x08007c98   Section        0  tasks.o(i.xTaskRemoveFromEventList)
    i.xTaskResumeAll                         0x08007d30   Section        0  tasks.o(i.xTaskResumeAll)
    i.xTimerCreateTimerTask                  0x08007e34   Section        0  timers.o(i.xTimerCreateTimerTask)
    i.xTimerGenericCommand                   0x08007e8c   Section        0  timers.o(i.xTimerGenericCommand)
    .constdata                               0x08007f10   Section       12  imu_task.o(.constdata)
    fliter_num                               0x08007f10   Data          12  imu_task.o(.constdata)
    .constdata                               0x08007f1c   Section       12  ahrs.o(.constdata)
    .constdata                               0x08007f28   Section     2052  arm_common_tables.o(.constdata)
    .data                                    0x20000000   Section       40  freertos_init.o(.data)
    fac_us                                   0x20000000   Data           1  freertos_init.o(.data)
    fac_ms                                   0x20000002   Data           2  freertos_init.o(.data)
    .data                                    0x20000028   Section       28  chassis_task.o(.data)
    .data                                    0x20000044   Section      196  gimbal_task.o(.data)
    .data                                    0x20000108   Section      437  shoot_task.o(.data)
    time                                     0x200002b8   Data           4  shoot_task.o(.data)
    timeOut                                  0x200002bc   Data           1  shoot_task.o(.data)
    .data                                    0x200002c0   Section        8  cover_task.o(.data)
    .data                                    0x200002c8   Section      488  vision_task.o(.data)
    preValue                                 0x20000484   Data           8  vision_task.o(.data)
    result                                   0x2000048c   Data           8  vision_task.o(.data)
    now                                      0x20000494   Data           8  vision_task.o(.data)
    pre                                      0x2000049c   Data           8  vision_task.o(.data)
    now                                      0x200004a4   Data           4  vision_task.o(.data)
    pre                                      0x200004a8   Data           4  vision_task.o(.data)
    delta                                    0x200004ac   Data           4  vision_task.o(.data)
    .data                                    0x200004b0   Section      489  imu_task.o(.data)
    temp_constant_time                       0x20000698   Data           1  imu_task.o(.data)
    .data                                    0x2000069c   Section        8  systemstate_task.o(.data)
    .data                                    0x200006a4   Section      184  can.o(.data)
    .data                                    0x2000075c   Section        2  rc.o(.data)
    this_time_rx_len                         0x2000075c   Data           2  rc.o(.data)
    .data                                    0x20000760   Section       52  bmi088.o(.data)
    write_BMI088_accel_reg_data_error        0x20000770   Data          18  bmi088.o(.data)
    write_BMI088_gyro_reg_data_error         0x20000782   Data          18  bmi088.o(.data)
    .data                                    0x20000794   Section      520  motor.o(.data)
    .data                                    0x2000099c   Section       36  vision.o(.data)
    .data                                    0x200009c0   Section       16  stm32f4xx_rcc.o(.data)
    APBAHBPrescTable                         0x200009c0   Data          16  stm32f4xx_rcc.o(.data)
    .data                                    0x200009d0   Section       20  system_stm32f4xx.o(.data)
    .data                                    0x200009e4   Section       24  heap_4.o(.data)
    xStart                                   0x200009e4   Data           8  heap_4.o(.data)
    pxEnd                                    0x200009ec   Data           4  heap_4.o(.data)
    xFreeBytesRemaining                      0x200009f0   Data           4  heap_4.o(.data)
    xMinimumEverFreeBytesRemaining           0x200009f4   Data           4  heap_4.o(.data)
    xBlockAllocatedBit                       0x200009f8   Data           4  heap_4.o(.data)
    .data                                    0x200009fc   Section       12  port.o(.data)
    uxCriticalNesting                        0x200009fc   Data           4  port.o(.data)
    ucMaxSysCallPriority                     0x20000a00   Data           1  port.o(.data)
    ulMaxPRIGROUPValue                       0x20000a04   Data           4  port.o(.data)
    .data                                    0x20000a08   Section       60  tasks.o(.data)
    pxDelayedTaskList                        0x20000a0c   Data           4  tasks.o(.data)
    pxOverflowDelayedTaskList                0x20000a10   Data           4  tasks.o(.data)
    uxDeletedTasksWaitingCleanUp             0x20000a14   Data           4  tasks.o(.data)
    uxCurrentNumberOfTasks                   0x20000a18   Data           4  tasks.o(.data)
    xTickCount                               0x20000a1c   Data           4  tasks.o(.data)
    uxTopReadyPriority                       0x20000a20   Data           4  tasks.o(.data)
    xSchedulerRunning                        0x20000a24   Data           4  tasks.o(.data)
    uxPendedTicks                            0x20000a28   Data           4  tasks.o(.data)
    xYieldPending                            0x20000a2c   Data           4  tasks.o(.data)
    xNumOfOverflows                          0x20000a30   Data           4  tasks.o(.data)
    uxTaskNumber                             0x20000a34   Data           4  tasks.o(.data)
    xNextTaskUnblockTime                     0x20000a38   Data           4  tasks.o(.data)
    xIdleTaskHandle                          0x20000a3c   Data           4  tasks.o(.data)
    uxSchedulerSuspended                     0x20000a40   Data           4  tasks.o(.data)
    .data                                    0x20000a44   Section       20  timers.o(.data)
    pxCurrentTimerList                       0x20000a44   Data           4  timers.o(.data)
    pxOverflowTimerList                      0x20000a48   Data           4  timers.o(.data)
    xTimerQueue                              0x20000a4c   Data           4  timers.o(.data)
    xTimerTaskHandle                         0x20000a50   Data           4  timers.o(.data)
    xLastTime                                0x20000a54   Data           4  timers.o(.data)
    .data                                    0x20000a58   Section       16  ahrs.o(.data)
    local_hight                              0x20000a58   Data           4  ahrs.o(.data)
    latitude                                 0x20000a5c   Data           4  ahrs.o(.data)
    local_gravity                            0x20000a60   Data           4  ahrs.o(.data)
    carrier_gravity                          0x20000a64   Data           4  ahrs.o(.data)
    .data                                    0x20000a68   Section        4  errno.o(.data)
    _errno                                   0x20000a68   Data           4  errno.o(.data)
    .bss                                     0x20000a6c   Section      232  vision_task.o(.bss)
    speed                                    0x20000b44   Data          16  vision_task.o(.bss)
    .bss                                     0x20000b54   Section     2960  imu_task.o(.bss)
    accel_fliter_1                           0x20001648   Data          12  imu_task.o(.bss)
    accel_fliter_2                           0x20001654   Data          12  imu_task.o(.bss)
    accel_fliter_3                           0x20001660   Data          12  imu_task.o(.bss)
    .bss                                     0x200016e4   Section       40  can.o(.bss)
    .bss                                     0x2000170c   Section       38  uart.o(.bss)
    .bss                                     0x20001732   Section       98  rc.o(.bss)
    .bss                                     0x20001794   Section       60  bmi088.o(.bss)
    .bss                                     0x200017d0   Section       40  motor.o(.bss)
    angle_Last                               0x200017d0   Data          20  motor.o(.bss)
    result_Encoder                           0x200017e4   Data          20  motor.o(.bss)
    .bss                                     0x200017f8   Section       64  vision.o(.bss)
    arr                                      0x200017f8   Data          64  vision.o(.bss)
    .bss                                     0x20001838   Section    76800  heap_4.o(.bss)
    ucHeap                                   0x20001838   Data       76800  heap_4.o(.bss)
    .bss                                     0x20014438   Section       64  queue.o(.bss)
    .bss                                     0x20014478   Section      200  tasks.o(.bss)
    pxReadyTasksLists                        0x20014478   Data         100  tasks.o(.bss)
    xDelayedTaskList1                        0x200144dc   Data          20  tasks.o(.bss)
    xDelayedTaskList2                        0x200144f0   Data          20  tasks.o(.bss)
    xPendingReadyList                        0x20014504   Data          20  tasks.o(.bss)
    xTasksWaitingTermination                 0x20014518   Data          20  tasks.o(.bss)
    xSuspendedTaskList                       0x2001452c   Data          20  tasks.o(.bss)
    .bss                                     0x20014540   Section       40  timers.o(.bss)
    xActiveTimerList1                        0x20014540   Data          20  timers.o(.bss)
    xActiveTimerList2                        0x20014554   Data          20  timers.o(.bss)
    STACK                                    0x20014568   Section     8192  startup_stm32f407xx.o(STACK)

    Global Symbols

    Symbol Name                              Value     Ov Type        Size  Object(Section)

    BuildAttributes$$THM_ISAv4$E$P$D$K$B$S$7EM$VFPi3$EXTD16$VFPS$VFMA$PE$A:L22UL41UL21$X:L11$S22US41US21$IEEE1$IW$USESV6$~STKCKD$USESV7$~SHL$OTIME$ROPI$IEEEX$EBA8$MICROLIB$REQ8$PRES8$EABIv2 0x00000000   Number         0  anon$$obj.o ABSOLUTE
    __ARM_use_no_argv                        0x00000000   Number         0  main.o ABSOLUTE
    __arm_fini_                               - Undefined Weak Reference
    __cpp_initialize__aeabi_                  - Undefined Weak Reference
    __cxa_finalize                            - Undefined Weak Reference
    _clock_init                               - Undefined Weak Reference
    _microlib_exit                            - Undefined Weak Reference
    __Vectors_Size                           0x00000188   Number         0  startup_stm32f407xx.o ABSOLUTE
    __Vectors                                0x08000000   Data           4  startup_stm32f407xx.o(RESET)
    __Vectors_End                            0x08000188   Data           0  startup_stm32f407xx.o(RESET)
    __main                                   0x08000189   Thumb Code     0  entry.o(.ARM.Collect$$$$00000000)
    _main_stk                                0x08000189   Thumb Code     0  entry2.o(.ARM.Collect$$$$00000001)
    _main_scatterload                        0x0800018d   Thumb Code     0  entry5.o(.ARM.Collect$$$$00000004)
    __main_after_scatterload                 0x08000191   Thumb Code     0  entry5.o(.ARM.Collect$$$$00000004)
    _main_clock                              0x08000191   Thumb Code     0  entry7b.o(.ARM.Collect$$$$00000008)
    _main_cpp_init                           0x08000191   Thumb Code     0  entry8b.o(.ARM.Collect$$$$0000000A)
    _main_init                               0x08000191   Thumb Code     0  entry9a.o(.ARM.Collect$$$$0000000B)
    __rt_lib_shutdown_fini                   0x08000199   Thumb Code     0  entry12b.o(.ARM.Collect$$$$0000000E)
    __rt_final_cpp                           0x0800019d   Thumb Code     0  entry10a.o(.ARM.Collect$$$$0000000F)
    __rt_final_exit                          0x0800019d   Thumb Code     0  entry11a.o(.ARM.Collect$$$$00000011)
    SVC_Handler                              0x080001a1   Thumb Code    28  port.o(.emb_text)
    __asm___6_port_c_39a90d8d__prvStartFirstTask 0x080001c1   Thumb Code    36  port.o(.emb_text)
    __asm___6_port_c_39a90d8d__prvEnableVFP  0x080001e9   Thumb Code    16  port.o(.emb_text)
    PendSV_Handler                           0x080001fd   Thumb Code    88  port.o(.emb_text)
    vPortGetIPSR                             0x08000259   Thumb Code     6  port.o(.emb_text)
    Reset_Handler                            0x08000261   Thumb Code     8  startup_stm32f407xx.o(.text)
    NMI_Handler                              0x08000269   Thumb Code     2  startup_stm32f407xx.o(.text)
    HardFault_Handler                        0x0800026b   Thumb Code     2  startup_stm32f407xx.o(.text)
    MemManage_Handler                        0x0800026d   Thumb Code     2  startup_stm32f407xx.o(.text)
    BusFault_Handler                         0x0800026f   Thumb Code     2  startup_stm32f407xx.o(.text)
    UsageFault_Handler                       0x08000271   Thumb Code     2  startup_stm32f407xx.o(.text)
    DebugMon_Handler                         0x08000275   Thumb Code     2  startup_stm32f407xx.o(.text)
    ADC_IRQHandler                           0x0800027b   Thumb Code     0  startup_stm32f407xx.o(.text)
    CAN1_RX1_IRQHandler                      0x0800027b   Thumb Code     0  startup_stm32f407xx.o(.text)
    CAN1_SCE_IRQHandler                      0x0800027b   Thumb Code     0  startup_stm32f407xx.o(.text)
    CAN1_TX_IRQHandler                       0x0800027b   Thumb Code     0  startup_stm32f407xx.o(.text)
    CAN2_RX1_IRQHandler                      0x0800027b   Thumb Code     0  startup_stm32f407xx.o(.text)
    CAN2_SCE_IRQHandler                      0x0800027b   Thumb Code     0  startup_stm32f407xx.o(.text)
    CAN2_TX_IRQHandler                       0x0800027b   Thumb Code     0  startup_stm32f407xx.o(.text)
    DCMI_IRQHandler                          0x0800027b   Thumb Code     0  startup_stm32f407xx.o(.text)
    DMA1_Stream0_IRQHandler                  0x0800027b   Thumb Code     0  startup_stm32f407xx.o(.text)
    DMA1_Stream1_IRQHandler                  0x0800027b   Thumb Code     0  startup_stm32f407xx.o(.text)
    DMA1_Stream2_IRQHandler                  0x0800027b   Thumb Code     0  startup_stm32f407xx.o(.text)
    DMA1_Stream3_IRQHandler                  0x0800027b   Thumb Code     0  startup_stm32f407xx.o(.text)
    DMA1_Stream4_IRQHandler                  0x0800027b   Thumb Code     0  startup_stm32f407xx.o(.text)
    DMA1_Stream5_IRQHandler                  0x0800027b   Thumb Code     0  startup_stm32f407xx.o(.text)
    DMA1_Stream6_IRQHandler                  0x0800027b   Thumb Code     0  startup_stm32f407xx.o(.text)
    DMA1_Stream7_IRQHandler                  0x0800027b   Thumb Code     0  startup_stm32f407xx.o(.text)
    DMA2_Stream0_IRQHandler                  0x0800027b   Thumb Code     0  startup_stm32f407xx.o(.text)
    DMA2_Stream1_IRQHandler                  0x0800027b   Thumb Code     0  startup_stm32f407xx.o(.text)
    DMA2_Stream2_IRQHandler                  0x0800027b   Thumb Code     0  startup_stm32f407xx.o(.text)
    DMA2_Stream3_IRQHandler                  0x0800027b   Thumb Code     0  startup_stm32f407xx.o(.text)
    DMA2_Stream4_IRQHandler                  0x0800027b   Thumb Code     0  startup_stm32f407xx.o(.text)
    DMA2_Stream5_IRQHandler                  0x0800027b   Thumb Code     0  startup_stm32f407xx.o(.text)
    ETH_IRQHandler                           0x0800027b   Thumb Code     0  startup_stm32f407xx.o(.text)
    ETH_WKUP_IRQHandler                      0x0800027b   Thumb Code     0  startup_stm32f407xx.o(.text)
    EXTI0_IRQHandler                         0x0800027b   Thumb Code     0  startup_stm32f407xx.o(.text)
    EXTI15_10_IRQHandler                     0x0800027b   Thumb Code     0  startup_stm32f407xx.o(.text)
    EXTI1_IRQHandler                         0x0800027b   Thumb Code     0  startup_stm32f407xx.o(.text)
    EXTI2_IRQHandler                         0x0800027b   Thumb Code     0  startup_stm32f407xx.o(.text)
    FLASH_IRQHandler                         0x0800027b   Thumb Code     0  startup_stm32f407xx.o(.text)
    FMC_IRQHandler                           0x0800027b   Thumb Code     0  startup_stm32f407xx.o(.text)
    FPU_IRQHandler                           0x0800027b   Thumb Code     0  startup_stm32f407xx.o(.text)
    HASH_RNG_IRQHandler                      0x0800027b   Thumb Code     0  startup_stm32f407xx.o(.text)
    I2C1_ER_IRQHandler                       0x0800027b   Thumb Code     0  startup_stm32f407xx.o(.text)
    I2C1_EV_IRQHandler                       0x0800027b   Thumb Code     0  startup_stm32f407xx.o(.text)
    I2C2_ER_IRQHandler                       0x0800027b   Thumb Code     0  startup_stm32f407xx.o(.text)
    I2C2_EV_IRQHandler                       0x0800027b   Thumb Code     0  startup_stm32f407xx.o(.text)
    I2C3_ER_IRQHandler                       0x0800027b   Thumb Code     0  startup_stm32f407xx.o(.text)
    I2C3_EV_IRQHandler                       0x0800027b   Thumb Code     0  startup_stm32f407xx.o(.text)
    OTG_FS_IRQHandler                        0x0800027b   Thumb Code     0  startup_stm32f407xx.o(.text)
    OTG_FS_WKUP_IRQHandler                   0x0800027b   Thumb Code     0  startup_stm32f407xx.o(.text)
    OTG_HS_EP1_IN_IRQHandler                 0x0800027b   Thumb Code     0  startup_stm32f407xx.o(.text)
    OTG_HS_EP1_OUT_IRQHandler                0x0800027b   Thumb Code     0  startup_stm32f407xx.o(.text)
    OTG_HS_IRQHandler                        0x0800027b   Thumb Code     0  startup_stm32f407xx.o(.text)
    OTG_HS_WKUP_IRQHandler                   0x0800027b   Thumb Code     0  startup_stm32f407xx.o(.text)
    PVD_IRQHandler                           0x0800027b   Thumb Code     0  startup_stm32f407xx.o(.text)
    RCC_IRQHandler                           0x0800027b   Thumb Code     0  startup_stm32f407xx.o(.text)
    RTC_Alarm_IRQHandler                     0x0800027b   Thumb Code     0  startup_stm32f407xx.o(.text)
    RTC_WKUP_IRQHandler                      0x0800027b   Thumb Code     0  startup_stm32f407xx.o(.text)
    SDIO_IRQHandler                          0x0800027b   Thumb Code     0  startup_stm32f407xx.o(.text)
    SPI1_IRQHandler                          0x0800027b   Thumb Code     0  startup_stm32f407xx.o(.text)
    SPI2_IRQHandler                          0x0800027b   Thumb Code     0  startup_stm32f407xx.o(.text)
    SPI3_IRQHandler                          0x0800027b   Thumb Code     0  startup_stm32f407xx.o(.text)
    TAMP_STAMP_IRQHandler                    0x0800027b   Thumb Code     0  startup_stm32f407xx.o(.text)
    TIM1_BRK_TIM9_IRQHandler                 0x0800027b   Thumb Code     0  startup_stm32f407xx.o(.text)
    TIM1_CC_IRQHandler                       0x0800027b   Thumb Code     0  startup_stm32f407xx.o(.text)
    TIM1_TRG_COM_TIM11_IRQHandler            0x0800027b   Thumb Code     0  startup_stm32f407xx.o(.text)
    TIM1_UP_TIM10_IRQHandler                 0x0800027b   Thumb Code     0  startup_stm32f407xx.o(.text)
    TIM2_IRQHandler                          0x0800027b   Thumb Code     0  startup_stm32f407xx.o(.text)
    TIM3_IRQHandler                          0x0800027b   Thumb Code     0  startup_stm32f407xx.o(.text)
    TIM4_IRQHandler                          0x0800027b   Thumb Code     0  startup_stm32f407xx.o(.text)
    TIM5_IRQHandler                          0x0800027b   Thumb Code     0  startup_stm32f407xx.o(.text)
    TIM6_DAC_IRQHandler                      0x0800027b   Thumb Code     0  startup_stm32f407xx.o(.text)
    TIM7_IRQHandler                          0x0800027b   Thumb Code     0  startup_stm32f407xx.o(.text)
    TIM8_BRK_TIM12_IRQHandler                0x0800027b   Thumb Code     0  startup_stm32f407xx.o(.text)
    TIM8_CC_IRQHandler                       0x0800027b   Thumb Code     0  startup_stm32f407xx.o(.text)
    TIM8_TRG_COM_TIM14_IRQHandler            0x0800027b   Thumb Code     0  startup_stm32f407xx.o(.text)
    TIM8_UP_TIM13_IRQHandler                 0x0800027b   Thumb Code     0  startup_stm32f407xx.o(.text)
    UART4_IRQHandler                         0x0800027b   Thumb Code     0  startup_stm32f407xx.o(.text)
    UART5_IRQHandler                         0x0800027b   Thumb Code     0  startup_stm32f407xx.o(.text)
    USART1_IRQHandler                        0x0800027b   Thumb Code     0  startup_stm32f407xx.o(.text)
    USART2_IRQHandler                        0x0800027b   Thumb Code     0  startup_stm32f407xx.o(.text)
    WWDG_IRQHandler                          0x0800027b   Thumb Code     0  startup_stm32f407xx.o(.text)
    arm_cos_f32                              0x08000285   Thumb Code   108  arm_cos_f32.o(.text)
    arm_sin_f32                              0x080002fd   Thumb Code   104  arm_sin_f32.o(.text)
    __aeabi_memcpy                           0x08000371   Thumb Code    36  memcpya.o(.text)
    __aeabi_memcpy4                          0x08000371   Thumb Code     0  memcpya.o(.text)
    __aeabi_memcpy8                          0x08000371   Thumb Code     0  memcpya.o(.text)
    __aeabi_memset                           0x08000395   Thumb Code    14  memseta.o(.text)
    __aeabi_memset4                          0x08000395   Thumb Code     0  memseta.o(.text)
    __aeabi_memset8                          0x08000395   Thumb Code     0  memseta.o(.text)
    __aeabi_memclr                           0x080003a3   Thumb Code     4  memseta.o(.text)
    __aeabi_memclr4                          0x080003a3   Thumb Code     0  memseta.o(.text)
    __aeabi_memclr8                          0x080003a3   Thumb Code     0  memseta.o(.text)
    _memset$wrapper                          0x080003a7   Thumb Code    18  memseta.o(.text)
    __I$use$fp                               0x080003b9   Thumb Code     0  iusefp.o(.text)
    __scatterload                            0x080003b9   Thumb Code    28  init.o(.text)
    __scatterload_rt2                        0x080003b9   Thumb Code     0  init.o(.text)
    __decompress                             0x080003dd   Thumb Code     0  __dczerorl2.o(.text)
    __decompress1                            0x080003dd   Thumb Code    86  __dczerorl2.o(.text)
    AHRS_asinf                               0x08000433   Thumb Code    24  ahrs_middleware.o(i.AHRS_asinf)
    AHRS_atan2f                              0x0800044b   Thumb Code    32  ahrs_middleware.o(i.AHRS_atan2f)
    AHRS_cosf                                0x0800046b   Thumb Code    24  ahrs_middleware.o(i.AHRS_cosf)
    AHRS_get_height                          0x0800049d   Thumb Code    12  ahrs_middleware.o(i.AHRS_get_height)
    AHRS_get_latitude                        0x080004ad   Thumb Code    12  ahrs_middleware.o(i.AHRS_get_latitude)
    AHRS_init                                0x080004b9   Thumb Code   626  ahrs.o(i.AHRS_init)
    AHRS_invSqrt                             0x08000755   Thumb Code    36  ahrs_middleware.o(i.AHRS_invSqrt)
    AHRS_sinf                                0x08000779   Thumb Code    24  ahrs_middleware.o(i.AHRS_sinf)
    AHRS_update                              0x08000791   Thumb Code   314  ahrs.o(i.AHRS_update)
    BMI088_ACCEL_NS_H                        0x080008cd   Thumb Code    12  bmi088middleware.o(i.BMI088_ACCEL_NS_H)
    BMI088_ACCEL_NS_L                        0x080008dd   Thumb Code    12  bmi088middleware.o(i.BMI088_ACCEL_NS_L)
    BMI088_GYRO_NS_H                         0x080008ed   Thumb Code    12  bmi088middleware.o(i.BMI088_GYRO_NS_H)
    BMI088_GYRO_NS_L                         0x080008fd   Thumb Code    12  bmi088middleware.o(i.BMI088_GYRO_NS_L)
    BMI088_Offset_Cali                       0x0800090d   Thumb Code    28  bmi088.o(i.BMI088_Offset_Cali)
    BMI088_delay_ms                          0x0800092d   Thumb Code    26  bmi088middleware.o(i.BMI088_delay_ms)
    BMI088_delay_us                          0x08000947   Thumb Code    74  bmi088middleware.o(i.BMI088_delay_us)
    BMI088_init                              0x08000991   Thumb Code    30  bmi088.o(i.BMI088_init)
    BMI088_read                              0x080009b1   Thumb Code   492  bmi088.o(i.BMI088_read)
    BMI088_read_write_byte                   0x08000be7   Thumb Code    16  bmi088middleware.o(i.BMI088_read_write_byte)
    Bsp_Init                                 0x08000c0b   Thumb Code     8  main.o(i.Bsp_Init)
    CAN1_RX0_IRQHandler                      0x08000c15   Thumb Code    76  can.o(i.CAN1_RX0_IRQHandler)
    CAN2_RX0_IRQHandler                      0x08000c75   Thumb Code    42  can.o(i.CAN2_RX0_IRQHandler)
    CAN_Receive                              0x08000cb1   Thumb Code   240  stm32f4xx_can.o(i.CAN_Receive)
    CAN_Transmit                             0x08000da1   Thumb Code   294  stm32f4xx_can.o(i.CAN_Transmit)
    CHASSIS_TASK                             0x08000ec7   Thumb Code    24  chassis_task.o(i.CHASSIS_TASK)
    COVER_TASK                               0x08000edf   Thumb Code    24  cover_task.o(i.COVER_TASK)
    DBUS_TASK                                0x08000ef9   Thumb Code   606  dbus_task.o(i.DBUS_TASK)
    DMA2_Stream6_IRQHandler                  0x08001171   Thumb Code    40  uart.o(i.DMA2_Stream6_IRQHandler)
    DMA2_Stream7_IRQHandler                  0x080011a1   Thumb Code    40  uart.o(i.DMA2_Stream7_IRQHandler)
    DMA_ClearFlag                            0x080011d1   Thumb Code    38  stm32f4xx_dma.o(i.DMA_ClearFlag)
    DMA_ClearITPendingBit                    0x08001205   Thumb Code    38  stm32f4xx_dma.o(i.DMA_ClearITPendingBit)
    DMA_Cmd                                  0x08001239   Thumb Code    22  stm32f4xx_dma.o(i.DMA_Cmd)
    DMA_DeInit                               0x08001251   Thumb Code   324  stm32f4xx_dma.o(i.DMA_DeInit)
    DMA_DoubleBufferModeCmd                  0x080013a9   Thumb Code    22  stm32f4xx_dma.o(i.DMA_DoubleBufferModeCmd)
    DMA_DoubleBufferModeConfig               0x080013bf   Thumb Code    24  stm32f4xx_dma.o(i.DMA_DoubleBufferModeConfig)
    DMA_GetCurrDataCounter                   0x080013d7   Thumb Code     8  stm32f4xx_dma.o(i.DMA_GetCurrDataCounter)
    DMA_GetCurrentMemoryTarget               0x080013df   Thumb Code    20  stm32f4xx_dma.o(i.DMA_GetCurrentMemoryTarget)
    DMA_GetITStatus                          0x080013f5   Thumb Code    82  stm32f4xx_dma.o(i.DMA_GetITStatus)
    DMA_Init                                 0x08001459   Thumb Code    82  stm32f4xx_dma.o(i.DMA_Init)
    DMA_SetCurrDataCounter                   0x080014b1   Thumb Code     4  stm32f4xx_dma.o(i.DMA_SetCurrDataCounter)
    Delay_init                               0x080014b5   Thumb Code    58  freertos_init.o(i.Delay_init)
    EXTI3_IRQHandler                         0x080014f9   Thumb Code    10  gpio.o(i.EXTI3_IRQHandler)
    EXTI4_IRQHandler                         0x08001503   Thumb Code    10  gpio.o(i.EXTI4_IRQHandler)
    EXTI9_5_IRQHandler                       0x0800150d   Thumb Code    10  gpio.o(i.EXTI9_5_IRQHandler)
    EXTI_ClearITPendingBit                   0x08001519   Thumb Code     6  stm32f4xx_exti.o(i.EXTI_ClearITPendingBit)
    FreeRTOS_Init                            0x08001525   Thumb Code    28  freertos_init.o(i.FreeRTOS_Init)
    GIMBAL_TASK                              0x0800155d   Thumb Code   218  gimbal_task.o(i.GIMBAL_TASK)
    GPIO_Init                                0x08001651   Thumb Code   144  stm32f4xx_gpio.o(i.GPIO_Init)
    GPIO_PinAFConfig                         0x080016e1   Thumb Code    70  stm32f4xx_gpio.o(i.GPIO_PinAFConfig)
    GPIO_ResetBits                           0x08001727   Thumb Code     4  stm32f4xx_gpio.o(i.GPIO_ResetBits)
    GPIO_SetBits                             0x0800172b   Thumb Code     4  stm32f4xx_gpio.o(i.GPIO_SetBits)
    Gimbal_System_Init                       0x0800172f   Thumb Code    26  main.o(i.Gimbal_System_Init)
    IMU_TASK                                 0x08001749   Thumb Code   712  imu_task.o(i.IMU_TASK)
    IMU_getValues                            0x08001a69   Thumb Code  1628  imu_task.o(i.IMU_getValues)
    NVIC_Init                                0x080020e9   Thumb Code   106  misc.o(i.NVIC_Init)
    NVIC_PriorityGroupConfig                 0x08002161   Thumb Code    10  misc.o(i.NVIC_PriorityGroupConfig)
    PID_Calculating                          0x08002175   Thumb Code   572  pid.o(i.PID_Calculating)
    PID_Init                                 0x080023b1   Thumb Code   174  pid.o(i.PID_Init)
    PID_Init_ByParamArray                    0x08002471   Thumb Code    86  pid.o(i.PID_Init_ByParamArray)
    PID_Parameter_Init                       0x080024c7   Thumb Code    56  pid.o(i.PID_Parameter_Init)
    PID_Reset                                0x08002501   Thumb Code    72  pid.o(i.PID_Reset)
    PID_calc                                 0x0800254d   Thumb Code   492  temp_pid.o(i.PID_calc)
    PID_init                                 0x0800273d   Thumb Code    92  temp_pid.o(i.PID_init)
    RCC_AHB1PeriphClockCmd                   0x0800279d   Thumb Code    26  stm32f4xx_rcc.o(i.RCC_AHB1PeriphClockCmd)
    RCC_APB1PeriphClockCmd                   0x080027bd   Thumb Code    26  stm32f4xx_rcc.o(i.RCC_APB1PeriphClockCmd)
    RCC_APB1PeriphResetCmd                   0x080027dd   Thumb Code    26  stm32f4xx_rcc.o(i.RCC_APB1PeriphResetCmd)
    RCC_APB2PeriphResetCmd                   0x080027fd   Thumb Code    26  stm32f4xx_rcc.o(i.RCC_APB2PeriphResetCmd)
    RCC_GetClocksFreq                        0x0800281d   Thumb Code   214  stm32f4xx_rcc.o(i.RCC_GetClocksFreq)
    RC_Init                                  0x08002905   Thumb Code   316  rc.o(i.RC_Init)
    SBUS_TO_RC                               0x08002a55   Thumb Code   218  rc.o(i.SBUS_TO_RC)
    SHOOT_TASK                               0x08002b31   Thumb Code    58  shoot_task.o(i.SHOOT_TASK)
    SPI1_ReadWriteByte                       0x08002b71   Thumb Code    82  spi.o(i.SPI1_ReadWriteByte)
    SPI1_SetSpeed                            0x08002bc9   Thumb Code    36  spi.o(i.SPI1_SetSpeed)
    SPI_Cmd                                  0x08002bf1   Thumb Code    24  stm32f4xx_spi.o(i.SPI_Cmd)
    SPI_I2S_GetFlagStatus                    0x08002c09   Thumb Code    18  stm32f4xx_spi.o(i.SPI_I2S_GetFlagStatus)
    SPI_I2S_ReceiveData                      0x08002c1b   Thumb Code     6  stm32f4xx_spi.o(i.SPI_I2S_ReceiveData)
    SPI_I2S_SendData                         0x08002c21   Thumb Code     4  stm32f4xx_spi.o(i.SPI_I2S_SendData)
    SYSTEMSTATE_TASK                         0x08002c25   Thumb Code    48  systemstate_task.o(i.SYSTEMSTATE_TASK)
    SysTick_CLKSourceConfig                  0x08002d45   Thumb Code    40  misc.o(i.SysTick_CLKSourceConfig)
    SysTick_Handler                          0x08002d6d   Thumb Code    46  port.o(i.SysTick_Handler)
    SystemInit                               0x08002da1   Thumb Code    88  system_stm32f4xx.o(i.SystemInit)
    System_Start_Task                        0x08002e09   Thumb Code   184  freertos_init.o(i.System_Start_Task)
    TIM_SetCompare1                          0x08002f71   Thumb Code     4  stm32f4xx_tim.o(i.TIM_SetCompare1)
    USART3_IRQHandler                        0x08002f75   Thumb Code   222  rc.o(i.USART3_IRQHandler)
    USART6_IRQHandler                        0x0800306d   Thumb Code    38  uart.o(i.USART6_IRQHandler)
    USART_ClearFlag                          0x080030a1   Thumb Code    18  stm32f4xx_usart.o(i.USART_ClearFlag)
    USART_Cmd                                0x080030b3   Thumb Code    24  stm32f4xx_usart.o(i.USART_Cmd)
    USART_DMACmd                             0x080030cb   Thumb Code    18  stm32f4xx_usart.o(i.USART_DMACmd)
    USART_DeInit                             0x080030dd   Thumb Code   206  stm32f4xx_usart.o(i.USART_DeInit)
    USART_GetITStatus                        0x080031cd   Thumb Code    84  stm32f4xx_usart.o(i.USART_GetITStatus)
    USART_ITConfig                           0x08003221   Thumb Code    74  stm32f4xx_usart.o(i.USART_ITConfig)
    USART_Init                               0x0800326d   Thumb Code   204  stm32f4xx_usart.o(i.USART_Init)
    USART_ReceiveData                        0x08003341   Thumb Code    10  stm32f4xx_usart.o(i.USART_ReceiveData)
    VISION_TASK                              0x0800334d   Thumb Code   852  vision_task.o(i.VISION_TASK)
    Vision_Check_Data                        0x080036d1   Thumb Code   472  vision.o(i.Vision_Check_Data)
    __ARM_fpclassifyf                        0x080038c5   Thumb Code    38  fpclassifyf.o(i.__ARM_fpclassifyf)
    __hardfp_asinf                           0x080038ed   Thumb Code   258  asinf.o(i.__hardfp_asinf)
    __hardfp_atan2f                          0x08003a19   Thumb Code   594  atan2f.o(i.__hardfp_atan2f)
    __hardfp_sqrtf                           0x08003cc5   Thumb Code    58  sqrtf_full.o(i.__hardfp_sqrtf)
    __mathlib_flt_infnan                     0x08003cff   Thumb Code     6  funder.o(i.__mathlib_flt_infnan)
    __mathlib_flt_infnan2                    0x08003d05   Thumb Code     6  funder.o(i.__mathlib_flt_infnan2)
    __mathlib_flt_invalid                    0x08003d0d   Thumb Code    10  funder.o(i.__mathlib_flt_invalid)
    __mathlib_flt_underflow                  0x08003d1d   Thumb Code    10  funder.o(i.__mathlib_flt_underflow)
    __scatterload_copy                       0x08003d2d   Thumb Code    14  handlers.o(i.__scatterload_copy)
    __scatterload_null                       0x08003d3b   Thumb Code     2  handlers.o(i.__scatterload_null)
    __scatterload_zeroinit                   0x08003d3d   Thumb Code    14  handlers.o(i.__scatterload_zeroinit)
    __set_errno                              0x08003d4d   Thumb Code     6  errno.o(i.__set_errno)
    arm_mat_add_f32                          0x08004221   Thumb Code   192  arm_mat_add_f32.o(i.arm_mat_add_f32)
    arm_mat_init_f32                         0x080042e1   Thumb Code     8  arm_mat_init_f32.o(i.arm_mat_init_f32)
    arm_mat_inverse_f32                      0x080042e9   Thumb Code   778  arm_mat_inverse_f32.o(i.arm_mat_inverse_f32)
    arm_mat_mult_f32                         0x080045f9   Thumb Code   320  arm_mat_mult_f32.o(i.arm_mat_mult_f32)
    arm_mat_sub_f32                          0x0800473d   Thumb Code   192  arm_mat_sub_f32.o(i.arm_mat_sub_f32)
    arm_mat_trans_f32                        0x080047fd   Thumb Code   152  arm_mat_trans_f32.o(i.arm_mat_trans_f32)
    bmi088_accel_init                        0x08004895   Thumb Code   290  bmi088.o(i.bmi088_accel_init)
    bmi088_gyro_init                         0x080049bd   Thumb Code   238  bmi088.o(i.bmi088_gyro_init)
    delay_ms                                 0x08004bb9   Thumb Code    60  freertos_init.o(i.delay_ms)
    delay_us                                 0x08004bf9   Thumb Code    68  freertos_init.o(i.delay_us)
    get_Motor_Data                           0x08004d3d   Thumb Code   166  motor.o(i.get_Motor_Data)
    get_angle                                0x08004df5   Thumb Code   232  ahrs.o(i.get_angle)
    imu_cali_slove                           0x0800551d   Thumb Code   274  imu_task.o(i.imu_cali_slove)
    imu_temp_control                         0x08005649   Thumb Code   144  imu_task.o(i.imu_temp_control)
    kalman_filter_calc                       0x080056f5   Thumb Code   342  filter.o(i.kalman_filter_calc)
    kalman_filter_init                       0x0800584b   Thumb Code   224  filter.o(i.kalman_filter_init)
    main                                     0x0800592b   Thumb Code     8  main.o(i.main)
    myprintf                                 0x08005935   Thumb Code    46  uart.o(i.myprintf)
    pvPortMalloc                             0x08006335   Thumb Code   296  heap_4.o(i.pvPortMalloc)
    pxPortInitialiseStack                    0x08006471   Thumb Code    38  port.o(i.pxPortInitialiseStack)
    ramp_Float                               0x08006521   Thumb Code    98  assist.o(i.ramp_Float)
    remote_control_init                      0x08006589   Thumb Code    16  rc.o(i.remote_control_init)
    sqrtf                                    0x08006845   Thumb Code    62  sqrtf_full.o(i.sqrtf)
    uxListRemove                             0x08006add   Thumb Code    40  list.o(i.uxListRemove)
    vListInitialise                          0x08006b05   Thumb Code    26  list.o(i.vListInitialise)
    vListInitialiseItem                      0x08006b1f   Thumb Code     6  list.o(i.vListInitialiseItem)
    vListInsert                              0x08006b25   Thumb Code    52  list.o(i.vListInsert)
    vListInsertEnd                           0x08006b59   Thumb Code    24  list.o(i.vListInsertEnd)
    vPortEnterCritical                       0x08006b71   Thumb Code    76  port.o(i.vPortEnterCritical)
    vPortExitCritical                        0x08006bc5   Thumb Code    56  port.o(i.vPortExitCritical)
    vPortFree                                0x08006c01   Thumb Code   140  heap_4.o(i.vPortFree)
    vPortSetupTimerInterrupt                 0x08006c95   Thumb Code    36  port.o(i.vPortSetupTimerInterrupt)
    vPortValidateInterruptPriority           0x08006cbd   Thumb Code   106  port.o(i.vPortValidateInterruptPriority)
    vQueueAddToRegistry                      0x08006d35   Thumb Code    38  queue.o(i.vQueueAddToRegistry)
    vQueueWaitForMessageRestricted           0x08006d61   Thumb Code    74  queue.o(i.vQueueWaitForMessageRestricted)
    vTaskDelay                               0x08006dad   Thumb Code    82  tasks.o(i.vTaskDelay)
    vTaskDelayUntil                          0x08006e09   Thumb Code   200  tasks.o(i.vTaskDelayUntil)
    vTaskDelete                              0x08006edd   Thumb Code   202  tasks.o(i.vTaskDelete)
    vTaskInternalSetTimeOutState             0x08006fd1   Thumb Code    14  tasks.o(i.vTaskInternalSetTimeOutState)
    vTaskMissedYield                         0x08006fe9   Thumb Code     8  tasks.o(i.vTaskMissedYield)
    vTaskPlaceOnEventList                    0x08006ff5   Thumb Code    52  tasks.o(i.vTaskPlaceOnEventList)
    vTaskPlaceOnEventListRestricted          0x0800702d   Thumb Code    60  tasks.o(i.vTaskPlaceOnEventListRestricted)
    vTaskStartScheduler                      0x0800706d   Thumb Code   118  tasks.o(i.vTaskStartScheduler)
    vTaskSuspendAll                          0x08007101   Thumb Code    12  tasks.o(i.vTaskSuspendAll)
    vTaskSwitchContext                       0x08007111   Thumb Code   118  tasks.o(i.vTaskSwitchContext)
    xPortStartScheduler                      0x0800730d   Thumb Code   330  port.o(i.xPortStartScheduler)
    xQueueGenericCreate                      0x08007475   Thumb Code    90  queue.o(i.xQueueGenericCreate)
    xQueueGenericReset                       0x080074d1   Thumb Code   146  queue.o(i.xQueueGenericReset)
    xQueueGenericSend                        0x08007569   Thumb Code   420  queue.o(i.xQueueGenericSend)
    xQueueGenericSendFromISR                 0x08007711   Thumb Code   248  queue.o(i.xQueueGenericSendFromISR)
    xQueueReceive                            0x08007809   Thumb Code   356  queue.o(i.xQueueReceive)
    xTaskCheckForTimeOut                     0x08007971   Thumb Code   132  tasks.o(i.xTaskCheckForTimeOut)
    xTaskCreate                              0x080079fd   Thumb Code    96  tasks.o(i.xTaskCreate)
    xTaskGetSchedulerState                   0x08007a5d   Thumb Code    24  tasks.o(i.xTaskGetSchedulerState)
    xTaskGetTickCount                        0x08007a7d   Thumb Code     6  tasks.o(i.xTaskGetTickCount)
    xTaskIncrementTick                       0x08007a89   Thumb Code   282  tasks.o(i.xTaskIncrementTick)
    xTaskPriorityDisinherit                  0x08007bd1   Thumb Code   188  tasks.o(i.xTaskPriorityDisinherit)
    xTaskRemoveFromEventList                 0x08007c99   Thumb Code   128  tasks.o(i.xTaskRemoveFromEventList)
    xTaskResumeAll                           0x08007d31   Thumb Code   224  tasks.o(i.xTaskResumeAll)
    xTimerCreateTimerTask                    0x08007e35   Thumb Code    66  timers.o(i.xTimerCreateTimerTask)
    xTimerGenericCommand                     0x08007e8d   Thumb Code   126  timers.o(i.xTimerGenericCommand)
    sinTable_f32                             0x08007f28   Data        2052  arm_common_tables.o(.constdata)
    Region$$Table$$Base                      0x0800872c   Number         0  anon$$obj.o(Region$$Table)
    Region$$Table$$Limit                     0x0800874c   Number         0  anon$$obj.o(Region$$Table)
    SystemStart_Task_Handler                 0x20000004   Data           4  freertos_init.o(.data)
    SYSTEMSTATE_Task_Handler                 0x20000008   Data           4  freertos_init.o(.data)
    GIMBAL_Task_Handler                      0x2000000c   Data           4  freertos_init.o(.data)
    CHASSIS_Task_Handler                     0x20000010   Data           4  freertos_init.o(.data)
    DBUS_Task_Handler                        0x20000014   Data           4  freertos_init.o(.data)
    IMU_Task_Handler                         0x20000018   Data           4  freertos_init.o(.data)
    VISION_Task_Handler                      0x2000001c   Data           4  freertos_init.o(.data)
    SHOOT_Task_Handler                       0x20000020   Data           4  freertos_init.o(.data)
    COVER_Task_Handler                       0x20000024   Data           4  freertos_init.o(.data)
    chassis                                  0x20000028   Data          28  chassis_task.o(.data)
    gimbal                                   0x20000044   Data          36  gimbal_task.o(.data)
    yaw_PID_Param                            0x20000068   Data          72  gimbal_task.o(.data)
    pit_PID_Param                            0x200000b0   Data          72  gimbal_task.o(.data)
    vision_Flag                              0x200000f8   Data           4  gimbal_task.o(.data)
    ky                                       0x200000fc   Data           4  gimbal_task.o(.data)
    kp                                       0x20000100   Data           4  gimbal_task.o(.data)
    key_KF                                   0x20000104   Data           4  gimbal_task.o(.data)
    shoot                                    0x20000108   Data         288  shoot_task.o(.data)
    wheel_PID_Param                          0x20000228   Data          72  shoot_task.o(.data)
    trigger_PID_Param                        0x20000270   Data          72  shoot_task.o(.data)
    cover                                    0x200002c0   Data           8  cover_task.o(.data)
    vision                                   0x200002c8   Data          48  vision_task.o(.data)
    KF_Param_Vision                          0x200002f8   Data         360  vision_task.o(.data)
    k2                                       0x20000460   Data           4  vision_task.o(.data)
    k3                                       0x20000464   Data           4  vision_task.o(.data)
    yaw_Predict                              0x20000468   Data           4  vision_task.o(.data)
    armor_position2vision                    0x2000046c   Data           8  vision_task.o(.data)
    armor_velocity2vision                    0x20000474   Data           8  vision_task.o(.data)
    predictValue                             0x2000047c   Data           8  vision_task.o(.data)
    first_temperate                          0x200004b0   Data           1  imu_task.o(.data)
    imu_temp_PID                             0x200004b4   Data          12  imu_task.o(.data)
    gyro_scale_factor                        0x200004c0   Data          36  imu_task.o(.data)
    time_count                               0x200004e4   Data           2  imu_task.o(.data)
    flash_len                                0x200004e6   Data           6  imu_task.o(.data)
    flash_buf                                0x200004ec   Data           3  imu_task.o(.data)
    accel_scale_factor                       0x200004f0   Data          36  imu_task.o(.data)
    mag_scale_factor                         0x20000514   Data          36  imu_task.o(.data)
    eff_x                                    0x20000538   Data           4  imu_task.o(.data)
    eff_y                                    0x2000053c   Data           4  imu_task.o(.data)
    eff_z                                    0x20000540   Data           4  imu_task.o(.data)
    gy_z                                     0x20000544   Data           4  imu_task.o(.data)
    C_Gyo_z                                  0x20000548   Data           4  imu_task.o(.data)
    Eff                                      0x2000054c   Data         320  imu_task.o(.data)
    imu_working                              0x2000068c   Data           4  imu_task.o(.data)
    cali_flag                                0x20000690   Data           4  imu_task.o(.data)
    flash_flag                               0x20000694   Data           4  imu_task.o(.data)
    robot                                    0x2000069c   Data           2  systemstate_task.o(.data)
    aaa                                      0x200006a0   Data           4  systemstate_task.o(.data)
    L                                        0x200006a4   Data          32  can.o(.data)
    H                                        0x200006c4   Data          32  can.o(.data)
    CAN_TxMsg                                0x200006e4   Data         120  can.o(.data)
    BMI088_ACCEL_SEN                         0x20000760   Data           4  bmi088.o(.data)
    BMI088_GYRO_SEN                          0x20000764   Data           4  bmi088.o(.data)
    gyro_offest                              0x20000768   Data           2  bmi088.o(.data)
    accel_offest                             0x2000076a   Data           6  bmi088.o(.data)
    Gimbal                                   0x20000794   Data         520  motor.o(.data)
    tx2                                      0x2000099c   Data          24  vision.o(.data)
    yaw_signed                               0x200009b4   Data           4  vision.o(.data)
    pit_signed                               0x200009b8   Data           4  vision.o(.data)
    findtime                                 0x200009bc   Data           4  vision.o(.data)
    SystemCoreClock                          0x200009d0   Data           4  system_stm32f4xx.o(.data)
    AHBPrescTable                            0x200009d4   Data          16  system_stm32f4xx.o(.data)
    pxCurrentTCB                             0x20000a08   Data           4  tasks.o(.data)
    KF_Vision                                0x20000a6c   Data         216  vision_task.o(.bss)
    mygetqval                                0x20000b54   Data          36  imu_task.o(.bss)
    bmi088_real_data                         0x20000b78   Data          36  imu_task.o(.bss)
    ist8310_real_data                        0x20000b9c   Data          16  imu_task.o(.bss)
    imu_temp_pid                             0x20000bac   Data          72  imu_task.o(.bss)
    INS_gyro                                 0x20000bf4   Data          12  imu_task.o(.bss)
    INS_accel                                0x20000c00   Data          12  imu_task.o(.bss)
    INS_mag                                  0x20000c0c   Data          12  imu_task.o(.bss)
    INS_quat                                 0x20000c18   Data          16  imu_task.o(.bss)
    INS_angle                                0x20000c28   Data          12  imu_task.o(.bss)
    BMI088_FIFO                              0x20000c34   Data        2424  imu_task.o(.bss)
    BMI088_read_data                         0x200015ac   Data          36  imu_task.o(.bss)
    gyro_offset                              0x200015d0   Data          12  imu_task.o(.bss)
    gyro_cali_offset                         0x200015dc   Data          12  imu_task.o(.bss)
    cali_scale                               0x200015e8   Data          12  imu_task.o(.bss)
    cali_offset                              0x200015f4   Data          12  imu_task.o(.bss)
    cali_scale_flash                         0x20001600   Data          12  imu_task.o(.bss)
    cali_offset_flash                        0x2000160c   Data          12  imu_task.o(.bss)
    accel_offset                             0x20001618   Data          12  imu_task.o(.bss)
    accel_cali_offset                        0x20001624   Data          12  imu_task.o(.bss)
    mag_offset                               0x20001630   Data          12  imu_task.o(.bss)
    mag_cali_offset                          0x2000163c   Data          12  imu_task.o(.bss)
    kalman                                   0x2000166c   Data         120  imu_task.o(.bss)
    CAN1_RxMsg                               0x200016e4   Data          20  can.o(.bss)
    CAN2_RxMsg                               0x200016f8   Data          20  can.o(.bss)
    UART1_RX_BUF                             0x2000170c   Data          10  uart.o(.bss)
    UART1_TX_BUF                             0x20001716   Data           9  uart.o(.bss)
    UART2_RX_BUF                             0x2000171f   Data          10  uart.o(.bss)
    UART2_TX_BUF                             0x20001729   Data           9  uart.o(.bss)
    rc_ctrl                                  0x20001732   Data          26  rc.o(.bss)
    SBUS_rx_buf                              0x2000174c   Data          72  rc.o(.bss)
    imu                                      0x20001794   Data          28  bmi088.o(.bss)
    mpu_data                                 0x200017b0   Data          32  bmi088.o(.bss)
    xQueueRegistry                           0x20014438   Data          64  queue.o(.bss)
    __initial_sp                             0x20016568   Data           0  startup_stm32f407xx.o(STACK)



==============================================================================

Memory Map of the image

  Image Entry point : 0x08000189

  Load Region LR_IROM1 (Base: 0x08000000, Size: 0x000091b8, Max: 0x00100000, ABSOLUTE, COMPRESSED[0x000089f0])

    Execution Region ER_IROM1 (Exec base: 0x08000000, Load base: 0x08000000, Size: 0x0000874c, Max: 0x00100000, ABSOLUTE)

    Exec Addr    Load Addr    Size         Type   Attr      Idx    E Section Name        Object

    0x08000000   0x08000000   0x00000188   Data   RO         2200    RESET               startup_stm32f407xx.o
    0x08000188   0x08000188   0x00000000   Code   RO         6452  * .ARM.Collect$$$$00000000  mc_w.l(entry.o)
    0x08000188   0x08000188   0x00000004   Code   RO         6494    .ARM.Collect$$$$00000001  mc_w.l(entry2.o)
    0x0800018c   0x0800018c   0x00000004   Code   RO         6497    .ARM.Collect$$$$00000004  mc_w.l(entry5.o)
    0x08000190   0x08000190   0x00000000   Code   RO         6499    .ARM.Collect$$$$00000008  mc_w.l(entry7b.o)
    0x08000190   0x08000190   0x00000000   Code   RO         6501    .ARM.Collect$$$$0000000A  mc_w.l(entry8b.o)
    0x08000190   0x08000190   0x00000008   Code   RO         6502    .ARM.Collect$$$$0000000B  mc_w.l(entry9a.o)
    0x08000198   0x08000198   0x00000004   Code   RO         6509    .ARM.Collect$$$$0000000E  mc_w.l(entry12b.o)
    0x0800019c   0x0800019c   0x00000000   Code   RO         6504    .ARM.Collect$$$$0000000F  mc_w.l(entry10a.o)
    0x0800019c   0x0800019c   0x00000000   Code   RO         6506    .ARM.Collect$$$$00000011  mc_w.l(entry11a.o)
    0x0800019c   0x0800019c   0x00000004   Code   RO         6495    .ARM.Collect$$$$00002712  mc_w.l(entry2.o)
    0x080001a0   0x080001a0   0x000000be   Code   RO         5146    .emb_text           port.o
    0x0800025e   0x0800025e   0x00000002   PAD
    0x08000260   0x08000260   0x00000024   Code   RO         2201    .text               startup_stm32f407xx.o
    0x08000284   0x08000284   0x00000078   Code   RO         6218    .text               arm_cortexM4lf_math.lib(arm_cos_f32.o)
    0x080002fc   0x080002fc   0x00000074   Code   RO         6271    .text               arm_cortexM4lf_math.lib(arm_sin_f32.o)
    0x08000370   0x08000370   0x00000024   Code   RO         6455    .text               mc_w.l(memcpya.o)
    0x08000394   0x08000394   0x00000024   Code   RO         6457    .text               mc_w.l(memseta.o)
    0x080003b8   0x080003b8   0x00000000   Code   RO         6521    .text               mc_w.l(iusefp.o)
    0x080003b8   0x080003b8   0x00000024   Code   RO         6528    .text               mc_w.l(init.o)
    0x080003dc   0x080003dc   0x00000056   Code   RO         6540    .text               mc_w.l(__dczerorl2.o)
    0x08000432   0x08000432   0x00000018   Code   RO         1261    i.AHRS_asinf        ahrs_middleware.o
    0x0800044a   0x0800044a   0x00000020   Code   RO         1262    i.AHRS_atan2f       ahrs_middleware.o
    0x0800046a   0x0800046a   0x00000018   Code   RO         1263    i.AHRS_cosf         ahrs_middleware.o
    0x08000482   0x08000482   0x0000001a   Code   RO         6128    i.AHRS_fabs         AHRS.lib(ahrs.o)
    0x0800049c   0x0800049c   0x00000010   Code   RO         1264    i.AHRS_get_height   ahrs_middleware.o
    0x080004ac   0x080004ac   0x0000000c   Code   RO         1265    i.AHRS_get_latitude  ahrs_middleware.o
    0x080004b8   0x080004b8   0x0000029c   Code   RO         6129    i.AHRS_init         AHRS.lib(ahrs.o)
    0x08000754   0x08000754   0x00000024   Code   RO         1266    i.AHRS_invSqrt      ahrs_middleware.o
    0x08000778   0x08000778   0x00000018   Code   RO         1267    i.AHRS_sinf         ahrs_middleware.o
    0x08000790   0x08000790   0x0000013a   Code   RO         6130    i.AHRS_update       AHRS.lib(ahrs.o)
    0x080008ca   0x080008ca   0x00000002   PAD
    0x080008cc   0x080008cc   0x00000010   Code   RO         1711    i.BMI088_ACCEL_NS_H  bmi088middleware.o
    0x080008dc   0x080008dc   0x00000010   Code   RO         1712    i.BMI088_ACCEL_NS_L  bmi088middleware.o
    0x080008ec   0x080008ec   0x00000010   Code   RO         1713    i.BMI088_GYRO_NS_H  bmi088middleware.o
    0x080008fc   0x080008fc   0x00000010   Code   RO         1714    i.BMI088_GYRO_NS_L  bmi088middleware.o
    0x0800090c   0x0800090c   0x00000020   Code   RO         1641    i.BMI088_Offset_Cali  bmi088.o
    0x0800092c   0x0800092c   0x0000001a   Code   RO         1715    i.BMI088_delay_ms   bmi088middleware.o
    0x08000946   0x08000946   0x0000004a   Code   RO         1716    i.BMI088_delay_us   bmi088middleware.o
    0x08000990   0x08000990   0x0000001e   Code   RO         1642    i.BMI088_init       bmi088.o
    0x080009ae   0x080009ae   0x00000002   PAD
    0x080009b0   0x080009b0   0x000001f8   Code   RO         1643    i.BMI088_read       bmi088.o
    0x08000ba8   0x08000ba8   0x00000026   Code   RO         1644    i.BMI088_read_muli_reg  bmi088.o
    0x08000bce   0x08000bce   0x00000018   Code   RO         1645    i.BMI088_read_single_reg  bmi088.o
    0x08000be6   0x08000be6   0x00000010   Code   RO         1717    i.BMI088_read_write_byte  bmi088middleware.o
    0x08000bf6   0x08000bf6   0x00000014   Code   RO         1646    i.BMI088_write_single_reg  bmi088.o
    0x08000c0a   0x08000c0a   0x00000008   Code   RO            5    i.Bsp_Init          main.o
    0x08000c12   0x08000c12   0x00000002   PAD
    0x08000c14   0x08000c14   0x00000060   Code   RO          939    i.CAN1_RX0_IRQHandler  can.o
    0x08000c74   0x08000c74   0x0000003c   Code   RO          941    i.CAN2_RX0_IRQHandler  can.o
    0x08000cb0   0x08000cb0   0x000000f0   Code   RO         2518    i.CAN_Receive       stm32f4xx_can.o
    0x08000da0   0x08000da0   0x00000126   Code   RO         2523    i.CAN_Transmit      stm32f4xx_can.o
    0x08000ec6   0x08000ec6   0x00000018   Code   RO          340    i.CHASSIS_TASK      chassis_task.o
    0x08000ede   0x08000ede   0x00000018   Code   RO          532    i.COVER_TASK        cover_task.o
    0x08000ef6   0x08000ef6   0x00000002   PAD
    0x08000ef8   0x08000ef8   0x00000278   Code   RO          643    i.DBUS_TASK         dbus_task.o
    0x08001170   0x08001170   0x00000030   Code   RO          987    i.DMA2_Stream6_IRQHandler  uart.o
    0x080011a0   0x080011a0   0x00000030   Code   RO          988    i.DMA2_Stream7_IRQHandler  uart.o
    0x080011d0   0x080011d0   0x00000034   Code   RO         2669    i.DMA_ClearFlag     stm32f4xx_dma.o
    0x08001204   0x08001204   0x00000034   Code   RO         2670    i.DMA_ClearITPendingBit  stm32f4xx_dma.o
    0x08001238   0x08001238   0x00000016   Code   RO         2671    i.DMA_Cmd           stm32f4xx_dma.o
    0x0800124e   0x0800124e   0x00000002   PAD
    0x08001250   0x08001250   0x00000158   Code   RO         2672    i.DMA_DeInit        stm32f4xx_dma.o
    0x080013a8   0x080013a8   0x00000016   Code   RO         2673    i.DMA_DoubleBufferModeCmd  stm32f4xx_dma.o
    0x080013be   0x080013be   0x00000018   Code   RO         2674    i.DMA_DoubleBufferModeConfig  stm32f4xx_dma.o
    0x080013d6   0x080013d6   0x00000008   Code   RO         2677    i.DMA_GetCurrDataCounter  stm32f4xx_dma.o
    0x080013de   0x080013de   0x00000014   Code   RO         2678    i.DMA_GetCurrentMemoryTarget  stm32f4xx_dma.o
    0x080013f2   0x080013f2   0x00000002   PAD
    0x080013f4   0x080013f4   0x00000064   Code   RO         2681    i.DMA_GetITStatus   stm32f4xx_dma.o
    0x08001458   0x08001458   0x00000058   Code   RO         2683    i.DMA_Init          stm32f4xx_dma.o
    0x080014b0   0x080014b0   0x00000004   Code   RO         2686    i.DMA_SetCurrDataCounter  stm32f4xx_dma.o
    0x080014b4   0x080014b4   0x00000044   Code   RO          267    i.Delay_init        freertos_init.o
    0x080014f8   0x080014f8   0x0000000a   Code   RO         1087    i.EXTI3_IRQHandler  gpio.o
    0x08001502   0x08001502   0x0000000a   Code   RO         1088    i.EXTI4_IRQHandler  gpio.o
    0x0800150c   0x0800150c   0x0000000a   Code   RO         1089    i.EXTI9_5_IRQHandler  gpio.o
    0x08001516   0x08001516   0x00000002   PAD
    0x08001518   0x08001518   0x0000000c   Code   RO         2802    i.EXTI_ClearITPendingBit  stm32f4xx_exti.o
    0x08001524   0x08001524   0x00000038   Code   RO          268    i.FreeRTOS_Init     freertos_init.o
    0x0800155c   0x0800155c   0x000000f4   Code   RO          428    i.GIMBAL_TASK       gimbal_task.o
    0x08001650   0x08001650   0x00000090   Code   RO         3126    i.GPIO_Init         stm32f4xx_gpio.o
    0x080016e0   0x080016e0   0x00000046   Code   RO         3127    i.GPIO_PinAFConfig  stm32f4xx_gpio.o
    0x08001726   0x08001726   0x00000004   Code   RO         3133    i.GPIO_ResetBits    stm32f4xx_gpio.o
    0x0800172a   0x0800172a   0x00000004   Code   RO         3134    i.GPIO_SetBits      stm32f4xx_gpio.o
    0x0800172e   0x0800172e   0x0000001a   Code   RO            7    i.Gimbal_System_Init  main.o
    0x08001748   0x08001748   0x00000320   Code   RO          686    i.IMU_TASK          imu_task.o
    0x08001a68   0x08001a68   0x00000680   Code   RO          687    i.IMU_getValues     imu_task.o
    0x080020e8   0x080020e8   0x00000078   Code   RO         2208    i.NVIC_Init         misc.o
    0x08002160   0x08002160   0x00000014   Code   RO         2209    i.NVIC_PriorityGroupConfig  misc.o
    0x08002174   0x08002174   0x0000023c   Code   RO          817    i.PID_Calculating   pid.o
    0x080023b0   0x080023b0   0x000000c0   Code   RO          818    i.PID_Init          pid.o
    0x08002470   0x08002470   0x00000056   Code   RO          819    i.PID_Init_ByParamArray  pid.o
    0x080024c6   0x080024c6   0x00000038   Code   RO          820    i.PID_Parameter_Init  pid.o
    0x080024fe   0x080024fe   0x00000002   PAD
    0x08002500   0x08002500   0x0000004c   Code   RO          821    i.PID_Reset         pid.o
    0x0800254c   0x0800254c   0x000001f0   Code   RO          899    i.PID_calc          temp_pid.o
    0x0800273c   0x0800273c   0x00000060   Code   RO          901    i.PID_init          temp_pid.o
    0x0800279c   0x0800279c   0x00000020   Code   RO         3281    i.RCC_AHB1PeriphClockCmd  stm32f4xx_rcc.o
    0x080027bc   0x080027bc   0x00000020   Code   RO         3290    i.RCC_APB1PeriphClockCmd  stm32f4xx_rcc.o
    0x080027dc   0x080027dc   0x00000020   Code   RO         3292    i.RCC_APB1PeriphResetCmd  stm32f4xx_rcc.o
    0x080027fc   0x080027fc   0x00000020   Code   RO         3295    i.RCC_APB2PeriphResetCmd  stm32f4xx_rcc.o
    0x0800281c   0x0800281c   0x000000e8   Code   RO         3302    i.RCC_GetClocksFreq  stm32f4xx_rcc.o
    0x08002904   0x08002904   0x00000150   Code   RO         1199    i.RC_Init           rc.o
    0x08002a54   0x08002a54   0x000000da   Code   RO         1202    i.SBUS_TO_RC        rc.o
    0x08002b2e   0x08002b2e   0x00000002   PAD
    0x08002b30   0x08002b30   0x00000040   Code   RO          482    i.SHOOT_TASK        shoot_task.o
    0x08002b70   0x08002b70   0x00000058   Code   RO         1052    i.SPI1_ReadWriteByte  spi.o
    0x08002bc8   0x08002bc8   0x00000028   Code   RO         1053    i.SPI1_SetSpeed     spi.o
    0x08002bf0   0x08002bf0   0x00000018   Code   RO         3619    i.SPI_Cmd           stm32f4xx_spi.o
    0x08002c08   0x08002c08   0x00000012   Code   RO         3627    i.SPI_I2S_GetFlagStatus  stm32f4xx_spi.o
    0x08002c1a   0x08002c1a   0x00000006   Code   RO         3630    i.SPI_I2S_ReceiveData  stm32f4xx_spi.o
    0x08002c20   0x08002c20   0x00000004   Code   RO         3631    i.SPI_I2S_SendData  stm32f4xx_spi.o
    0x08002c24   0x08002c24   0x00000034   Code   RO          736    i.SYSTEMSTATE_TASK  systemstate_task.o
    0x08002c58   0x08002c58   0x000000ec   Code   RO         4668    i.SetSysClock       system_stm32f4xx.o
    0x08002d44   0x08002d44   0x00000028   Code   RO         2212    i.SysTick_CLKSourceConfig  misc.o
    0x08002d6c   0x08002d6c   0x00000034   Code   RO         5147    i.SysTick_Handler   port.o
    0x08002da0   0x08002da0   0x00000068   Code   RO         4670    i.SystemInit        system_stm32f4xx.o
    0x08002e08   0x08002e08   0x00000168   Code   RO          269    i.System_Start_Task  freertos_init.o
    0x08002f70   0x08002f70   0x00000004   Code   RO         3919    i.TIM_SetCompare1   stm32f4xx_tim.o
    0x08002f74   0x08002f74   0x000000f8   Code   RO         1203    i.USART3_IRQHandler  rc.o
    0x0800306c   0x0800306c   0x00000034   Code   RO          989    i.USART6_IRQHandler  uart.o
    0x080030a0   0x080030a0   0x00000012   Code   RO         4407    i.USART_ClearFlag   stm32f4xx_usart.o
    0x080030b2   0x080030b2   0x00000018   Code   RO         4411    i.USART_Cmd         stm32f4xx_usart.o
    0x080030ca   0x080030ca   0x00000012   Code   RO         4412    i.USART_DMACmd      stm32f4xx_usart.o
    0x080030dc   0x080030dc   0x000000f0   Code   RO         4413    i.USART_DeInit      stm32f4xx_usart.o
    0x080031cc   0x080031cc   0x00000054   Code   RO         4415    i.USART_GetITStatus  stm32f4xx_usart.o
    0x08003220   0x08003220   0x0000004a   Code   RO         4417    i.USART_ITConfig    stm32f4xx_usart.o
    0x0800326a   0x0800326a   0x00000002   PAD
    0x0800326c   0x0800326c   0x000000d4   Code   RO         4418    i.USART_Init        stm32f4xx_usart.o
    0x08003340   0x08003340   0x0000000a   Code   RO         4425    i.USART_ReceiveData  stm32f4xx_usart.o
    0x0800334a   0x0800334a   0x00000002   PAD
    0x0800334c   0x0800334c   0x00000384   Code   RO          572    i.VISION_TASK       vision_task.o
    0x080036d0   0x080036d0   0x000001f4   Code   RO         1916    i.Vision_Check_Data  vision.o
    0x080038c4   0x080038c4   0x00000026   Code   RO         6475    i.__ARM_fpclassifyf  m_wm.l(fpclassifyf.o)
    0x080038ea   0x080038ea   0x00000002   PAD
    0x080038ec   0x080038ec   0x0000012c   Code   RO         6386    i.__hardfp_asinf    m_wm.l(asinf.o)
    0x08003a18   0x08003a18   0x000002ac   Code   RO         6398    i.__hardfp_atan2f   m_wm.l(atan2f.o)
    0x08003cc4   0x08003cc4   0x0000003a   Code   RO         6434    i.__hardfp_sqrtf    m_wm.l(sqrtf_full.o)
    0x08003cfe   0x08003cfe   0x00000006   Code   RO         6478    i.__mathlib_flt_infnan  m_wm.l(funder.o)
    0x08003d04   0x08003d04   0x00000006   Code   RO         6479    i.__mathlib_flt_infnan2  m_wm.l(funder.o)
    0x08003d0a   0x08003d0a   0x00000002   PAD
    0x08003d0c   0x08003d0c   0x00000010   Code   RO         6480    i.__mathlib_flt_invalid  m_wm.l(funder.o)
    0x08003d1c   0x08003d1c   0x00000010   Code   RO         6483    i.__mathlib_flt_underflow  m_wm.l(funder.o)
    0x08003d2c   0x08003d2c   0x0000000e   Code   RO         6534    i.__scatterload_copy  mc_w.l(handlers.o)
    0x08003d3a   0x08003d3a   0x00000002   Code   RO         6535    i.__scatterload_null  mc_w.l(handlers.o)
    0x08003d3c   0x08003d3c   0x0000000e   Code   RO         6536    i.__scatterload_zeroinit  mc_w.l(handlers.o)
    0x08003d4a   0x08003d4a   0x00000002   PAD
    0x08003d4c   0x08003d4c   0x0000000c   Code   RO         6516    i.__set_errno       mc_w.l(errno.o)
    0x08003d58   0x08003d58   0x000001d0   Code   RO         6131    i.accel_comple_filter  AHRS.lib(ahrs.o)
    0x08003f28   0x08003f28   0x0000018c   Code   RO         6132    i.accel_update_kp_ki  AHRS.lib(ahrs.o)
    0x080040b4   0x080040b4   0x0000016c   Code   RO         6133    i.angle_to_quat     AHRS.lib(ahrs.o)
    0x08004220   0x08004220   0x000000c0   Code   RO         1979    i.arm_mat_add_f32   arm_mat_add_f32.o
    0x080042e0   0x080042e0   0x00000008   Code   RO         2033    i.arm_mat_init_f32  arm_mat_init_f32.o
    0x080042e8   0x080042e8   0x00000310   Code   RO         2057    i.arm_mat_inverse_f32  arm_mat_inverse_f32.o
    0x080045f8   0x080045f8   0x00000144   Code   RO         2105    i.arm_mat_mult_f32  arm_mat_mult_f32.o
    0x0800473c   0x0800473c   0x000000c0   Code   RO         2177    i.arm_mat_sub_f32   arm_mat_sub_f32.o
    0x080047fc   0x080047fc   0x00000098   Code   RO         2153    i.arm_mat_trans_f32  arm_mat_trans_f32.o
    0x08004894   0x08004894   0x00000128   Code   RO         1647    i.bmi088_accel_init  bmi088.o
    0x080049bc   0x080049bc   0x000000f4   Code   RO         1648    i.bmi088_gyro_init  bmi088.o
    0x08004ab0   0x08004ab0   0x00000098   Code   RO          341    i.chassis_Ctrl      chassis_task.o
    0x08004b48   0x08004b48   0x00000014   Code   RO          342    i.chassis_Mode_Handoff  chassis_task.o
    0x08004b5c   0x08004b5c   0x00000014   Code   RO          343    i.chassis_State_Handoff  chassis_task.o
    0x08004b70   0x08004b70   0x00000034   Code   RO          533    i.cover_Ctrl        cover_task.o
    0x08004ba4   0x08004ba4   0x00000014   Code   RO          534    i.cover_State_Handoff  cover_task.o
    0x08004bb8   0x08004bb8   0x00000040   Code   RO          270    i.delay_ms          freertos_init.o
    0x08004bf8   0x08004bf8   0x00000048   Code   RO          271    i.delay_us          freertos_init.o
    0x08004c40   0x08004c40   0x000000fc   Code   RO         1880    i.encoder2Angle     motor.o
    0x08004d3c   0x08004d3c   0x000000b8   Code   RO         1881    i.get_Motor_Data    motor.o
    0x08004df4   0x08004df4   0x000000e8   Code   RO         6134    i.get_angle         AHRS.lib(ahrs.o)
    0x08004edc   0x08004edc   0x000000a0   Code   RO          573    i.get_armor_speed   vision_task.o
    0x08004f7c   0x08004f7c   0x00000080   Code   RO          574    i.get_delta_time    vision_task.o
    0x08004ffc   0x08004ffc   0x0000012c   Code   RO          575    i.get_measurement   vision_task.o
    0x08005128   0x08005128   0x000003a8   Code   RO          429    i.gimbal_Posture_Ctrl  gimbal_task.o
    0x080054d0   0x080054d0   0x0000004c   Code   RO          430    i.gimbal_State_Handoff  gimbal_task.o
    0x0800551c   0x0800551c   0x0000012c   Code   RO          688    i.imu_cali_slove    imu_task.o
    0x08005648   0x08005648   0x000000ac   Code   RO          689    i.imu_temp_control  imu_task.o
    0x080056f4   0x080056f4   0x00000156   Code   RO          777    i.kalman_filter_calc  filter.o
    0x0800584a   0x0800584a   0x000000e0   Code   RO          778    i.kalman_filter_init  filter.o
    0x0800592a   0x0800592a   0x00000008   Code   RO            8    i.main              main.o
    0x08005932   0x08005932   0x00000002   PAD
    0x08005934   0x08005934   0x00000038   Code   RO          990    i.myprintf          uart.o
    0x0800596c   0x0800596c   0x00000098   Code   RO         5594    i.prvAddCurrentTaskToDelayedList  tasks.o
    0x08005a04   0x08005a04   0x000000b8   Code   RO         5595    i.prvAddNewTaskToReadyList  tasks.o
    0x08005abc   0x08005abc   0x00000064   Code   RO         5946    i.prvCheckForValidListAndQueue  timers.o
    0x08005b20   0x08005b20   0x00000048   Code   RO         5596    i.prvCheckTasksWaitingTermination  tasks.o
    0x08005b68   0x08005b68   0x0000002a   Code   RO         5376    i.prvCopyDataFromQueue  queue.o
    0x08005b92   0x08005b92   0x0000007e   Code   RO         5377    i.prvCopyDataToQueue  queue.o
    0x08005c10   0x08005c10   0x00000012   Code   RO         5597    i.prvDeleteTCB      tasks.o
    0x08005c22   0x08005c22   0x00000002   PAD
    0x08005c24   0x08005c24   0x00000028   Code   RO         5947    i.prvGetNextExpireTime  timers.o
    0x08005c4c   0x08005c4c   0x0000007c   Code   RO         5072    i.prvHeapInit       heap_4.o
    0x08005cc8   0x08005cc8   0x00000028   Code   RO         5598    i.prvIdleTask       tasks.o
    0x08005cf0   0x08005cf0   0x0000002a   Code   RO         5380    i.prvInitialiseNewQueue  queue.o
    0x08005d1a   0x08005d1a   0x000000be   Code   RO         5599    i.prvInitialiseNewTask  tasks.o
    0x08005dd8   0x08005dd8   0x00000068   Code   RO         5600    i.prvInitialiseTaskLists  tasks.o
    0x08005e40   0x08005e40   0x00000068   Code   RO         5073    i.prvInsertBlockIntoFreeList  heap_4.o
    0x08005ea8   0x08005ea8   0x00000058   Code   RO         5949    i.prvInsertTimerInActiveList  timers.o
    0x08005f00   0x08005f00   0x0000001a   Code   RO         5381    i.prvIsQueueEmpty   queue.o
    0x08005f1a   0x08005f1a   0x0000001e   Code   RO         5382    i.prvIsQueueFull    queue.o
    0x08005f38   0x08005f38   0x00000074   Code   RO         5950    i.prvProcessExpiredTimer  timers.o
    0x08005fac   0x08005fac   0x00000138   Code   RO         5951    i.prvProcessReceivedCommands  timers.o
    0x080060e4   0x080060e4   0x00000074   Code   RO         5952    i.prvProcessTimerOrBlockTask  timers.o
    0x08006158   0x08006158   0x00000034   Code   RO         5602    i.prvResetNextTaskUnblockTime  tasks.o
    0x0800618c   0x0800618c   0x0000002c   Code   RO         5953    i.prvSampleTimeNow  timers.o
    0x080061b8   0x080061b8   0x000000a4   Code   RO         5954    i.prvSwitchTimerLists  timers.o
    0x0800625c   0x0800625c   0x00000040   Code   RO         5148    i.prvTaskExitError  port.o
    0x0800629c   0x0800629c   0x0000001a   Code   RO         5955    i.prvTimerTask      timers.o
    0x080062b6   0x080062b6   0x0000007e   Code   RO         5383    i.prvUnlockQueue    queue.o
    0x08006334   0x08006334   0x0000013c   Code   RO         5074    i.pvPortMalloc      heap_4.o
    0x08006470   0x08006470   0x0000002c   Code   RO         5149    i.pxPortInitialiseStack  port.o
    0x0800649c   0x0800649c   0x00000084   Code   RO         6139    i.quat_normalization  AHRS.lib(ahrs.o)
    0x08006520   0x08006520   0x00000068   Code   RO          859    i.ramp_Float        assist.o
    0x08006588   0x08006588   0x00000014   Code   RO         1204    i.remote_control_init  rc.o
    0x0800659c   0x0800659c   0x00000240   Code   RO          576    i.send2uart1        vision_task.o
    0x080067dc   0x080067dc   0x00000068   Code   RO          483    i.shoot_State_Handoff  shoot_task.o
    0x08006844   0x08006844   0x0000003e   Code   RO         6436    i.sqrtf             m_wm.l(sqrtf_full.o)
    0x08006882   0x08006882   0x00000002   PAD
    0x08006884   0x08006884   0x000001dc   Code   RO          484    i.trigger_Ctrl      shoot_task.o
    0x08006a60   0x08006a60   0x00000002   Code   RO          485    i.trigger_Stall_Handle  shoot_task.o
    0x08006a62   0x08006a62   0x0000007a   Code   RO         6140    i.update_w          AHRS.lib(ahrs.o)
    0x08006adc   0x08006adc   0x00000028   Code   RO         5336    i.uxListRemove      list.o
    0x08006b04   0x08006b04   0x0000001a   Code   RO         5337    i.vListInitialise   list.o
    0x08006b1e   0x08006b1e   0x00000006   Code   RO         5338    i.vListInitialiseItem  list.o
    0x08006b24   0x08006b24   0x00000034   Code   RO         5339    i.vListInsert       list.o
    0x08006b58   0x08006b58   0x00000018   Code   RO         5340    i.vListInsertEnd    list.o
    0x08006b70   0x08006b70   0x00000054   Code   RO         5151    i.vPortEnterCritical  port.o
    0x08006bc4   0x08006bc4   0x0000003c   Code   RO         5152    i.vPortExitCritical  port.o
    0x08006c00   0x08006c00   0x00000094   Code   RO         5075    i.vPortFree         heap_4.o
    0x08006c94   0x08006c94   0x00000028   Code   RO         5153    i.vPortSetupTimerInterrupt  port.o
    0x08006cbc   0x08006cbc   0x00000078   Code   RO         5154    i.vPortValidateInterruptPriority  port.o
    0x08006d34   0x08006d34   0x0000002c   Code   RO         5389    i.vQueueAddToRegistry  queue.o
    0x08006d60   0x08006d60   0x0000004a   Code   RO         5393    i.vQueueWaitForMessageRestricted  queue.o
    0x08006daa   0x08006daa   0x00000002   PAD
    0x08006dac   0x08006dac   0x0000005c   Code   RO         5613    i.vTaskDelay        tasks.o
    0x08006e08   0x08006e08   0x000000d4   Code   RO         5614    i.vTaskDelayUntil   tasks.o
    0x08006edc   0x08006edc   0x000000f4   Code   RO         5615    i.vTaskDelete       tasks.o
    0x08006fd0   0x08006fd0   0x00000018   Code   RO         5618    i.vTaskInternalSetTimeOutState  tasks.o
    0x08006fe8   0x08006fe8   0x0000000c   Code   RO         5619    i.vTaskMissedYield  tasks.o
    0x08006ff4   0x08006ff4   0x00000038   Code   RO         5621    i.vTaskPlaceOnEventList  tasks.o
    0x0800702c   0x0800702c   0x00000040   Code   RO         5622    i.vTaskPlaceOnEventListRestricted  tasks.o
    0x0800706c   0x0800706c   0x00000094   Code   RO         5630    i.vTaskStartScheduler  tasks.o
    0x08007100   0x08007100   0x00000010   Code   RO         5632    i.vTaskSuspendAll   tasks.o
    0x08007110   0x08007110   0x0000008c   Code   RO         5633    i.vTaskSwitchContext  tasks.o
    0x0800719c   0x0800719c   0x00000170   Code   RO          486    i.wheel_Ctrl        shoot_task.o
    0x0800730c   0x0800730c   0x00000168   Code   RO         5155    i.xPortStartScheduler  port.o
    0x08007474   0x08007474   0x0000005a   Code   RO         5396    i.xQueueGenericCreate  queue.o
    0x080074ce   0x080074ce   0x00000002   PAD
    0x080074d0   0x080074d0   0x00000098   Code   RO         5397    i.xQueueGenericReset  queue.o
    0x08007568   0x08007568   0x000001a8   Code   RO         5398    i.xQueueGenericSend  queue.o
    0x08007710   0x08007710   0x000000f8   Code   RO         5399    i.xQueueGenericSendFromISR  queue.o
    0x08007808   0x08007808   0x00000168   Code   RO         5406    i.xQueueReceive     queue.o
    0x08007970   0x08007970   0x0000008c   Code   RO         5634    i.xTaskCheckForTimeOut  tasks.o
    0x080079fc   0x080079fc   0x00000060   Code   RO         5635    i.xTaskCreate       tasks.o
    0x08007a5c   0x08007a5c   0x00000020   Code   RO         5639    i.xTaskGetSchedulerState  tasks.o
    0x08007a7c   0x08007a7c   0x0000000c   Code   RO         5640    i.xTaskGetTickCount  tasks.o
    0x08007a88   0x08007a88   0x00000148   Code   RO         5642    i.xTaskIncrementTick  tasks.o
    0x08007bd0   0x08007bd0   0x000000c8   Code   RO         5645    i.xTaskPriorityDisinherit  tasks.o
    0x08007c98   0x08007c98   0x00000098   Code   RO         5647    i.xTaskRemoveFromEventList  tasks.o
    0x08007d30   0x08007d30   0x00000104   Code   RO         5648    i.xTaskResumeAll    tasks.o
    0x08007e34   0x08007e34   0x00000058   Code   RO         5962    i.xTimerCreateTimerTask  timers.o
    0x08007e8c   0x08007e8c   0x00000084   Code   RO         5963    i.xTimerGenericCommand  timers.o
    0x08007f10   0x08007f10   0x0000000c   Data   RO          691    .constdata          imu_task.o
    0x08007f1c   0x08007f1c   0x0000000c   Data   RO         6141    .constdata          AHRS.lib(ahrs.o)
    0x08007f28   0x08007f28   0x00000804   Data   RO         6351    .constdata          arm_cortexM4lf_math.lib(arm_common_tables.o)
    0x0800872c   0x0800872c   0x00000020   Data   RO         6532    Region$$Table       anon$$obj.o


    Execution Region RW_IRAM1 (Exec base: 0x20000000, Load base: 0x0800874c, Size: 0x00016568, Max: 0x00020000, ABSOLUTE, COMPRESSED[0x000002a4])

    Exec Addr    Load Addr    Size         Type   Attr      Idx    E Section Name        Object

    0x20000000   COMPRESSED   0x00000028   Data   RW          273    .data               freertos_init.o
    0x20000028   COMPRESSED   0x0000001c   Data   RW          344    .data               chassis_task.o
    0x20000044   COMPRESSED   0x000000c4   Data   RW          431    .data               gimbal_task.o
    0x20000108   COMPRESSED   0x000001b5   Data   RW          487    .data               shoot_task.o
    0x200002bd   COMPRESSED   0x00000003   PAD
    0x200002c0   COMPRESSED   0x00000008   Data   RW          535    .data               cover_task.o
    0x200002c8   COMPRESSED   0x000001e8   Data   RW          578    .data               vision_task.o
    0x200004b0   COMPRESSED   0x000001e9   Data   RW          692    .data               imu_task.o
    0x20000699   COMPRESSED   0x00000003   PAD
    0x2000069c   COMPRESSED   0x00000008   Data   RW          737    .data               systemstate_task.o
    0x200006a4   COMPRESSED   0x000000b8   Data   RW          943    .data               can.o
    0x2000075c   COMPRESSED   0x00000002   Data   RW         1206    .data               rc.o
    0x2000075e   COMPRESSED   0x00000002   PAD
    0x20000760   COMPRESSED   0x00000034   Data   RW         1650    .data               bmi088.o
    0x20000794   COMPRESSED   0x00000208   Data   RW         1883    .data               motor.o
    0x2000099c   COMPRESSED   0x00000024   Data   RW         1918    .data               vision.o
    0x200009c0   COMPRESSED   0x00000010   Data   RW         3333    .data               stm32f4xx_rcc.o
    0x200009d0   COMPRESSED   0x00000014   Data   RW         4671    .data               system_stm32f4xx.o
    0x200009e4   COMPRESSED   0x00000018   Data   RW         5080    .data               heap_4.o
    0x200009fc   COMPRESSED   0x0000000c   Data   RW         5156    .data               port.o
    0x20000a08   COMPRESSED   0x0000003c   Data   RW         5651    .data               tasks.o
    0x20000a44   COMPRESSED   0x00000014   Data   RW         5969    .data               timers.o
    0x20000a58   COMPRESSED   0x00000010   Data   RW         6142    .data               AHRS.lib(ahrs.o)
    0x20000a68   COMPRESSED   0x00000004   Data   RW         6517    .data               mc_w.l(errno.o)
    0x20000a6c        -       0x000000e8   Zero   RW          577    .bss                vision_task.o
    0x20000b54        -       0x00000b90   Zero   RW          690    .bss                imu_task.o
    0x200016e4        -       0x00000028   Zero   RW          942    .bss                can.o
    0x2000170c        -       0x00000026   Zero   RW          993    .bss                uart.o
    0x20001732        -       0x00000062   Zero   RW         1205    .bss                rc.o
    0x20001794        -       0x0000003c   Zero   RW         1649    .bss                bmi088.o
    0x200017d0        -       0x00000028   Zero   RW         1882    .bss                motor.o
    0x200017f8        -       0x00000040   Zero   RW         1917    .bss                vision.o
    0x20001838        -       0x00012c00   Zero   RW         5079    .bss                heap_4.o
    0x20014438        -       0x00000040   Zero   RW         5410    .bss                queue.o
    0x20014478        -       0x000000c8   Zero   RW         5650    .bss                tasks.o
    0x20014540        -       0x00000028   Zero   RW         5968    .bss                timers.o
    0x20014568        -       0x00002000   Zero   RW         2198    STACK               startup_stm32f407xx.o


==============================================================================

Image component sizes


      Code (inc. data)   RO Data    RW Data    ZI Data      Debug   Object Name

       168          4          0          0          0       5452   ahrs_middleware.o
       192          0          0          0          0      14702   arm_mat_add_f32.o
         8          0          0          0          0        987   arm_mat_init_f32.o
       784          6          0          0          0       2622   arm_mat_inverse_f32.o
       324          4          0          0          0       1611   arm_mat_mult_f32.o
       192          0          0          0          0       1386   arm_mat_sub_f32.o
       152          0          0          0          0       1280   arm_mat_trans_f32.o
       104          6          0          0          0        717   assist.o
      1188         28          0         52         60       9569   bmi088.o
       180         16          0          0          0       4075   bmi088middleware.o
       156         38          0        184         40       1770   can.o
       216         22          0         28          0       7359   chassis_task.o
        96         16          0          8          0       2233   cover_task.o
       632         26          0          0          0        916   dbus_task.o
         0          0          0          0          0       8208   event_groups.o
       566          0          0          0          0       3382   filter.o
       620        222          0         40          0       3797   freertos_init.o
      1256        104          0        196          0       6795   gimbal_task.o
        30          0          0          0          0       1515   gpio.o
       692         62          0         24      76800      14139   heap_4.o
      2936        236         12        489       2960       8224   imu_task.o
       148          0          0          0          0       3286   list.o
        42          0          0          0          0     343455   main.o
       180         24          0          0          0       2145   misc.o
       436         36          0        520         40       2890   motor.o
       982         22          0          0          0       4238   pid.o
      1014         92          0         12          0      11609   port.o
      1784         20          0          0         64      15890   queue.o
       822         50          0          2         98       6251   rc.o
      1014         82          0        437          0       4463   shoot_task.o
       128         10          0          0          0       1285   spi.o
        36          8        392          0       8192        816   startup_stm32f407xx.o
       534          0          0          0          0       2333   stm32f4xx_can.o
       736         72          0          0          0       8350   stm32f4xx_dma.o
        12          6          0          0          0        557   stm32f4xx_exti.o
       222          0          0          0          0       2963   stm32f4xx_gpio.o
       360         42          0         16          0       5316   stm32f4xx_rcc.o
        52          0          0          0          0       2967   stm32f4xx_spi.o
         4          0          0          0          0       1154   stm32f4xx_tim.o
       680         42          0          0          0       6270   stm32f4xx_usart.o
       340         32          0         20          0       1925   system_stm32f4xx.o
        52          4          0          8          0       1563   systemstate_task.o
      3040        402          0         60        200      26270   tasks.o
       592          8          0          0          0       2570   temp_pid.o
      1226        116          0         20         40      14423   timers.o
       204         40          0          0         38       2997   uart.o
       500         28          0         36         64       2786   vision.o
      2064        132          0        488        232       8691   vision_task.o

    ----------------------------------------------------------------------
     27726       2058        436       2648      88828     588202   Object Totals
         0          0         32          0          0          0   (incl. Generated)
        30          0          0          8          0          0   (incl. Padding)

    ----------------------------------------------------------------------

      Code (inc. data)   RO Data    RW Data    ZI Data      Debug   Library Member Name

      2718         84         12         16          0       9922   ahrs.o
         0          0       2052          0          0       4636   arm_common_tables.o
       120         12          0          0          0      16970   arm_cos_f32.o
       116         12          0          0          0        658   arm_sin_f32.o
       300         42          0          0          0        176   asinf.o
       684         90          0          0          0        208   atan2f.o
        38          0          0          0          0        116   fpclassifyf.o
        44         12          0          0          0        464   funder.o
       120          0          0          0          0        272   sqrtf_full.o
        86          0          0          0          0          0   __dczerorl2.o
         0          0          0          0          0          0   entry.o
         0          0          0          0          0          0   entry10a.o
         0          0          0          0          0          0   entry11a.o
         4          0          0          0          0          0   entry12b.o
         8          4          0          0          0          0   entry2.o
         4          0          0          0          0          0   entry5.o
         0          0          0          0          0          0   entry7b.o
         0          0          0          0          0          0   entry8b.o
         8          4          0          0          0          0   entry9a.o
        12          6          0          4          0         68   errno.o
        30          0          0          0          0          0   handlers.o
        36          8          0          0          0         68   init.o
         0          0          0          0          0          0   iusefp.o
        36          0          0          0          0         68   memcpya.o
        36          0          0          0          0        108   memseta.o

    ----------------------------------------------------------------------
      4410        274       2064         20          0      33734   Library Totals
        10          0          0          0          0          0   (incl. Padding)

    ----------------------------------------------------------------------

      Code (inc. data)   RO Data    RW Data    ZI Data      Debug   Library Name

      2718         84         12         16          0       9922   AHRS.lib
       236         24       2052          0          0      22264   arm_cortexM4lf_math.lib
      1186        144          0          0          0       1236   m_wm.l
       260         22          0          4          0        312   mc_w.l

    ----------------------------------------------------------------------
      4410        274       2064         20          0      33734   Library Totals

    ----------------------------------------------------------------------

==============================================================================


      Code (inc. data)   RO Data    RW Data    ZI Data      Debug   

     32136       2332       2500       2668      88828     601768   Grand Totals
     32136       2332       2500        676      88828     601768   ELF Image Totals (compressed)
     32136       2332       2500        676          0          0   ROM Totals

==============================================================================

    Total RO  Size (Code + RO Data)                34636 (  33.82kB)
    Total RW  Size (RW Data + ZI Data)             91496 (  89.35kB)
    Total ROM Size (Code + RO Data + RW Data)      35312 (  34.48kB)

==============================================================================

