Component: ARM Compiler 5.06 update 7 (build 960) Tool: armlink [4d3601]

==============================================================================

Section Cross References

    main.o(i.Algorithms_Init) refers to filter.o(i.KalmanCreate) for KalmanCreate
    main.o(i.Algorithms_Init) refers to rc.o(.bss) for KF_Mouse_X_Speed
    main.o(i.Bsp_Init) refers to gpio.o(i.gpio_Init) for gpio_Init
    main.o(i.Bsp_Init) refers to spi.o(i.SPI1_Init) for SPI1_Init
    main.o(i.Bsp_Init) refers to uart.o(i.uart1_Init) for uart1_Init
    main.o(i.Bsp_Init) refers to uart.o(i.uart2_Init) for uart2_Init
    main.o(i.Bsp_Init) refers to rc.o(i.remote_control_init) for remote_control_init
    main.o(i.Bsp_Init) refers to gpio.o(i.Beep_Init) for Beep_Init
    main.o(i.Bsp_Init) refers to tim.o(i.TIM1_PWM_Init) for TIM1_PWM_Init
    main.o(i.Bsp_Init) refers to can.o(i.CAN1_Init) for CAN1_Init
    main.o(i.Bsp_Init) refers to can.o(i.CAN2_Init) for CAN2_Init
    main.o(i.Device_Init) refers to gimbal_task.o(.data) for gimbal
    main.o(i.Device_Init) refers to shoot_task.o(.data) for shoot
    main.o(i.Gimbal_System_Init) refers to misc.o(i.NVIC_PriorityGroupConfig) for NVIC_PriorityGroupConfig
    main.o(i.Gimbal_System_Init) refers to freertos_init.o(i.Delay_init) for Delay_init
    main.o(i.Gimbal_System_Init) refers to main.o(i.Bsp_Init) for Bsp_Init
    main.o(i.Gimbal_System_Init) refers to main.o(i.Device_Init) for Device_Init
    main.o(i.Gimbal_System_Init) refers to main.o(i.Algorithms_Init) for Algorithms_Init
    main.o(i.Gimbal_System_Init) refers to stm32f4xx_rcc.o(i.RCC_GetClocksFreq) for RCC_GetClocksFreq
    main.o(i.Gimbal_System_Init) refers to freertos_init.o(i.FreeRTOS_Init) for FreeRTOS_Init
    main.o(i.Gimbal_System_Init) refers to main.o(.bss) for sys_clock
    main.o(i.main) refers to main.o(i.Gimbal_System_Init) for Gimbal_System_Init
    freertos_init.o(i.Delay_init) refers to misc.o(i.SysTick_CLKSourceConfig) for SysTick_CLKSourceConfig
    freertos_init.o(i.Delay_init) refers to freertos_init.o(.data) for fac_us
    freertos_init.o(i.FreeRTOS_Init) refers to tasks.o(i.xTaskCreate) for xTaskCreate
    freertos_init.o(i.FreeRTOS_Init) refers to tasks.o(i.vTaskStartScheduler) for vTaskStartScheduler
    freertos_init.o(i.FreeRTOS_Init) refers to freertos_init.o(.data) for SystemStart_Task_Handler
    freertos_init.o(i.FreeRTOS_Init) refers to freertos_init.o(i.System_Start_Task) for System_Start_Task
    freertos_init.o(i.System_Start_Task) refers to port.o(i.vPortEnterCritical) for vPortEnterCritical
    freertos_init.o(i.System_Start_Task) refers to tasks.o(i.xTaskCreate) for xTaskCreate
    freertos_init.o(i.System_Start_Task) refers to tasks.o(i.vTaskDelete) for vTaskDelete
    freertos_init.o(i.System_Start_Task) refers to port.o(i.vPortExitCritical) for vPortExitCritical
    freertos_init.o(i.System_Start_Task) refers to freertos_init.o(.data) for DBUS_Task_Handler
    freertos_init.o(i.System_Start_Task) refers to dbus_task.o(i.DBUS_TASK) for DBUS_TASK
    freertos_init.o(i.System_Start_Task) refers to systemstate_task.o(i.SYSTEMSTATE_TASK) for SYSTEMSTATE_TASK
    freertos_init.o(i.System_Start_Task) refers to gimbal_task.o(i.GIMBAL_TASK) for GIMBAL_TASK
    freertos_init.o(i.System_Start_Task) refers to chassis_task.o(i.CHASSIS_TASK) for CHASSIS_TASK
    freertos_init.o(i.System_Start_Task) refers to imu_task.o(i.IMU_TASK) for IMU_TASK
    freertos_init.o(i.System_Start_Task) refers to vision_task.o(i.VISION_TASK) for VISION_TASK
    freertos_init.o(i.System_Start_Task) refers to shoot_task.o(i.SHOOT_TASK) for SHOOT_TASK
    freertos_init.o(i.System_Start_Task) refers to cover_task.o(i.COVER_TASK) for COVER_TASK
    freertos_init.o(i.delay_ms) refers to tasks.o(i.xTaskGetSchedulerState) for xTaskGetSchedulerState
    freertos_init.o(i.delay_ms) refers to tasks.o(i.vTaskDelay) for vTaskDelay
    freertos_init.o(i.delay_ms) refers to freertos_init.o(i.delay_us) for delay_us
    freertos_init.o(i.delay_ms) refers to freertos_init.o(.data) for fac_ms
    freertos_init.o(i.delay_us) refers to freertos_init.o(.data) for fac_us
    freertos_init.o(i.delay_xms) refers to freertos_init.o(i.delay_us) for delay_us
    chassis_task.o(i.CHASSIS_TASK) refers to tasks.o(i.xTaskGetTickCount) for xTaskGetTickCount
    chassis_task.o(i.CHASSIS_TASK) refers to rc.o(i.Key_SHIFT) for Key_SHIFT
    chassis_task.o(i.CHASSIS_TASK) refers to rc.o(i.Key_C) for Key_C
    chassis_task.o(i.CHASSIS_TASK) refers to chassis_task.o(i.chassis_Ctrl) for chassis_Ctrl
    chassis_task.o(i.CHASSIS_TASK) refers to tasks.o(i.vTaskDelayUntil) for vTaskDelayUntil
    chassis_task.o(i.CHASSIS_TASK) refers to vision_task.o(.data) for IS_SENTRY_MODE
    chassis_task.o(i.CHASSIS_TASK) refers to cover_task.o(.data) for IF_COVER_OPEN
    chassis_task.o(i.CHASSIS_TASK) refers to shoot_task.o(.data) for IF_SHOOT_ENABLE
[...]
    accel_fliter_2                           0x20001678   Data          12  imu_task.o(.bss)
    accel_fliter_3                           0x20001684   Data          12  imu_task.o(.bss)
    .bss                                     0x20001708   Section       40  can.o(.bss)
    .bss                                     0x20001730   Section       36  uart.o(.bss)
    .bss                                     0x20001754   Section      544  rc.o(.bss)
    sliding_mouse_x                          0x20001884   Data         120  rc.o(.bss)
    sliding_mouse_y                          0x200018fc   Data         120  rc.o(.bss)
    .bss                                     0x20001974   Section       60  bmi088.o(.bss)
    .bss                                     0x200019b0   Section       56  motor.o(.bss)
    angle_Last                               0x200019c0   Data          20  motor.o(.bss)
    result_Encoder                           0x200019d4   Data          20  motor.o(.bss)
    .bss                                     0x200019e8   Section    76800  heap_4.o(.bss)
    ucHeap                                   0x200019e8   Data       76800  heap_4.o(.bss)
    .bss                                     0x200145e8   Section       64  queue.o(.bss)
    .bss                                     0x20014628   Section      200  tasks.o(.bss)
    pxReadyTasksLists                        0x20014628   Data         100  tasks.o(.bss)
    xDelayedTaskList1                        0x2001468c   Data          20  tasks.o(.bss)
    xDelayedTaskList2                        0x200146a0   Data          20  tasks.o(.bss)
    xPendingReadyList                        0x200146b4   Data          20  tasks.o(.bss)
    xTasksWaitingTermination                 0x200146c8   Data          20  tasks.o(.bss)
    xSuspendedTaskList                       0x200146dc   Data          20  tasks.o(.bss)
    .bss                                     0x200146f0   Section       40  timers.o(.bss)
    xActiveTimerList1                        0x200146f0   Data          20  timers.o(.bss)
    xActiveTimerList2                        0x20014704   Data          20  timers.o(.bss)
    STACK                                    0x20014718   Section     8192  startup_stm32f407xx.o(STACK)

    Global Symbols

    Symbol Name                              Value     Ov Type        Size  Object(Section)

    BuildAttributes$$THM_ISAv4$E$P$D$K$B$S$7EM$VFPi3$EXTD16$VFPS$VFMA$PE$A:L22UL41UL21$X:L11$S22US41US21$IEEE1$IW$USESV6$~STKCKD$USESV7$~SHL$OTIME$ROPI$IEEEX$EBA8$MICROLIB$REQ8$PRES8$EABIv2 0x00000000   Number         0  anon$$obj.o ABSOLUTE
    __ARM_use_no_argv                        0x00000000   Number         0  main.o ABSOLUTE
    __arm_fini_                               - Undefined Weak Reference
    __cpp_initialize__aeabi_                  - Undefined Weak Reference
    __cxa_finalize                            - Undefined Weak Reference
    _clock_init                               - Undefined Weak Reference
    _microlib_exit                            - Undefined Weak Reference
    __Vectors_Size                           0x00000188   Number         0  startup_stm32f407xx.o ABSOLUTE
    __Vectors                                0x08000000   Data           4  startup_stm32f407xx.o(RESET)
    __Vectors_End                            0x08000188   Data           0  startup_stm32f407xx.o(RESET)
    __main                                   0x08000189   Thumb Code     0  entry.o(.ARM.Collect$$$$00000000)
    _main_stk                                0x08000189   Thumb Code     0  entry2.o(.ARM.Collect$$$$00000001)
    _main_scatterload                        0x0800018d   Thumb Code     0  entry5.o(.ARM.Collect$$$$00000004)
    __main_after_scatterload                 0x08000191   Thumb Code     0  entry5.o(.ARM.Collect$$$$00000004)
    _main_clock                              0x08000191   Thumb Code     0  entry7b.o(.ARM.Collect$$$$00000008)
    _main_cpp_init                           0x08000191   Thumb Code     0  entry8b.o(.ARM.Collect$$$$0000000A)
    _main_init                               0x08000191   Thumb Code     0  entry9a.o(.ARM.Collect$$$$0000000B)
    __rt_lib_shutdown_fini                   0x08000199   Thumb Code     0  entry12b.o(.ARM.Collect$$$$0000000E)
    __rt_final_cpp                           0x0800019d   Thumb Code     0  entry10a.o(.ARM.Collect$$$$0000000F)
    __rt_final_exit                          0x0800019d   Thumb Code     0  entry11a.o(.ARM.Collect$$$$00000011)
    SVC_Handler                              0x080001a1   Thumb Code    28  port.o(.emb_text)
    __asm___6_port_c_39a90d8d__prvStartFirstTask 0x080001c1   Thumb Code    36  port.o(.emb_text)
    __asm___6_port_c_39a90d8d__prvEnableVFP  0x080001e9   Thumb Code    16  port.o(.emb_text)
    PendSV_Handler                           0x080001fd   Thumb Code    88  port.o(.emb_text)
    vPortGetIPSR                             0x08000259   Thumb Code     6  port.o(.emb_text)
    Reset_Handler                            0x08000261   Thumb Code     8  startup_stm32f407xx.o(.text)
    NMI_Handler                              0x08000269   Thumb Code     2  startup_stm32f407xx.o(.text)
    HardFault_Handler                        0x0800026b   Thumb Code     2  startup_stm32f407xx.o(.text)
    MemManage_Handler                        0x0800026d   Thumb Code     2  startup_stm32f407xx.o(.text)
    BusFault_Handler                         0x0800026f   Thumb Code     2  startup_stm32f407xx.o(.text)
    UsageFault_Handler                       0x08000271   Thumb Code     2  startup_stm32f407xx.o(.text)
    DebugMon_Handler                         0x08000275   Thumb Code     2  startup_stm32f407xx.o(.text)
    ADC_IRQHandler                           0x0800027b   Thumb Code     0  startup_stm32f407xx.o(.text)
    CAN1_RX1_IRQHandler                      0x0800027b   Thumb Code     0  startup_stm32f407xx.o(.text)
    CAN1_SCE_IRQHandler                      0x0800027b   Thumb Code     0  startup_stm32f407xx.o(.text)
    CAN1_TX_IRQHandler                       0x0800027b   Thumb Code     0  startup_stm32f407xx.o(.text)
    CAN2_RX1_IRQHandler                      0x0800027b   Thumb Code     0  startup_stm32f407xx.o(.text)
    CAN2_SCE_IRQHandler                      0x0800027b   Thumb Code     0  startup_stm32f407xx.o(.text)
    CAN2_TX_IRQHandler                       0x0800027b   Thumb Code     0  startup_stm32f407xx.o(.text)
    DCMI_IRQHandler                          0x0800027b   Thumb Code     0  startup_stm32f407xx.o(.text)
    DMA1_Stream0_IRQHandler                  0x0800027b   Thumb Code     0  startup_stm32f407xx.o(.text)
    DMA1_Stream1_IRQHandler                  0x0800027b   Thumb Code     0  startup_stm32f407xx.o(.text)
    DMA1_Stream2_IRQHandler                  0x0800027b   Thumb Code     0  startup_stm32f407xx.o(.text)
    DMA1_Stream3_IRQHandler                  0x0800027b   Thumb Code     0  startup_stm32f407xx.o(.text)
    DMA1_Stream4_IRQHandler                  0x0800027b   Thumb Code     0  startup_stm32f407xx.o(.text)
    DMA1_Stream5_IRQHandler                  0x0800027b   Thumb Code     0  startup_stm32f407xx.o(.text)
    DMA1_Stream6_IRQHandler                  0x0800027b   Thumb Code     0  startup_stm32f407xx.o(.text)
    DMA1_Stream7_IRQHandler                  0x0800027b   Thumb Code     0  startup_stm32f407xx.o(.text)
    DMA2_Stream0_IRQHandler                  0x0800027b   Thumb Code     0  startup_stm32f407xx.o(.text)
    DMA2_Stream1_IRQHandler                  0x0800027b   Thumb Code     0  startup_stm32f407xx.o(.text)
    DMA2_Stream2_IRQHandler                  0x0800027b   Thumb Code     0  startup_stm32f407xx.o(.text)
    DMA2_Stream3_IRQHandler                  0x0800027b   Thumb Code     0  startup_stm32f407xx.o(.text)
    DMA2_Stream4_IRQHandler                  0x0800027b   Thumb Code     0  startup_stm32f407xx.o(.text)
    DMA2_Stream5_IRQHandler                  0x0800027b   Thumb Code     0  startup_stm32f407xx.o(.text)
    ETH_IRQHandler                           0x0800027b   Thumb Code     0  startup_stm32f407xx.o(.text)
    ETH_WKUP_IRQHandler                      0x0800027b   Thumb Code     0  startup_stm32f407xx.o(.text)
    EXTI0_IRQHandler                         0x0800027b   Thumb Code     0  startup_stm32f407xx.o(.text)
    EXTI15_10_IRQHandler                     0x0800027b   Thumb Code     0  startup_stm32f407xx.o(.text)
    EXTI1_IRQHandler                         0x0800027b   Thumb Code     0  startup_stm32f407xx.o(.text)
    EXTI2_IRQHandler                         0x0800027b   Thumb Code     0  startup_stm32f407xx.o(.text)
    FLASH_IRQHandler                         0x0800027b   Thumb Code     0  startup_stm32f407xx.o(.text)
    FMC_IRQHandler                           0x0800027b   Thumb Code     0  startup_stm32f407xx.o(.text)
    FPU_IRQHandler                           0x0800027b   Thumb Code     0  startup_stm32f407xx.o(.text)
    HASH_RNG_IRQHandler                      0x0800027b   Thumb Code     0  startup_stm32f407xx.o(.text)
    I2C1_ER_IRQHandler                       0x0800027b   Thumb Code     0  startup_stm32f407xx.o(.text)
    I2C1_EV_IRQHandler                       0x0800027b   Thumb Code     0  startup_stm32f407xx.o(.text)
    I2C2_ER_IRQHandler                       0x0800027b   Thumb Code     0  startup_stm32f407xx.o(.text)
    I2C2_EV_IRQHandler                       0x0800027b   Thumb Code     0  startup_stm32f407xx.o(.text)
    I2C3_ER_IRQHandler                       0x0800027b   Thumb Code     0  startup_stm32f407xx.o(.text)
    I2C3_EV_IRQHandler                       0x0800027b   Thumb Code     0  startup_stm32f407xx.o(.text)
    OTG_FS_IRQHandler                        0x0800027b   Thumb Code     0  startup_stm32f407xx.o(.text)
    OTG_FS_WKUP_IRQHandler                   0x0800027b   Thumb Code     0  startup_stm32f407xx.o(.text)
    OTG_HS_EP1_IN_IRQHandler                 0x0800027b   Thumb Code     0  startup_stm32f407xx.o(.text)
    OTG_HS_EP1_OUT_IRQHandler                0x0800027b   Thumb Code     0  startup_stm32f407xx.o(.text)
    OTG_HS_IRQHandler                        0x0800027b   Thumb Code     0  startup_stm32f407xx.o(.text)
    OTG_HS_WKUP_IRQHandler                   0x0800027b   Thumb Code     0  startup_stm32f407xx.o(.text)
    PVD_IRQHandler                           0x0800027b   Thumb Code     0  startup_stm32f407xx.o(.text)
    RCC_IRQHandler                           0x0800027b   Thumb Code     0  startup_stm32f407xx.o(.text)
    RTC_Alarm_IRQHandler                     0x0800027b   Thumb Code     0  startup_stm32f407xx.o(.text)
    RTC_WKUP_IRQHandler                      0x0800027b   Thumb Code     0  startup_stm32f407xx.o(.text)
    SDIO_IRQHandler                          0x0800027b   Thumb Code     0  startup_stm32f407xx.o(.text)
    SPI1_IRQHandler                          0x0800027b   Thumb Code     0  startup_stm32f407xx.o(.text)
    SPI2_IRQHandler                          0x0800027b   Thumb Code     0  startup_stm32f407xx.o(.text)
    SPI3_IRQHandler                          0x0800027b   Thumb Code     0  startup_stm32f407xx.o(.text)
    TAMP_STAMP_IRQHandler                    0x0800027b   Thumb Code     0  startup_stm32f407xx.o(.text)
    TIM1_BRK_TIM9_IRQHandler                 0x0800027b   Thumb Code     0  startup_stm32f407xx.o(.text)
    TIM1_CC_IRQHandler                       0x0800027b   Thumb Code     0  startup_stm32f407xx.o(.text)
    TIM1_TRG_COM_TIM11_IRQHandler            0x0800027b   Thumb Code     0  startup_stm32f407xx.o(.text)
    TIM1_UP_TIM10_IRQHandler                 0x0800027b   Thumb Code     0  startup_stm32f407xx.o(.text)
    TIM2_IRQHandler                          0x0800027b   Thumb Code     0  startup_stm32f407xx.o(.text)
    TIM3_IRQHandler                          0x0800027b   Thumb Code     0  startup_stm32f407xx.o(.text)
    TIM4_IRQHandler                          0x0800027b   Thumb Code     0  startup_stm32f407xx.o(.text)
    TIM5_IRQHandler                          0x0800027b   Thumb Code     0  startup_stm32f407xx.o(.text)
    TIM6_DAC_IRQHandler                      0x0800027b   Thumb Code     0  startup_stm32f407xx.o(.text)
    TIM7_IRQHandler                          0x0800027b   Thumb Code     0  startup_stm32f407xx.o(.text)
    TIM8_BRK_TIM12_IRQHandler                0x0800027b   Thumb Code     0  startup_stm32f407xx.o(.text)
    TIM8_CC_IRQHandler                       0x0800027b   Thumb Code     0  startup_stm32f407xx.o(.text)
    TIM8_TRG_COM_TIM14_IRQHandler            0x0800027b   Thumb Code     0  startup_stm32f407xx.o(.text)
    TIM8_UP_TIM13_IRQHandler                 0x0800027b   Thumb Code     0  startup_stm32f407xx.o(.text)
    UART4_IRQHandler                         0x0800027b   Thumb Code     0  startup_stm32f407xx.o(.text)
    UART5_IRQHandler                         0x0800027b   Thumb Code     0  startup_stm32f407xx.o(.text)
    USART1_IRQHandler                        0x0800027b   Thumb Code     0  startup_stm32f407xx.o(.text)
    USART2_IRQHandler                        0x0800027b   Thumb Code     0  startup_stm32f407xx.o(.text)
    WWDG_IRQHandler                          0x0800027b   Thumb Code     0  startup_stm32f407xx.o(.text)
    arm_cos_f32                              0x08000285   Thumb Code   108  arm_cos_f32.o(.text)
    arm_sin_f32                              0x080002fd   Thumb Code   104  arm_sin_f32.o(.text)
    __aeabi_memcpy                           0x08000371   Thumb Code    36  memcpya.o(.text)
    __aeabi_memcpy4                          0x08000371   Thumb Code     0  memcpya.o(.text)
    __aeabi_memcpy8                          0x08000371   Thumb Code     0  memcpya.o(.text)
    __aeabi_memset                           0x08000395   Thumb Code    14  memseta.o(.text)
    __aeabi_memset4                          0x08000395   Thumb Code     0  memseta.o(.text)
    __aeabi_memset8                          0x08000395   Thumb Code     0  memseta.o(.text)
    __aeabi_memclr                           0x080003a3   Thumb Code     4  memseta.o(.text)
    __aeabi_memclr4                          0x080003a3   Thumb Code     0  memseta.o(.text)
    __aeabi_memclr8                          0x080003a3   Thumb Code     0  memseta.o(.text)
    _memset$wrapper                          0x080003a7   Thumb Code    18  memseta.o(.text)
    __aeabi_dadd                             0x080003b9   Thumb Code   322  dadd.o(.text)
    __aeabi_dsub                             0x080004fb   Thumb Code     6  dadd.o(.text)
    __aeabi_drsub                            0x08000501   Thumb Code     6  dadd.o(.text)
    __aeabi_dmul                             0x08000507   Thumb Code   228  dmul.o(.text)
    __aeabi_ui2d                             0x080005eb   Thumb Code    26  dfltui.o(.text)
    __aeabi_d2iz                             0x08000605   Thumb Code    62  dfixi.o(.text)
    __aeabi_f2d                              0x08000643   Thumb Code    38  f2d.o(.text)
    __aeabi_d2f                              0x08000669   Thumb Code    56  d2f.o(.text)
    __aeabi_llsl                             0x080006a1   Thumb Code    30  llshl.o(.text)
    _ll_shift_l                              0x080006a1   Thumb Code     0  llshl.o(.text)
    __aeabi_llsr                             0x080006bf   Thumb Code    32  llushr.o(.text)
    _ll_ushift_r                             0x080006bf   Thumb Code     0  llushr.o(.text)
    __aeabi_lasr                             0x080006df   Thumb Code    36  llsshr.o(.text)
    _ll_sshift_r                             0x080006df   Thumb Code     0  llsshr.o(.text)
    __I$use$fp                               0x08000703   Thumb Code     0  iusefp.o(.text)
    _float_round                             0x08000703   Thumb Code    18  fepilogue.o(.text)
    _float_epilogue                          0x08000715   Thumb Code    92  fepilogue.o(.text)
    _double_round                            0x08000771   Thumb Code    30  depilogue.o(.text)
    _double_epilogue                         0x0800078f   Thumb Code   156  depilogue.o(.text)
    __scatterload                            0x0800082d   Thumb Code    28  init.o(.text)
    __scatterload_rt2                        0x0800082d   Thumb Code     0  init.o(.text)
    __decompress                             0x08000851   Thumb Code     0  __dczerorl2.o(.text)
    __decompress1                            0x08000851   Thumb Code    86  __dczerorl2.o(.text)
    AHRS_asinf                               0x080008a7   Thumb Code    24  ahrs_middleware.o(i.AHRS_asinf)
    AHRS_atan2f                              0x080008bf   Thumb Code    32  ahrs_middleware.o(i.AHRS_atan2f)
    AHRS_cosf                                0x080008df   Thumb Code    24  ahrs_middleware.o(i.AHRS_cosf)
    AHRS_get_height                          0x08000911   Thumb Code    12  ahrs_middleware.o(i.AHRS_get_height)
    AHRS_get_latitude                        0x08000921   Thumb Code    12  ahrs_middleware.o(i.AHRS_get_latitude)
    AHRS_init                                0x0800092d   Thumb Code   626  ahrs.o(i.AHRS_init)
    AHRS_invSqrt                             0x08000bc9   Thumb Code    36  ahrs_middleware.o(i.AHRS_invSqrt)
    AHRS_sinf                                0x08000bed   Thumb Code    24  ahrs_middleware.o(i.AHRS_sinf)
    AHRS_update                              0x08000c05   Thumb Code   314  ahrs.o(i.AHRS_update)
    Algorithms_Init                          0x08000d41   Thumb Code    32  main.o(i.Algorithms_Init)
    BMI088_ACCEL_NS_H                        0x08000d6d   Thumb Code    12  bmi088middleware.o(i.BMI088_ACCEL_NS_H)
    BMI088_ACCEL_NS_L                        0x08000d7d   Thumb Code    12  bmi088middleware.o(i.BMI088_ACCEL_NS_L)
    BMI088_GYRO_NS_H                         0x08000d8d   Thumb Code    12  bmi088middleware.o(i.BMI088_GYRO_NS_H)
    BMI088_GYRO_NS_L                         0x08000d9d   Thumb Code    12  bmi088middleware.o(i.BMI088_GYRO_NS_L)
    BMI088_Offset_Cali                       0x08000dad   Thumb Code    30  bmi088.o(i.BMI088_Offset_Cali)
    BMI088_delay_ms                          0x08000dd1   Thumb Code    26  bmi088middleware.o(i.BMI088_delay_ms)
    BMI088_delay_us                          0x08000deb   Thumb Code    74  bmi088middleware.o(i.BMI088_delay_us)
    BMI088_init                              0x08000e35   Thumb Code    30  bmi088.o(i.BMI088_init)
    BMI088_read                              0x08000e55   Thumb Code   492  bmi088.o(i.BMI088_read)
    BMI088_read_write_byte                   0x0800108b   Thumb Code    16  bmi088middleware.o(i.BMI088_read_write_byte)
    Beep_Init                                0x080010b1   Thumb Code   160  gpio.o(i.Beep_Init)
    Bsp_Init                                 0x08001159   Thumb Code    48  main.o(i.Bsp_Init)
    CAN1_Init                                0x08001189   Thumb Code   254  can.o(i.CAN1_Init)
    CAN1_RX0_IRQHandler                      0x08001291   Thumb Code    76  can.o(i.CAN1_RX0_IRQHandler)
    CAN2_Init                                0x080012f1   Thumb Code   252  can.o(i.CAN2_Init)
    CAN2_RX0_IRQHandler                      0x080013f5   Thumb Code    64  can.o(i.CAN2_RX0_IRQHandler)
    CAN_FilterInit                           0x08001449   Thumb Code   258  stm32f4xx_can.o(i.CAN_FilterInit)
    CAN_ITConfig                             0x08001551   Thumb Code    18  stm32f4xx_can.o(i.CAN_ITConfig)
    CAN_Init                                 0x08001563   Thumb Code   276  stm32f4xx_can.o(i.CAN_Init)
    CAN_Receive                              0x08001677   Thumb Code   240  stm32f4xx_can.o(i.CAN_Receive)
    CAN_Transmit                             0x08001767   Thumb Code   294  stm32f4xx_can.o(i.CAN_Transmit)
    CHASSIS_TASK                             0x0800188d   Thumb Code    82  chassis_task.o(i.CHASSIS_TASK)
    COVER_TASK                               0x080018f5   Thumb Code    66  cover_task.o(i.COVER_TASK)
    DBUS_TASK                                0x08001941   Thumb Code   490  dbus_task.o(i.DBUS_TASK)
    DMA2_Stream6_IRQHandler                  0x08001b3d   Thumb Code    40  uart.o(i.DMA2_Stream6_IRQHandler)
    DMA2_Stream7_IRQHandler                  0x08001b6d   Thumb Code    40  uart.o(i.DMA2_Stream7_IRQHandler)
    DMA_ClearFlag                            0x08001b9d   Thumb Code    38  stm32f4xx_dma.o(i.DMA_ClearFlag)
    DMA_ClearITPendingBit                    0x08001bd1   Thumb Code    38  stm32f4xx_dma.o(i.DMA_ClearITPendingBit)
    DMA_Cmd                                  0x08001c05   Thumb Code    22  stm32f4xx_dma.o(i.DMA_Cmd)
    DMA_DeInit                               0x08001c1d   Thumb Code   324  stm32f4xx_dma.o(i.DMA_DeInit)
    DMA_DoubleBufferModeCmd                  0x08001d75   Thumb Code    22  stm32f4xx_dma.o(i.DMA_DoubleBufferModeCmd)
    DMA_DoubleBufferModeConfig               0x08001d8b   Thumb Code    24  stm32f4xx_dma.o(i.DMA_DoubleBufferModeConfig)
    DMA_GetCurrDataCounter                   0x08001da3   Thumb Code     8  stm32f4xx_dma.o(i.DMA_GetCurrDataCounter)
    DMA_GetCurrentMemoryTarget               0x08001dab   Thumb Code    20  stm32f4xx_dma.o(i.DMA_GetCurrentMemoryTarget)
    DMA_GetITStatus                          0x08001dc1   Thumb Code    82  stm32f4xx_dma.o(i.DMA_GetITStatus)
    DMA_ITConfig                             0x08001e25   Thumb Code    58  stm32f4xx_dma.o(i.DMA_ITConfig)
    DMA_Init                                 0x08001e61   Thumb Code    82  stm32f4xx_dma.o(i.DMA_Init)
    DMA_SetCurrDataCounter                   0x08001eb9   Thumb Code     4  stm32f4xx_dma.o(i.DMA_SetCurrDataCounter)
    Delay_init                               0x08001ebd   Thumb Code    58  freertos_init.o(i.Delay_init)
    Device_Init                              0x08001f01   Thumb Code    22  main.o(i.Device_Init)
    EXTI3_IRQHandler                         0x08001f21   Thumb Code    10  gpio.o(i.EXTI3_IRQHandler)
    EXTI4_IRQHandler                         0x08001f2b   Thumb Code    10  gpio.o(i.EXTI4_IRQHandler)
    EXTI9_5_IRQHandler                       0x08001f35   Thumb Code    10  gpio.o(i.EXTI9_5_IRQHandler)
    EXTI_ClearITPendingBit                   0x08001f41   Thumb Code     6  stm32f4xx_exti.o(i.EXTI_ClearITPendingBit)
    FirstGetInto_KEY_PRESS                   0x08001f4d   Thumb Code    18  rc.o(i.FirstGetInto_KEY_PRESS)
    FreeRTOS_Init                            0x08001f61   Thumb Code    28  freertos_init.o(i.FreeRTOS_Init)
    GIMBAL_TASK                              0x08001f99   Thumb Code   292  gimbal_task.o(i.GIMBAL_TASK)
    GPIO_Init                                0x080020e5   Thumb Code   144  stm32f4xx_gpio.o(i.GPIO_Init)
    GPIO_PinAFConfig                         0x08002175   Thumb Code    70  stm32f4xx_gpio.o(i.GPIO_PinAFConfig)
    GPIO_ResetBits                           0x080021bb   Thumb Code     4  stm32f4xx_gpio.o(i.GPIO_ResetBits)
    GPIO_SetBits                             0x080021bf   Thumb Code     4  stm32f4xx_gpio.o(i.GPIO_SetBits)
    Gimbal_System_Init                       0x080021c5   Thumb Code    40  main.o(i.Gimbal_System_Init)
    Gimbal_Yaw_Gryo_AngleSum                 0x080021f1   Thumb Code   168  imu_task.o(i.Gimbal_Yaw_Gryo_AngleSum)
    IMU_TASK                                 0x080022a5   Thumb Code   662  imu_task.o(i.IMU_TASK)
    IMU_getValues                            0x08002595   Thumb Code  1628  imu_task.o(i.IMU_getValues)
    Judge_IF_AutoBlock                       0x08002c15   Thumb Code    82  shoot_task.o(i.Judge_IF_AutoBlock)
    Judge_IF_SingeStuck                      0x08002c71   Thumb Code    50  shoot_task.o(i.Judge_IF_SingeStuck)
    KEY_State_Judge                          0x08002cad   Thumb Code   138  rc.o(i.KEY_State_Judge)
    KalmanCreate                             0x08002d39   Thumb Code    58  filter.o(i.KalmanCreate)
    KalmanFilter                             0x08002d79   Thumb Code   134  filter.o(i.KalmanFilter)
    Key_B                                    0x08002e01   Thumb Code    84  rc.o(i.Key_B)
    Key_C                                    0x08002e65   Thumb Code   110  rc.o(i.Key_C)
    Key_E                                    0x08002ee5   Thumb Code    96  rc.o(i.Key_E)
    Key_MOUSE_L                              0x08002f59   Thumb Code    70  rc.o(i.Key_MOUSE_L)
    Key_MOUSE_R                              0x08002fad   Thumb Code   106  rc.o(i.Key_MOUSE_R)
    Key_Q                                    0x08003029   Thumb Code    96  rc.o(i.Key_Q)
    Key_R                                    0x0800309d   Thumb Code   110  rc.o(i.Key_R)
    Key_SHIFT                                0x0800311d   Thumb Code    72  rc.o(i.Key_SHIFT)
    Key_X                                    0x08003171   Thumb Code   108  rc.o(i.Key_X)
    Mouse_X_Speed                            0x080031ed   Thumb Code   104  rc.o(i.Mouse_X_Speed)
    Mouse_Y_Speed                            0x08003265   Thumb Code   104  rc.o(i.Mouse_Y_Speed)
    NVIC_Init                                0x080032dd   Thumb Code   106  misc.o(i.NVIC_Init)
    NVIC_PriorityGroupConfig                 0x08003355   Thumb Code    10  misc.o(i.NVIC_PriorityGroupConfig)
    PID_Calculating                          0x08003369   Thumb Code   572  pid.o(i.PID_Calculating)
    PID_Init                                 0x080035a5   Thumb Code   174  pid.o(i.PID_Init)
    PID_Init_ByParamArray                    0x08003665   Thumb Code    86  pid.o(i.PID_Init_ByParamArray)
    PID_Parameter_Init                       0x080036bb   Thumb Code    56  pid.o(i.PID_Parameter_Init)
    PID_Reset                                0x080036f5   Thumb Code    72  pid.o(i.PID_Reset)
    PID_calc                                 0x08003741   Thumb Code   492  temp_pid.o(i.PID_calc)
    PID_init                                 0x08003931   Thumb Code    92  temp_pid.o(i.PID_init)
    RCC_AHB1PeriphClockCmd                   0x08003991   Thumb Code    26  stm32f4xx_rcc.o(i.RCC_AHB1PeriphClockCmd)
    RCC_APB1PeriphClockCmd                   0x080039b1   Thumb Code    26  stm32f4xx_rcc.o(i.RCC_APB1PeriphClockCmd)
    RCC_APB1PeriphResetCmd                   0x080039d1   Thumb Code    26  stm32f4xx_rcc.o(i.RCC_APB1PeriphResetCmd)
    RCC_APB2PeriphClockCmd                   0x080039f1   Thumb Code    26  stm32f4xx_rcc.o(i.RCC_APB2PeriphClockCmd)
    RCC_APB2PeriphResetCmd                   0x08003a11   Thumb Code    26  stm32f4xx_rcc.o(i.RCC_APB2PeriphResetCmd)
    RCC_GetClocksFreq                        0x08003a31   Thumb Code   214  stm32f4xx_rcc.o(i.RCC_GetClocksFreq)
    RC_Init                                  0x08003b19   Thumb Code   316  rc.o(i.RC_Init)
    Referee_get_Data                         0x08003c69   Thumb Code   330  systemstate_task.o(i.Referee_get_Data)
    SBUS_TO_RC                               0x08003dc9   Thumb Code   224  rc.o(i.SBUS_TO_RC)
    SHOOT_TASK                               0x08003ea9   Thumb Code   172  shoot_task.o(i.SHOOT_TASK)
    SPI1_Init                                0x08003f61   Thumb Code   200  spi.o(i.SPI1_Init)
    SPI1_ReadWriteByte                       0x08004035   Thumb Code    82  spi.o(i.SPI1_ReadWriteByte)
    SPI1_SetSpeed                            0x0800408d   Thumb Code    36  spi.o(i.SPI1_SetSpeed)
    SPI_Cmd                                  0x080040b5   Thumb Code    24  stm32f4xx_spi.o(i.SPI_Cmd)
    SPI_I2S_GetFlagStatus                    0x080040cd   Thumb Code    18  stm32f4xx_spi.o(i.SPI_I2S_GetFlagStatus)
    SPI_I2S_ReceiveData                      0x080040df   Thumb Code     6  stm32f4xx_spi.o(i.SPI_I2S_ReceiveData)
    SPI_I2S_SendData                         0x080040e5   Thumb Code     4  stm32f4xx_spi.o(i.SPI_I2S_SendData)
    SPI_Init                                 0x080040e9   Thumb Code    60  stm32f4xx_spi.o(i.SPI_Init)
    SYSTEMSTATE_TASK                         0x08004125   Thumb Code   156  systemstate_task.o(i.SYSTEMSTATE_TASK)
    SysTick_CLKSourceConfig                  0x08004389   Thumb Code    40  misc.o(i.SysTick_CLKSourceConfig)
    SysTick_Handler                          0x080043b1   Thumb Code    46  port.o(i.SysTick_Handler)
    SystemInit                               0x080043e5   Thumb Code    88  system_stm32f4xx.o(i.SystemInit)
    System_Start_Task                        0x0800444d   Thumb Code   192  freertos_init.o(i.System_Start_Task)
    TIM1_PWM_Init                            0x080045bd   Thumb Code   198  tim.o(i.TIM1_PWM_Init)
    TIM_ARRPreloadConfig                     0x0800468d   Thumb Code    24  stm32f4xx_tim.o(i.TIM_ARRPreloadConfig)
    TIM_Cmd                                  0x080046a5   Thumb Code    24  stm32f4xx_tim.o(i.TIM_Cmd)
    TIM_CtrlPWMOutputs                       0x080046bd   Thumb Code    30  stm32f4xx_tim.o(i.TIM_CtrlPWMOutputs)
    TIM_OC1Init                              0x080046dd   Thumb Code   114  stm32f4xx_tim.o(i.TIM_OC1Init)
    TIM_OC1PreloadConfig                     0x08004759   Thumb Code    18  stm32f4xx_tim.o(i.TIM_OC1PreloadConfig)
    TIM_OC3Init                              0x0800476d   Thumb Code   150  stm32f4xx_tim.o(i.TIM_OC3Init)
    TIM_OC3PreloadConfig                     0x0800480d   Thumb Code    18  stm32f4xx_tim.o(i.TIM_OC3PreloadConfig)
    TIM_SetCompare1                          0x0800481f   Thumb Code     4  stm32f4xx_tim.o(i.TIM_SetCompare1)
    TIM_TimeBaseInit                         0x08004825   Thumb Code   104  stm32f4xx_tim.o(i.TIM_TimeBaseInit)
    USART3_IRQHandler                        0x08004b49   Thumb Code   212  rc.o(i.USART3_IRQHandler)
    USART6_IRQHandler                        0x08004c35   Thumb Code    54  uart.o(i.USART6_IRQHandler)
    USART_ClearFlag                          0x08004c7d   Thumb Code    18  stm32f4xx_usart.o(i.USART_ClearFlag)
    USART_Cmd                                0x08004c8f   Thumb Code    24  stm32f4xx_usart.o(i.USART_Cmd)
    USART_DMACmd                             0x08004ca7   Thumb Code    18  stm32f4xx_usart.o(i.USART_DMACmd)
    USART_DeInit                             0x08004cb9   Thumb Code   206  stm32f4xx_usart.o(i.USART_DeInit)
    USART_GetITStatus                        0x08004da9   Thumb Code    84  stm32f4xx_usart.o(i.USART_GetITStatus)
    USART_ITConfig                           0x08004dfd   Thumb Code    74  stm32f4xx_usart.o(i.USART_ITConfig)
    USART_Init                               0x08004e49   Thumb Code   204  stm32f4xx_usart.o(i.USART_Init)
    USART_ReceiveData                        0x08004f1d   Thumb Code    10  stm32f4xx_usart.o(i.USART_ReceiveData)
    VISION_TASK                              0x08004f29   Thumb Code    66  vision_task.o(i.VISION_TASK)
    Vision_Check_Data                        0x08004f79   Thumb Code   442  vision.o(i.Vision_Check_Data)
    __ARM_fpclassifyf                        0x0800516d   Thumb Code    38  fpclassifyf.o(i.__ARM_fpclassifyf)
    __hardfp_asinf                           0x08005195   Thumb Code   258  asinf.o(i.__hardfp_asinf)
    __hardfp_atan2f                          0x080052c1   Thumb Code   594  atan2f.o(i.__hardfp_atan2f)
    __hardfp_sqrtf                           0x0800556d   Thumb Code    58  sqrtf_full.o(i.__hardfp_sqrtf)
    __mathlib_flt_infnan                     0x080055a7   Thumb Code     6  funder.o(i.__mathlib_flt_infnan)
    __mathlib_flt_infnan2                    0x080055ad   Thumb Code     6  funder.o(i.__mathlib_flt_infnan2)
    __mathlib_flt_invalid                    0x080055b5   Thumb Code    10  funder.o(i.__mathlib_flt_invalid)
    __mathlib_flt_underflow                  0x080055c5   Thumb Code    10  funder.o(i.__mathlib_flt_underflow)
    __scatterload_copy                       0x080055d5   Thumb Code    14  handlers.o(i.__scatterload_copy)
    __scatterload_null                       0x080055e3   Thumb Code     2  handlers.o(i.__scatterload_null)
    __scatterload_zeroinit                   0x080055e5   Thumb Code    14  handlers.o(i.__scatterload_zeroinit)
    __set_errno                              0x080055f5   Thumb Code     6  errno.o(i.__set_errno)
    bmi088_accel_init                        0x08005ac9   Thumb Code   290  bmi088.o(i.bmi088_accel_init)
    bmi088_gyro_init                         0x08005bf1   Thumb Code   238  bmi088.o(i.bmi088_gyro_init)
    delay_ms                                 0x08005d79   Thumb Code    60  freertos_init.o(i.delay_ms)
    delay_us                                 0x08005db9   Thumb Code    68  freertos_init.o(i.delay_us)
    get_Motor_Data                           0x08005f29   Thumb Code   264  motor.o(i.get_Motor_Data)
    get_angle                                0x08006045   Thumb Code   232  ahrs.o(i.get_angle)
    gpio_Init                                0x080065a9   Thumb Code   194  gpio.o(i.gpio_Init)
    imu_cali_slove                           0x0800667d   Thumb Code   274  imu_task.o(i.imu_cali_slove)
    imu_temp_control                         0x080067a9   Thumb Code   144  imu_task.o(i.imu_temp_control)
    main                                     0x08006855   Thumb Code     8  main.o(i.main)
    myprintf                                 0x0800685d   Thumb Code    38  uart.o(i.myprintf)
    pvPortMalloc                             0x08007255   Thumb Code   296  heap_4.o(i.pvPortMalloc)
    pxPortInitialiseStack                    0x08007391   Thumb Code    38  port.o(i.pxPortInitialiseStack)
    ramp_Float                               0x08007441   Thumb Code    98  assist.o(i.ramp_Float)
    remote_control_init                      0x080074a9   Thumb Code    16  rc.o(i.remote_control_init)
    sqrtf                                    0x08007685   Thumb Code    62  sqrtf_full.o(i.sqrtf)
    switch_shoot_mode                        0x080076c5   Thumb Code    32  shoot_task.o(i.switch_shoot_mode)
    uart1_Init                               0x08007955   Thumb Code   450  uart.o(i.uart1_Init)
    uart2_Init                               0x08007b2d   Thumb Code   302  uart.o(i.uart2_Init)
    uxListRemove                             0x08007cef   Thumb Code    40  list.o(i.uxListRemove)
    vListInitialise                          0x08007d17   Thumb Code    26  list.o(i.vListInitialise)
    vListInitialiseItem                      0x08007d31   Thumb Code     6  list.o(i.vListInitialiseItem)
    vListInsert                              0x08007d37   Thumb Code    52  list.o(i.vListInsert)
    vListInsertEnd                           0x08007d6b   Thumb Code    24  list.o(i.vListInsertEnd)
    vPortEnterCritical                       0x08007d85   Thumb Code    76  port.o(i.vPortEnterCritical)
    vPortExitCritical                        0x08007dd9   Thumb Code    56  port.o(i.vPortExitCritical)
    vPortFree                                0x08007e15   Thumb Code   140  heap_4.o(i.vPortFree)
    vPortSetupTimerInterrupt                 0x08007ea9   Thumb Code    36  port.o(i.vPortSetupTimerInterrupt)
    vPortValidateInterruptPriority           0x08007ed1   Thumb Code   106  port.o(i.vPortValidateInterruptPriority)
    vQueueAddToRegistry                      0x08007f49   Thumb Code    38  queue.o(i.vQueueAddToRegistry)
    vQueueWaitForMessageRestricted           0x08007f75   Thumb Code    74  queue.o(i.vQueueWaitForMessageRestricted)
    vTaskDelay                               0x08007fc1   Thumb Code    82  tasks.o(i.vTaskDelay)
    vTaskDelayUntil                          0x0800801d   Thumb Code   200  tasks.o(i.vTaskDelayUntil)
    vTaskDelete                              0x080080f1   Thumb Code   202  tasks.o(i.vTaskDelete)
    vTaskInternalSetTimeOutState             0x080081e5   Thumb Code    14  tasks.o(i.vTaskInternalSetTimeOutState)
    vTaskMissedYield                         0x080081fd   Thumb Code     8  tasks.o(i.vTaskMissedYield)
    vTaskPlaceOnEventList                    0x08008209   Thumb Code    52  tasks.o(i.vTaskPlaceOnEventList)
    vTaskPlaceOnEventListRestricted          0x08008241   Thumb Code    60  tasks.o(i.vTaskPlaceOnEventListRestricted)
    vTaskStartScheduler                      0x08008281   Thumb Code   118  tasks.o(i.vTaskStartScheduler)
    vTaskSuspendAll                          0x08008315   Thumb Code    12  tasks.o(i.vTaskSuspendAll)
    vTaskSwitchContext                       0x08008325   Thumb Code   118  tasks.o(i.vTaskSwitchContext)
    xPortStartScheduler                      0x0800863d   Thumb Code   330  port.o(i.xPortStartScheduler)
    xQueueGenericCreate                      0x080087a5   Thumb Code    90  queue.o(i.xQueueGenericCreate)
    xQueueGenericReset                       0x08008801   Thumb Code   146  queue.o(i.xQueueGenericReset)
    xQueueGenericSend                        0x08008899   Thumb Code   420  queue.o(i.xQueueGenericSend)
    xQueueGenericSendFromISR                 0x08008a41   Thumb Code   248  queue.o(i.xQueueGenericSendFromISR)
    xQueueReceive                            0x08008b39   Thumb Code   356  queue.o(i.xQueueReceive)
    xTaskCheckForTimeOut                     0x08008ca1   Thumb Code   132  tasks.o(i.xTaskCheckForTimeOut)
    xTaskCreate                              0x08008d2d   Thumb Code    96  tasks.o(i.xTaskCreate)
    xTaskGetSchedulerState                   0x08008d8d   Thumb Code    24  tasks.o(i.xTaskGetSchedulerState)
    xTaskGetTickCount                        0x08008dad   Thumb Code     6  tasks.o(i.xTaskGetTickCount)
    xTaskIncrementTick                       0x08008db9   Thumb Code   282  tasks.o(i.xTaskIncrementTick)
    xTaskPriorityDisinherit                  0x08008f01   Thumb Code   188  tasks.o(i.xTaskPriorityDisinherit)
    xTaskRemoveFromEventList                 0x08008fc9   Thumb Code   128  tasks.o(i.xTaskRemoveFromEventList)
    xTaskResumeAll                           0x08009061   Thumb Code   224  tasks.o(i.xTaskResumeAll)
    xTimerCreateTimerTask                    0x08009165   Thumb Code    66  timers.o(i.xTimerCreateTimerTask)
    xTimerGenericCommand                     0x080091bd   Thumb Code   126  timers.o(i.xTimerGenericCommand)
    sinTable_f32                             0x08009258   Data        2052  arm_common_tables.o(.constdata)
    Region$$Table$$Base                      0x08009a5c   Number         0  anon$$obj.o(Region$$Table)
    Region$$Table$$Limit                     0x08009a7c   Number         0  anon$$obj.o(Region$$Table)
    SystemStart_Task_Handler                 0x20000004   Data           4  freertos_init.o(.data)
    SYSTEMSTATE_Task_Handler                 0x20000008   Data           4  freertos_init.o(.data)
    GIMBAL_Task_Handler                      0x2000000c   Data           4  freertos_init.o(.data)
    CHASSIS_Task_Handler                     0x20000010   Data           4  freertos_init.o(.data)
    DBUS_Task_Handler                        0x20000014   Data           4  freertos_init.o(.data)
    IMU_Task_Handler                         0x20000018   Data           4  freertos_init.o(.data)
    VISION_Task_Handler                      0x2000001c   Data           4  freertos_init.o(.data)
    SHOOT_Task_Handler                       0x20000020   Data           4  freertos_init.o(.data)
    COVER_Task_Handler                       0x20000024   Data           4  freertos_init.o(.data)
    chassis                                  0x20000028   Data          28  chassis_task.o(.data)
    gimbal                                   0x20000044   Data          36  gimbal_task.o(.data)
    yaw_PID_Param                            0x20000068   Data         144  gimbal_task.o(.data)
    pit_PID_Param                            0x200000f8   Data         144  gimbal_task.o(.data)
    vision_Flag                              0x20000188   Data           4  gimbal_task.o(.data)
    ky                                       0x2000018c   Data           4  gimbal_task.o(.data)
    kp                                       0x20000190   Data           4  gimbal_task.o(.data)
    target_yaw_last                          0x20000194   Data           4  gimbal_task.o(.data)
    yaw_cps                                  0x20000198   Data           4  gimbal_task.o(.data)
    yaw_cps_k                                0x2000019c   Data           4  gimbal_task.o(.data)
    yaw_cha_k                                0x200001a0   Data           4  gimbal_task.o(.data)
    stuck_flag                               0x200001a4   Data           1  shoot_task.o(.data)
    IF_SHOOT_ENABLE                          0x200001a5   Data           1  shoot_task.o(.data)
    shoot                                    0x200001a8   Data         224  shoot_task.o(.data)
    wheel_PID_Param                          0x20000288   Data          72  shoot_task.o(.data)
    trigger_PID_Param                        0x200002d0   Data         144  shoot_task.o(.data)
    speed_gain                               0x20000360   Data           4  shoot_task.o(.data)
    angle_Err1                               0x20000364   Data           4  shoot_task.o(.data)
    speed_Err                                0x20000368   Data           4  shoot_task.o(.data)
    SpeedErr_cnt                             0x2000036c   Data           1  shoot_task.o(.data)
    IF_COVER_OPEN                            0x20000378   Data           1  cover_task.o(.data)
    TEST_COVER_PWM                           0x2000037a   Data           2  cover_task.o(.data)
    vision                                   0x2000037c   Data          28  vision_task.o(.data)
    IS_SENTRY_MODE                           0x20000398   Data           1  vision_task.o(.data)
    first_temperate                          0x200003a8   Data           1  imu_task.o(.data)
    imu_temp_PID                             0x200003ac   Data          12  imu_task.o(.data)
    gyro_scale_factor                        0x200003b8   Data          36  imu_task.o(.data)
    time_count                               0x200003dc   Data           2  imu_task.o(.data)
    flash_len                                0x200003de   Data           6  imu_task.o(.data)
    flash_buf                                0x200003e4   Data           3  imu_task.o(.data)
    accel_scale_factor                       0x200003e8   Data          36  imu_task.o(.data)
    mag_scale_factor                         0x2000040c   Data          36  imu_task.o(.data)
    eff_x                                    0x20000430   Data           4  imu_task.o(.data)
    eff_y                                    0x20000434   Data           4  imu_task.o(.data)
    eff_z                                    0x20000438   Data           4  imu_task.o(.data)
    gy_z                                     0x2000043c   Data           4  imu_task.o(.data)
    C_Gyo_z                                  0x20000440   Data           4  imu_task.o(.data)
    Eff                                      0x20000444   Data         320  imu_task.o(.data)
    imu_working                              0x20000584   Data           4  imu_task.o(.data)
    cali_flag                                0x20000588   Data           4  imu_task.o(.data)
    flash_flag                               0x2000058c   Data           4  imu_task.o(.data)
    robot                                    0x20000594   Data          20  systemstate_task.o(.data)
    Shooter_BURST                            0x200005a8   Data          18  systemstate_task.o(.data)
    Shooter_COOLING                          0x200005ba   Data          18  systemstate_task.o(.data)
    Shooter_RATE                             0x200005cc   Data          18  systemstate_task.o(.data)
    delay_cnt                                0x200005e0   Data           4  systemstate_task.o(.data)
    H                                        0x200005e4   Data          32  can.o(.data)
    L                                        0x20000604   Data          32  can.o(.data)
    CAN_TxMsg                                0x20000624   Data         120  can.o(.data)
    UART2_TX_BUF                             0x2000069c   Data           6  uart.o(.data)
    USART6_Clear_Flag                        0x200006a2   Data           1  uart.o(.data)
    BMI088_ACCEL_SEN                         0x200006b8   Data           4  bmi088.o(.data)
    BMI088_GYRO_SEN                          0x200006bc   Data           4  bmi088.o(.data)
    gyro_offest                              0x200006c0   Data           2  bmi088.o(.data)
    accel_offest                             0x200006c2   Data           6  bmi088.o(.data)
    Gimbal                                   0x200006ec   Data         900  motor.o(.data)
    tx2                                      0x20000a70   Data          24  vision.o(.data)
    yaw_signed                               0x20000a88   Data           4  vision.o(.data)
    pit_signed                               0x20000a8c   Data           4  vision.o(.data)
    pit_unsigned                             0x20000a90   Data           4  vision.o(.data)
    yaw_unsigned                             0x20000a94   Data           4  vision.o(.data)
    findtime                                 0x20000a98   Data           4  vision.o(.data)
    vision_fire                              0x20000a9c   Data           1  vision.o(.data)
    sum_check                                0x20000a9d   Data           1  vision.o(.data)
    distance                                 0x20000aa0   Data           4  vision.o(.data)
    jjj                                      0x20000aa4   Data           4  vision.o(.data)
    SystemCoreClock                          0x20000ab8   Data           4  system_stm32f4xx.o(.data)
    AHBPrescTable                            0x20000abc   Data          16  system_stm32f4xx.o(.data)
    pxCurrentTCB                             0x20000af0   Data           4  tasks.o(.data)
    sys_clock                                0x20000b54   Data          16  main.o(.bss)
    Yaw_Gyro_Angle                           0x20000b68   Data          16  imu_task.o(.bss)
    mygetqval                                0x20000b78   Data          36  imu_task.o(.bss)
    bmi088_real_data                         0x20000b9c   Data          36  imu_task.o(.bss)
    ist8310_real_data                        0x20000bc0   Data          16  imu_task.o(.bss)
    imu_temp_pid                             0x20000bd0   Data          72  imu_task.o(.bss)
    INS_gyro                                 0x20000c18   Data          12  imu_task.o(.bss)
    INS_accel                                0x20000c24   Data          12  imu_task.o(.bss)
    INS_mag                                  0x20000c30   Data          12  imu_task.o(.bss)
    INS_quat                                 0x20000c3c   Data          16  imu_task.o(.bss)
    INS_angle                                0x20000c4c   Data          12  imu_task.o(.bss)
    BMI088_FIFO                              0x20000c58   Data        2424  imu_task.o(.bss)
    BMI088_read_data                         0x200015d0   Data          36  imu_task.o(.bss)
    gyro_offset                              0x200015f4   Data          12  imu_task.o(.bss)
    gyro_cali_offset                         0x20001600   Data          12  imu_task.o(.bss)
    cali_scale                               0x2000160c   Data          12  imu_task.o(.bss)
    cali_offset                              0x20001618   Data          12  imu_task.o(.bss)
    cali_scale_flash                         0x20001624   Data          12  imu_task.o(.bss)
    cali_offset_flash                        0x20001630   Data          12  imu_task.o(.bss)
    accel_offset                             0x2000163c   Data          12  imu_task.o(.bss)
    accel_cali_offset                        0x20001648   Data          12  imu_task.o(.bss)
    mag_offset                               0x20001654   Data          12  imu_task.o(.bss)
    mag_cali_offset                          0x20001660   Data          12  imu_task.o(.bss)
    kalman                                   0x20001690   Data         120  imu_task.o(.bss)
    CAN1_RxMsg                               0x20001708   Data          20  can.o(.bss)
    CAN2_RxMsg                               0x2000171c   Data          20  can.o(.bss)
    UART1_RX_BUF                             0x20001730   Data          12  uart.o(.bss)
    UART1_TX_BUF                             0x2000173c   Data          14  uart.o(.bss)
    UART2_RX_BUF                             0x2000174a   Data          10  uart.o(.bss)
    Key_Info                                 0x20001754   Data         108  rc.o(.bss)
    rc_ctrl                                  0x200017c0   Data          28  rc.o(.bss)
    SBUS_rx_buf                              0x200017dc   Data          72  rc.o(.bss)
    KF_Mouse_X_Speed                         0x20001824   Data          48  rc.o(.bss)
    KF_Mouse_Y_Speed                         0x20001854   Data          48  rc.o(.bss)
    imu                                      0x20001974   Data          28  bmi088.o(.bss)
    mpu_data                                 0x20001990   Data          32  bmi088.o(.bss)
    gimbal_yaw_angle                         0x200019b0   Data          16  motor.o(.bss)
    xQueueRegistry                           0x200145e8   Data          64  queue.o(.bss)
    __initial_sp                             0x20016718   Data           0  startup_stm32f407xx.o(STACK)



==============================================================================

Memory Map of the image

  Image Entry point : 0x08000189

  Load Region LR_IROM1 (Base: 0x08000000, Size: 0x0000a5d0, Max: 0x00100000, ABSOLUTE, COMPRESSED[0x00009d4c])

    Execution Region ER_IROM1 (Exec base: 0x08000000, Load base: 0x08000000, Size: 0x00009a7c, Max: 0x00100000, ABSOLUTE)

    Exec Addr    Load Addr    Size         Type   Attr      Idx    E Section Name        Object

    0x08000000   0x08000000   0x00000188   Data   RO         2387    RESET               startup_stm32f407xx.o
    0x08000188   0x08000188   0x00000000   Code   RO         6639  * .ARM.Collect$$$$00000000  mc_w.l(entry.o)
    0x08000188   0x08000188   0x00000004   Code   RO         6685    .ARM.Collect$$$$00000001  mc_w.l(entry2.o)
    0x0800018c   0x0800018c   0x00000004   Code   RO         6688    .ARM.Collect$$$$00000004  mc_w.l(entry5.o)
    0x08000190   0x08000190   0x00000000   Code   RO         6690    .ARM.Collect$$$$00000008  mc_w.l(entry7b.o)
    0x08000190   0x08000190   0x00000000   Code   RO         6692    .ARM.Collect$$$$0000000A  mc_w.l(entry8b.o)
    0x08000190   0x08000190   0x00000008   Code   RO         6693    .ARM.Collect$$$$0000000B  mc_w.l(entry9a.o)
    0x08000198   0x08000198   0x00000004   Code   RO         6700    .ARM.Collect$$$$0000000E  mc_w.l(entry12b.o)
    0x0800019c   0x0800019c   0x00000000   Code   RO         6695    .ARM.Collect$$$$0000000F  mc_w.l(entry10a.o)
    0x0800019c   0x0800019c   0x00000000   Code   RO         6697    .ARM.Collect$$$$00000011  mc_w.l(entry11a.o)
    0x0800019c   0x0800019c   0x00000004   Code   RO         6686    .ARM.Collect$$$$00002712  mc_w.l(entry2.o)
    0x080001a0   0x080001a0   0x000000be   Code   RO         5333    .emb_text           port.o
    0x0800025e   0x0800025e   0x00000002   PAD
    0x08000260   0x08000260   0x00000024   Code   RO         2388    .text               startup_stm32f407xx.o
    0x08000284   0x08000284   0x00000078   Code   RO         6405    .text               arm_cortexM4lf_math.lib(arm_cos_f32.o)
    0x080002fc   0x080002fc   0x00000074   Code   RO         6458    .text               arm_cortexM4lf_math.lib(arm_sin_f32.o)
    0x08000370   0x08000370   0x00000024   Code   RO         6642    .text               mc_w.l(memcpya.o)
    0x08000394   0x08000394   0x00000024   Code   RO         6644    .text               mc_w.l(memseta.o)
    0x080003b8   0x080003b8   0x0000014e   Code   RO         6648    .text               mf_w.l(dadd.o)
    0x08000506   0x08000506   0x000000e4   Code   RO         6650    .text               mf_w.l(dmul.o)
    0x080005ea   0x080005ea   0x0000001a   Code   RO         6656    .text               mf_w.l(dfltui.o)
    0x08000604   0x08000604   0x0000003e   Code   RO         6658    .text               mf_w.l(dfixi.o)
    0x08000642   0x08000642   0x00000026   Code   RO         6660    .text               mf_w.l(f2d.o)
    0x08000668   0x08000668   0x00000038   Code   RO         6664    .text               mf_w.l(d2f.o)
    0x080006a0   0x080006a0   0x0000001e   Code   RO         6701    .text               mc_w.l(llshl.o)
    0x080006be   0x080006be   0x00000020   Code   RO         6703    .text               mc_w.l(llushr.o)
    0x080006de   0x080006de   0x00000024   Code   RO         6705    .text               mc_w.l(llsshr.o)
    0x08000702   0x08000702   0x00000000   Code   RO         6714    .text               mc_w.l(iusefp.o)
    0x08000702   0x08000702   0x0000006e   Code   RO         6715    .text               mf_w.l(fepilogue.o)
    0x08000770   0x08000770   0x000000ba   Code   RO         6717    .text               mf_w.l(depilogue.o)
    0x0800082a   0x0800082a   0x00000002   PAD
    0x0800082c   0x0800082c   0x00000024   Code   RO         6721    .text               mc_w.l(init.o)
    0x08000850   0x08000850   0x00000056   Code   RO         6731    .text               mc_w.l(__dczerorl2.o)
    0x080008a6   0x080008a6   0x00000018   Code   RO         1437    i.AHRS_asinf        ahrs_middleware.o
    0x080008be   0x080008be   0x00000020   Code   RO         1438    i.AHRS_atan2f       ahrs_middleware.o
    0x080008de   0x080008de   0x00000018   Code   RO         1439    i.AHRS_cosf         ahrs_middleware.o
    0x080008f6   0x080008f6   0x0000001a   Code   RO         6315    i.AHRS_fabs         AHRS.lib(ahrs.o)
    0x08000910   0x08000910   0x00000010   Code   RO         1440    i.AHRS_get_height   ahrs_middleware.o
    0x08000920   0x08000920   0x0000000c   Code   RO         1441    i.AHRS_get_latitude  ahrs_middleware.o
    0x0800092c   0x0800092c   0x0000029c   Code   RO         6316    i.AHRS_init         AHRS.lib(ahrs.o)
    0x08000bc8   0x08000bc8   0x00000024   Code   RO         1442    i.AHRS_invSqrt      ahrs_middleware.o
    0x08000bec   0x08000bec   0x00000018   Code   RO         1443    i.AHRS_sinf         ahrs_middleware.o
    0x08000c04   0x08000c04   0x0000013a   Code   RO         6317    i.AHRS_update       AHRS.lib(ahrs.o)
    0x08000d3e   0x08000d3e   0x00000002   PAD
    0x08000d40   0x08000d40   0x0000002c   Code   RO            4    i.Algorithms_Init   main.o
    0x08000d6c   0x08000d6c   0x00000010   Code   RO         1887    i.BMI088_ACCEL_NS_H  bmi088middleware.o
    0x08000d7c   0x08000d7c   0x00000010   Code   RO         1888    i.BMI088_ACCEL_NS_L  bmi088middleware.o
    0x08000d8c   0x08000d8c   0x00000010   Code   RO         1889    i.BMI088_GYRO_NS_H  bmi088middleware.o
    0x08000d9c   0x08000d9c   0x00000010   Code   RO         1890    i.BMI088_GYRO_NS_L  bmi088middleware.o
    0x08000dac   0x08000dac   0x00000024   Code   RO         1817    i.BMI088_Offset_Cali  bmi088.o
    0x08000dd0   0x08000dd0   0x0000001a   Code   RO         1891    i.BMI088_delay_ms   bmi088middleware.o
    0x08000dea   0x08000dea   0x0000004a   Code   RO         1892    i.BMI088_delay_us   bmi088middleware.o
    0x08000e34   0x08000e34   0x0000001e   Code   RO         1818    i.BMI088_init       bmi088.o
    0x08000e52   0x08000e52   0x00000002   PAD
    0x08000e54   0x08000e54   0x000001f8   Code   RO         1819    i.BMI088_read       bmi088.o
    0x0800104c   0x0800104c   0x00000026   Code   RO         1820    i.BMI088_read_muli_reg  bmi088.o
    0x08001072   0x08001072   0x00000018   Code   RO         1821    i.BMI088_read_single_reg  bmi088.o
    0x0800108a   0x0800108a   0x00000010   Code   RO         1893    i.BMI088_read_write_byte  bmi088middleware.o
    0x0800109a   0x0800109a   0x00000014   Code   RO         1822    i.BMI088_write_single_reg  bmi088.o
    0x080010ae   0x080010ae   0x00000002   PAD
    0x080010b0   0x080010b0   0x000000a8   Code   RO         1159    i.Beep_Init         gpio.o
    0x08001158   0x08001158   0x00000030   Code   RO            5    i.Bsp_Init          main.o
    0x08001188   0x08001188   0x00000108   Code   RO         1004    i.CAN1_Init         can.o
    0x08001290   0x08001290   0x00000060   Code   RO         1005    i.CAN1_RX0_IRQHandler  can.o
    0x080012f0   0x080012f0   0x00000104   Code   RO         1006    i.CAN2_Init         can.o
    0x080013f4   0x080013f4   0x00000054   Code   RO         1007    i.CAN2_RX0_IRQHandler  can.o
    0x08001448   0x08001448   0x00000108   Code   RO         2695    i.CAN_FilterInit    stm32f4xx_can.o
    0x08001550   0x08001550   0x00000012   Code   RO         2701    i.CAN_ITConfig      stm32f4xx_can.o
    0x08001562   0x08001562   0x00000114   Code   RO         2702    i.CAN_Init          stm32f4xx_can.o
    0x08001676   0x08001676   0x000000f0   Code   RO         2705    i.CAN_Receive       stm32f4xx_can.o
    0x08001766   0x08001766   0x00000126   Code   RO         2710    i.CAN_Transmit      stm32f4xx_can.o
    0x0800188c   0x0800188c   0x00000068   Code   RO          355    i.CHASSIS_TASK      chassis_task.o
    0x080018f4   0x080018f4   0x0000004c   Code   RO          596    i.COVER_TASK        cover_task.o
    0x08001940   0x08001940   0x000001fc   Code   RO          709    i.DBUS_TASK         dbus_task.o
    0x08001b3c   0x08001b3c   0x00000030   Code   RO         1057    i.DMA2_Stream6_IRQHandler  uart.o
    0x08001b6c   0x08001b6c   0x00000030   Code   RO         1058    i.DMA2_Stream7_IRQHandler  uart.o
    0x08001b9c   0x08001b9c   0x00000034   Code   RO         2856    i.DMA_ClearFlag     stm32f4xx_dma.o
    0x08001bd0   0x08001bd0   0x00000034   Code   RO         2857    i.DMA_ClearITPendingBit  stm32f4xx_dma.o
    0x08001c04   0x08001c04   0x00000016   Code   RO         2858    i.DMA_Cmd           stm32f4xx_dma.o
    0x08001c1a   0x08001c1a   0x00000002   PAD
    0x08001c1c   0x08001c1c   0x00000158   Code   RO         2859    i.DMA_DeInit        stm32f4xx_dma.o
    0x08001d74   0x08001d74   0x00000016   Code   RO         2860    i.DMA_DoubleBufferModeCmd  stm32f4xx_dma.o
    0x08001d8a   0x08001d8a   0x00000018   Code   RO         2861    i.DMA_DoubleBufferModeConfig  stm32f4xx_dma.o
    0x08001da2   0x08001da2   0x00000008   Code   RO         2864    i.DMA_GetCurrDataCounter  stm32f4xx_dma.o
    0x08001daa   0x08001daa   0x00000014   Code   RO         2865    i.DMA_GetCurrentMemoryTarget  stm32f4xx_dma.o
    0x08001dbe   0x08001dbe   0x00000002   PAD
    0x08001dc0   0x08001dc0   0x00000064   Code   RO         2868    i.DMA_GetITStatus   stm32f4xx_dma.o
    0x08001e24   0x08001e24   0x0000003a   Code   RO         2869    i.DMA_ITConfig      stm32f4xx_dma.o
    0x08001e5e   0x08001e5e   0x00000002   PAD
    0x08001e60   0x08001e60   0x00000058   Code   RO         2870    i.DMA_Init          stm32f4xx_dma.o
    0x08001eb8   0x08001eb8   0x00000004   Code   RO         2873    i.DMA_SetCurrDataCounter  stm32f4xx_dma.o
    0x08001ebc   0x08001ebc   0x00000044   Code   RO          282    i.Delay_init        freertos_init.o
    0x08001f00   0x08001f00   0x00000020   Code   RO            6    i.Device_Init       main.o
    0x08001f20   0x08001f20   0x0000000a   Code   RO         1160    i.EXTI3_IRQHandler  gpio.o
    0x08001f2a   0x08001f2a   0x0000000a   Code   RO         1161    i.EXTI4_IRQHandler  gpio.o
    0x08001f34   0x08001f34   0x0000000a   Code   RO         1162    i.EXTI9_5_IRQHandler  gpio.o
    0x08001f3e   0x08001f3e   0x00000002   PAD
    0x08001f40   0x08001f40   0x0000000c   Code   RO         2989    i.EXTI_ClearITPendingBit  stm32f4xx_exti.o
    0x08001f4c   0x08001f4c   0x00000012   Code   RO         1282    i.FirstGetInto_KEY_PRESS  rc.o
    0x08001f5e   0x08001f5e   0x00000002   PAD
    0x08001f60   0x08001f60   0x00000038   Code   RO          283    i.FreeRTOS_Init     freertos_init.o
    0x08001f98   0x08001f98   0x0000014c   Code   RO          469    i.GIMBAL_TASK       gimbal_task.o
    0x080020e4   0x080020e4   0x00000090   Code   RO         3313    i.GPIO_Init         stm32f4xx_gpio.o
    0x08002174   0x08002174   0x00000046   Code   RO         3314    i.GPIO_PinAFConfig  stm32f4xx_gpio.o
    0x080021ba   0x080021ba   0x00000004   Code   RO         3320    i.GPIO_ResetBits    stm32f4xx_gpio.o
    0x080021be   0x080021be   0x00000004   Code   RO         3321    i.GPIO_SetBits      stm32f4xx_gpio.o
    0x080021c2   0x080021c2   0x00000002   PAD
    0x080021c4   0x080021c4   0x0000002c   Code   RO            7    i.Gimbal_System_Init  main.o
    0x080021f0   0x080021f0   0x000000b4   Code   RO          740    i.Gimbal_Yaw_Gryo_AngleSum  imu_task.o
    0x080022a4   0x080022a4   0x000002f0   Code   RO          741    i.IMU_TASK          imu_task.o
    0x08002594   0x08002594   0x00000680   Code   RO          742    i.IMU_getValues     imu_task.o
    0x08002c14   0x08002c14   0x0000005c   Code   RO          513    i.Judge_IF_AutoBlock  shoot_task.o
    0x08002c70   0x08002c70   0x0000003c   Code   RO          514    i.Judge_IF_SingeStuck  shoot_task.o
    0x08002cac   0x08002cac   0x0000008a   Code   RO         1283    i.KEY_State_Judge   rc.o
    0x08002d36   0x08002d36   0x00000002   PAD
    0x08002d38   0x08002d38   0x00000040   Code   RO          841    i.KalmanCreate      filter.o
    0x08002d78   0x08002d78   0x00000086   Code   RO          842    i.KalmanFilter      filter.o
    0x08002dfe   0x08002dfe   0x00000002   PAD
    0x08002e00   0x08002e00   0x00000064   Code   RO         1284    i.Key_B             rc.o
    0x08002e64   0x08002e64   0x00000080   Code   RO         1285    i.Key_C             rc.o
    0x08002ee4   0x08002ee4   0x00000074   Code   RO         1287    i.Key_E             rc.o
    0x08002f58   0x08002f58   0x00000054   Code   RO         1288    i.Key_MOUSE_L       rc.o
    0x08002fac   0x08002fac   0x0000007c   Code   RO         1289    i.Key_MOUSE_R       rc.o
    0x08003028   0x08003028   0x00000074   Code   RO         1290    i.Key_Q             rc.o
    0x0800309c   0x0800309c   0x00000080   Code   RO         1291    i.Key_R             rc.o
    0x0800311c   0x0800311c   0x00000054   Code   RO         1292    i.Key_SHIFT         rc.o
    0x08003170   0x08003170   0x0000007c   Code   RO         1293    i.Key_X             rc.o
    0x080031ec   0x080031ec   0x00000078   Code   RO         1294    i.Mouse_X_Speed     rc.o
    0x08003264   0x08003264   0x00000078   Code   RO         1295    i.Mouse_Y_Speed     rc.o
    0x080032dc   0x080032dc   0x00000078   Code   RO         2395    i.NVIC_Init         misc.o
    0x08003354   0x08003354   0x00000014   Code   RO         2396    i.NVIC_PriorityGroupConfig  misc.o
    0x08003368   0x08003368   0x0000023c   Code   RO          883    i.PID_Calculating   pid.o
    0x080035a4   0x080035a4   0x000000c0   Code   RO          884    i.PID_Init          pid.o
    0x08003664   0x08003664   0x00000056   Code   RO          885    i.PID_Init_ByParamArray  pid.o
    0x080036ba   0x080036ba   0x00000038   Code   RO          886    i.PID_Parameter_Init  pid.o
    0x080036f2   0x080036f2   0x00000002   PAD
    0x080036f4   0x080036f4   0x0000004c   Code   RO          887    i.PID_Reset         pid.o
    0x08003740   0x08003740   0x000001f0   Code   RO          965    i.PID_calc          temp_pid.o
    0x08003930   0x08003930   0x00000060   Code   RO          967    i.PID_init          temp_pid.o
    0x08003990   0x08003990   0x00000020   Code   RO         3468    i.RCC_AHB1PeriphClockCmd  stm32f4xx_rcc.o
    0x080039b0   0x080039b0   0x00000020   Code   RO         3477    i.RCC_APB1PeriphClockCmd  stm32f4xx_rcc.o
    0x080039d0   0x080039d0   0x00000020   Code   RO         3479    i.RCC_APB1PeriphResetCmd  stm32f4xx_rcc.o
    0x080039f0   0x080039f0   0x00000020   Code   RO         3480    i.RCC_APB2PeriphClockCmd  stm32f4xx_rcc.o
    0x08003a10   0x08003a10   0x00000020   Code   RO         3482    i.RCC_APB2PeriphResetCmd  stm32f4xx_rcc.o
    0x08003a30   0x08003a30   0x000000e8   Code   RO         3489    i.RCC_GetClocksFreq  stm32f4xx_rcc.o
    0x08003b18   0x08003b18   0x00000150   Code   RO         1296    i.RC_Init           rc.o
    0x08003c68   0x08003c68   0x00000160   Code   RO          796    i.Referee_get_Data  systemstate_task.o
    0x08003dc8   0x08003dc8   0x000000e0   Code   RO         1299    i.SBUS_TO_RC        rc.o
    0x08003ea8   0x08003ea8   0x000000b8   Code   RO          515    i.SHOOT_TASK        shoot_task.o
    0x08003f60   0x08003f60   0x000000d4   Code   RO         1122    i.SPI1_Init         spi.o
    0x08004034   0x08004034   0x00000058   Code   RO         1123    i.SPI1_ReadWriteByte  spi.o
    0x0800408c   0x0800408c   0x00000028   Code   RO         1124    i.SPI1_SetSpeed     spi.o
    0x080040b4   0x080040b4   0x00000018   Code   RO         3806    i.SPI_Cmd           stm32f4xx_spi.o
    0x080040cc   0x080040cc   0x00000012   Code   RO         3814    i.SPI_I2S_GetFlagStatus  stm32f4xx_spi.o
    0x080040de   0x080040de   0x00000006   Code   RO         3817    i.SPI_I2S_ReceiveData  stm32f4xx_spi.o
    0x080040e4   0x080040e4   0x00000004   Code   RO         3818    i.SPI_I2S_SendData  stm32f4xx_spi.o
    0x080040e8   0x080040e8   0x0000003c   Code   RO         3819    i.SPI_Init          stm32f4xx_spi.o
    0x08004124   0x08004124   0x000000a8   Code   RO          797    i.SYSTEMSTATE_TASK  systemstate_task.o
    0x080041cc   0x080041cc   0x000000ec   Code   RO         4855    i.SetSysClock       system_stm32f4xx.o
    0x080042b8   0x080042b8   0x00000054   Code   RO         1300    i.Sliding_Filter    rc.o
    0x0800430c   0x0800430c   0x0000007c   Code   RO          516    i.SpeedAdapt        shoot_task.o
    0x08004388   0x08004388   0x00000028   Code   RO         2399    i.SysTick_CLKSourceConfig  misc.o
    0x080043b0   0x080043b0   0x00000034   Code   RO         5334    i.SysTick_Handler   port.o
    0x080043e4   0x080043e4   0x00000068   Code   RO         4857    i.SystemInit        system_stm32f4xx.o
    0x0800444c   0x0800444c   0x00000170   Code   RO          284    i.System_Start_Task  freertos_init.o
    0x080045bc   0x080045bc   0x000000d0   Code   RO         1253    i.TIM1_PWM_Init     tim.o
    0x0800468c   0x0800468c   0x00000018   Code   RO         4032    i.TIM_ARRPreloadConfig  stm32f4xx_tim.o
    0x080046a4   0x080046a4   0x00000018   Code   RO         4044    i.TIM_Cmd           stm32f4xx_tim.o
    0x080046bc   0x080046bc   0x0000001e   Code   RO         4046    i.TIM_CtrlPWMOutputs  stm32f4xx_tim.o
    0x080046da   0x080046da   0x00000002   PAD
    0x080046dc   0x080046dc   0x0000007c   Code   RO         4073    i.TIM_OC1Init       stm32f4xx_tim.o
    0x08004758   0x08004758   0x00000012   Code   RO         4076    i.TIM_OC1PreloadConfig  stm32f4xx_tim.o
    0x0800476a   0x0800476a   0x00000002   PAD
    0x0800476c   0x0800476c   0x000000a0   Code   RO         4083    i.TIM_OC3Init       stm32f4xx_tim.o
    0x0800480c   0x0800480c   0x00000012   Code   RO         4086    i.TIM_OC3PreloadConfig  stm32f4xx_tim.o
    0x0800481e   0x0800481e   0x00000004   Code   RO         4106    i.TIM_SetCompare1   stm32f4xx_tim.o
    0x08004822   0x08004822   0x00000002   PAD
    0x08004824   0x08004824   0x00000084   Code   RO         4116    i.TIM_TimeBaseInit  stm32f4xx_tim.o
    0x080048a8   0x080048a8   0x00000158   Code   RO          517    i.Temp_Fix_speed    shoot_task.o
    0x08004a00   0x08004a00   0x00000148   Code   RO          518    i.Trigger_Speed_deliver  shoot_task.o
    0x08004b48   0x08004b48   0x000000ec   Code   RO         1301    i.USART3_IRQHandler  rc.o
    0x08004c34   0x08004c34   0x00000048   Code   RO         1059    i.USART6_IRQHandler  uart.o
    0x08004c7c   0x08004c7c   0x00000012   Code   RO         4594    i.USART_ClearFlag   stm32f4xx_usart.o
    0x08004c8e   0x08004c8e   0x00000018   Code   RO         4598    i.USART_Cmd         stm32f4xx_usart.o
    0x08004ca6   0x08004ca6   0x00000012   Code   RO         4599    i.USART_DMACmd      stm32f4xx_usart.o
    0x08004cb8   0x08004cb8   0x000000f0   Code   RO         4600    i.USART_DeInit      stm32f4xx_usart.o
    0x08004da8   0x08004da8   0x00000054   Code   RO         4602    i.USART_GetITStatus  stm32f4xx_usart.o
    0x08004dfc   0x08004dfc   0x0000004a   Code   RO         4604    i.USART_ITConfig    stm32f4xx_usart.o
    0x08004e46   0x08004e46   0x00000002   PAD
    0x08004e48   0x08004e48   0x000000d4   Code   RO         4605    i.USART_Init        stm32f4xx_usart.o
    0x08004f1c   0x08004f1c   0x0000000a   Code   RO         4612    i.USART_ReceiveData  stm32f4xx_usart.o
    0x08004f26   0x08004f26   0x00000002   PAD
    0x08004f28   0x08004f28   0x00000050   Code   RO          627    i.VISION_TASK       vision_task.o
    0x08004f78   0x08004f78   0x000001f4   Code   RO         2100    i.Vision_Check_Data  vision.o
    0x0800516c   0x0800516c   0x00000026   Code   RO         6666    i.__ARM_fpclassifyf  m_wm.l(fpclassifyf.o)
    0x08005192   0x08005192   0x00000002   PAD
    0x08005194   0x08005194   0x0000012c   Code   RO         6573    i.__hardfp_asinf    m_wm.l(asinf.o)
    0x080052c0   0x080052c0   0x000002ac   Code   RO         6585    i.__hardfp_atan2f   m_wm.l(atan2f.o)
    0x0800556c   0x0800556c   0x0000003a   Code   RO         6621    i.__hardfp_sqrtf    m_wm.l(sqrtf_full.o)
    0x080055a6   0x080055a6   0x00000006   Code   RO         6669    i.__mathlib_flt_infnan  m_wm.l(funder.o)
    0x080055ac   0x080055ac   0x00000006   Code   RO         6670    i.__mathlib_flt_infnan2  m_wm.l(funder.o)
    0x080055b2   0x080055b2   0x00000002   PAD
    0x080055b4   0x080055b4   0x00000010   Code   RO         6671    i.__mathlib_flt_invalid  m_wm.l(funder.o)
    0x080055c4   0x080055c4   0x00000010   Code   RO         6674    i.__mathlib_flt_underflow  m_wm.l(funder.o)
    0x080055d4   0x080055d4   0x0000000e   Code   RO         6725    i.__scatterload_copy  mc_w.l(handlers.o)
    0x080055e2   0x080055e2   0x00000002   Code   RO         6726    i.__scatterload_null  mc_w.l(handlers.o)
    0x080055e4   0x080055e4   0x0000000e   Code   RO         6727    i.__scatterload_zeroinit  mc_w.l(handlers.o)
    0x080055f2   0x080055f2   0x00000002   PAD
    0x080055f4   0x080055f4   0x0000000c   Code   RO         6709    i.__set_errno       mc_w.l(errno.o)
    0x08005600   0x08005600   0x000001d0   Code   RO         6318    i.accel_comple_filter  AHRS.lib(ahrs.o)
    0x080057d0   0x080057d0   0x0000018c   Code   RO         6319    i.accel_update_kp_ki  AHRS.lib(ahrs.o)
    0x0800595c   0x0800595c   0x0000016c   Code   RO         6320    i.angle_to_quat     AHRS.lib(ahrs.o)
    0x08005ac8   0x08005ac8   0x00000128   Code   RO         1823    i.bmi088_accel_init  bmi088.o
    0x08005bf0   0x08005bf0   0x000000f4   Code   RO         1824    i.bmi088_gyro_init  bmi088.o
    0x08005ce4   0x08005ce4   0x0000006c   Code   RO          356    i.chassis_Ctrl      chassis_task.o
    0x08005d50   0x08005d50   0x00000014   Code   RO          357    i.chassis_Mode_Handoff  chassis_task.o
    0x08005d64   0x08005d64   0x00000014   Code   RO          358    i.chassis_State_Handoff  chassis_task.o
    0x08005d78   0x08005d78   0x00000040   Code   RO          285    i.delay_ms          freertos_init.o
    0x08005db8   0x08005db8   0x00000048   Code   RO          286    i.delay_us          freertos_init.o
    0x08005e00   0x08005e00   0x00000128   Code   RO         2056    i.encoder2Angle     motor.o
    0x08005f28   0x08005f28   0x0000011c   Code   RO         2057    i.get_Motor_Data    motor.o
    0x08006044   0x08006044   0x000000e8   Code   RO         6321    i.get_angle         AHRS.lib(ahrs.o)
    0x0800612c   0x0800612c   0x0000007c   Code   RO          628    i.get_delta_time    vision_task.o
    0x080061a8   0x080061a8   0x00000380   Code   RO          470    i.gimbal_Posture_Ctrl  gimbal_task.o
    0x08006528   0x08006528   0x00000080   Code   RO          471    i.gimbal_State_Handoff  gimbal_task.o
    0x080065a8   0x080065a8   0x000000d4   Code   RO         1163    i.gpio_Init         gpio.o
    0x0800667c   0x0800667c   0x0000012c   Code   RO          743    i.imu_cali_slove    imu_task.o
    0x080067a8   0x080067a8   0x000000ac   Code   RO          744    i.imu_temp_control  imu_task.o
    0x08006854   0x08006854   0x00000008   Code   RO            8    i.main              main.o
    0x0800685c   0x0800685c   0x00000030   Code   RO         1060    i.myprintf          uart.o
    0x0800688c   0x0800688c   0x00000098   Code   RO         5781    i.prvAddCurrentTaskToDelayedList  tasks.o
    0x08006924   0x08006924   0x000000b8   Code   RO         5782    i.prvAddNewTaskToReadyList  tasks.o
    0x080069dc   0x080069dc   0x00000064   Code   RO         6133    i.prvCheckForValidListAndQueue  timers.o
    0x08006a40   0x08006a40   0x00000048   Code   RO         5783    i.prvCheckTasksWaitingTermination  tasks.o
    0x08006a88   0x08006a88   0x0000002a   Code   RO         5563    i.prvCopyDataFromQueue  queue.o
    0x08006ab2   0x08006ab2   0x0000007e   Code   RO         5564    i.prvCopyDataToQueue  queue.o
    0x08006b30   0x08006b30   0x00000012   Code   RO         5784    i.prvDeleteTCB      tasks.o
    0x08006b42   0x08006b42   0x00000002   PAD
    0x08006b44   0x08006b44   0x00000028   Code   RO         6134    i.prvGetNextExpireTime  timers.o
    0x08006b6c   0x08006b6c   0x0000007c   Code   RO         5259    i.prvHeapInit       heap_4.o
    0x08006be8   0x08006be8   0x00000028   Code   RO         5785    i.prvIdleTask       tasks.o
    0x08006c10   0x08006c10   0x0000002a   Code   RO         5567    i.prvInitialiseNewQueue  queue.o
    0x08006c3a   0x08006c3a   0x000000be   Code   RO         5786    i.prvInitialiseNewTask  tasks.o
    0x08006cf8   0x08006cf8   0x00000068   Code   RO         5787    i.prvInitialiseTaskLists  tasks.o
    0x08006d60   0x08006d60   0x00000068   Code   RO         5260    i.prvInsertBlockIntoFreeList  heap_4.o
    0x08006dc8   0x08006dc8   0x00000058   Code   RO         6136    i.prvInsertTimerInActiveList  timers.o
    0x08006e20   0x08006e20   0x0000001a   Code   RO         5568    i.prvIsQueueEmpty   queue.o
    0x08006e3a   0x08006e3a   0x0000001e   Code   RO         5569    i.prvIsQueueFull    queue.o
    0x08006e58   0x08006e58   0x00000074   Code   RO         6137    i.prvProcessExpiredTimer  timers.o
    0x08006ecc   0x08006ecc   0x00000138   Code   RO         6138    i.prvProcessReceivedCommands  timers.o
    0x08007004   0x08007004   0x00000074   Code   RO         6139    i.prvProcessTimerOrBlockTask  timers.o
    0x08007078   0x08007078   0x00000034   Code   RO         5789    i.prvResetNextTaskUnblockTime  tasks.o
    0x080070ac   0x080070ac   0x0000002c   Code   RO         6140    i.prvSampleTimeNow  timers.o
    0x080070d8   0x080070d8   0x000000a4   Code   RO         6141    i.prvSwitchTimerLists  timers.o
    0x0800717c   0x0800717c   0x00000040   Code   RO         5335    i.prvTaskExitError  port.o
    0x080071bc   0x080071bc   0x0000001a   Code   RO         6142    i.prvTimerTask      timers.o
    0x080071d6   0x080071d6   0x0000007e   Code   RO         5570    i.prvUnlockQueue    queue.o
    0x08007254   0x08007254   0x0000013c   Code   RO         5261    i.pvPortMalloc      heap_4.o
    0x08007390   0x08007390   0x0000002c   Code   RO         5336    i.pxPortInitialiseStack  port.o
    0x080073bc   0x080073bc   0x00000084   Code   RO         6326    i.quat_normalization  AHRS.lib(ahrs.o)
    0x08007440   0x08007440   0x00000068   Code   RO          925    i.ramp_Float        assist.o
    0x080074a8   0x080074a8   0x00000014   Code   RO         1302    i.remote_control_init  rc.o
    0x080074bc   0x080074bc   0x00000150   Code   RO          629    i.send2uart1        vision_task.o
    0x0800760c   0x0800760c   0x00000078   Code   RO          519    i.shoot_State_Handoff  shoot_task.o
    0x08007684   0x08007684   0x0000003e   Code   RO         6623    i.sqrtf             m_wm.l(sqrtf_full.o)
    0x080076c2   0x080076c2   0x00000002   PAD
    0x080076c4   0x080076c4   0x00000024   Code   RO          520    i.switch_shoot_mode  shoot_task.o
    0x080076e8   0x080076e8   0x00000224   Code   RO          521    i.trigger_Ctrl      shoot_task.o
    0x0800790c   0x0800790c   0x00000048   Code   RO          522    i.trigger_Stall_Handle  shoot_task.o
    0x08007954   0x08007954   0x000001d8   Code   RO         1061    i.uart1_Init        uart.o
    0x08007b2c   0x08007b2c   0x00000148   Code   RO         1062    i.uart2_Init        uart.o
    0x08007c74   0x08007c74   0x0000007a   Code   RO         6327    i.update_w          AHRS.lib(ahrs.o)
    0x08007cee   0x08007cee   0x00000028   Code   RO         5523    i.uxListRemove      list.o
    0x08007d16   0x08007d16   0x0000001a   Code   RO         5524    i.vListInitialise   list.o
    0x08007d30   0x08007d30   0x00000006   Code   RO         5525    i.vListInitialiseItem  list.o
    0x08007d36   0x08007d36   0x00000034   Code   RO         5526    i.vListInsert       list.o
    0x08007d6a   0x08007d6a   0x00000018   Code   RO         5527    i.vListInsertEnd    list.o
    0x08007d82   0x08007d82   0x00000002   PAD
    0x08007d84   0x08007d84   0x00000054   Code   RO         5338    i.vPortEnterCritical  port.o
    0x08007dd8   0x08007dd8   0x0000003c   Code   RO         5339    i.vPortExitCritical  port.o
    0x08007e14   0x08007e14   0x00000094   Code   RO         5262    i.vPortFree         heap_4.o
    0x08007ea8   0x08007ea8   0x00000028   Code   RO         5340    i.vPortSetupTimerInterrupt  port.o
    0x08007ed0   0x08007ed0   0x00000078   Code   RO         5341    i.vPortValidateInterruptPriority  port.o
    0x08007f48   0x08007f48   0x0000002c   Code   RO         5576    i.vQueueAddToRegistry  queue.o
    0x08007f74   0x08007f74   0x0000004a   Code   RO         5580    i.vQueueWaitForMessageRestricted  queue.o
    0x08007fbe   0x08007fbe   0x00000002   PAD
    0x08007fc0   0x08007fc0   0x0000005c   Code   RO         5800    i.vTaskDelay        tasks.o
    0x0800801c   0x0800801c   0x000000d4   Code   RO         5801    i.vTaskDelayUntil   tasks.o
    0x080080f0   0x080080f0   0x000000f4   Code   RO         5802    i.vTaskDelete       tasks.o
    0x080081e4   0x080081e4   0x00000018   Code   RO         5805    i.vTaskInternalSetTimeOutState  tasks.o
    0x080081fc   0x080081fc   0x0000000c   Code   RO         5806    i.vTaskMissedYield  tasks.o
    0x08008208   0x08008208   0x00000038   Code   RO         5808    i.vTaskPlaceOnEventList  tasks.o
    0x08008240   0x08008240   0x00000040   Code   RO         5809    i.vTaskPlaceOnEventListRestricted  tasks.o
    0x08008280   0x08008280   0x00000094   Code   RO         5817    i.vTaskStartScheduler  tasks.o
    0x08008314   0x08008314   0x00000010   Code   RO         5819    i.vTaskSuspendAll   tasks.o
    0x08008324   0x08008324   0x0000008c   Code   RO         5820    i.vTaskSwitchContext  tasks.o
    0x080083b0   0x080083b0   0x0000028c   Code   RO          523    i.wheel_Ctrl        shoot_task.o
    0x0800863c   0x0800863c   0x00000168   Code   RO         5342    i.xPortStartScheduler  port.o
    0x080087a4   0x080087a4   0x0000005a   Code   RO         5583    i.xQueueGenericCreate  queue.o
    0x080087fe   0x080087fe   0x00000002   PAD
    0x08008800   0x08008800   0x00000098   Code   RO         5584    i.xQueueGenericReset  queue.o
    0x08008898   0x08008898   0x000001a8   Code   RO         5585    i.xQueueGenericSend  queue.o
    0x08008a40   0x08008a40   0x000000f8   Code   RO         5586    i.xQueueGenericSendFromISR  queue.o
    0x08008b38   0x08008b38   0x00000168   Code   RO         5593    i.xQueueReceive     queue.o
    0x08008ca0   0x08008ca0   0x0000008c   Code   RO         5821    i.xTaskCheckForTimeOut  tasks.o
    0x08008d2c   0x08008d2c   0x00000060   Code   RO         5822    i.xTaskCreate       tasks.o
    0x08008d8c   0x08008d8c   0x00000020   Code   RO         5826    i.xTaskGetSchedulerState  tasks.o
    0x08008dac   0x08008dac   0x0000000c   Code   RO         5827    i.xTaskGetTickCount  tasks.o
    0x08008db8   0x08008db8   0x00000148   Code   RO         5829    i.xTaskIncrementTick  tasks.o
    0x08008f00   0x08008f00   0x000000c8   Code   RO         5832    i.xTaskPriorityDisinherit  tasks.o
    0x08008fc8   0x08008fc8   0x00000098   Code   RO         5834    i.xTaskRemoveFromEventList  tasks.o
    0x08009060   0x08009060   0x00000104   Code   RO         5835    i.xTaskResumeAll    tasks.o
    0x08009164   0x08009164   0x00000058   Code   RO         6149    i.xTimerCreateTimerTask  timers.o
    0x080091bc   0x080091bc   0x00000084   Code   RO         6150    i.xTimerGenericCommand  timers.o
    0x08009240   0x08009240   0x0000000c   Data   RO          746    .constdata          imu_task.o
    0x0800924c   0x0800924c   0x0000000c   Data   RO         6328    .constdata          AHRS.lib(ahrs.o)
    0x08009258   0x08009258   0x00000804   Data   RO         6538    .constdata          arm_cortexM4lf_math.lib(arm_common_tables.o)
    0x08009a5c   0x08009a5c   0x00000020   Data   RO         6723    Region$$Table       anon$$obj.o


    Execution Region RW_IRAM1 (Exec base: 0x20000000, Load base: 0x08009a7c, Size: 0x00016718, Max: 0x00020000, ABSOLUTE, COMPRESSED[0x000002d0])

    Exec Addr    Load Addr    Size         Type   Attr      Idx    E Section Name        Object

    0x20000000   COMPRESSED   0x00000028   Data   RW          288    .data               freertos_init.o
    0x20000028   COMPRESSED   0x0000001c   Data   RW          359    .data               chassis_task.o
    0x20000044   COMPRESSED   0x00000160   Data   RW          472    .data               gimbal_task.o
    0x200001a4   COMPRESSED   0x000001d4   Data   RW          524    .data               shoot_task.o
    0x20000378   COMPRESSED   0x00000004   Data   RW          597    .data               cover_task.o
    0x2000037c   COMPRESSED   0x0000002c   Data   RW          630    .data               vision_task.o
    0x200003a8   COMPRESSED   0x000001e9   Data   RW          747    .data               imu_task.o
    0x20000591   COMPRESSED   0x00000003   PAD
    0x20000594   COMPRESSED   0x00000050   Data   RW          799    .data               systemstate_task.o
    0x200005e4   COMPRESSED   0x000000b8   Data   RW         1009    .data               can.o
    0x2000069c   COMPRESSED   0x00000007   Data   RW         1064    .data               uart.o
    0x200006a3   COMPRESSED   0x00000001   PAD
    0x200006a4   COMPRESSED   0x00000011   Data   RW         1304    .data               rc.o
    0x200006b5   COMPRESSED   0x00000003   PAD
    0x200006b8   COMPRESSED   0x00000034   Data   RW         1826    .data               bmi088.o
    0x200006ec   COMPRESSED   0x00000384   Data   RW         2059    .data               motor.o
    0x20000a70   COMPRESSED   0x00000038   Data   RW         2101    .data               vision.o
    0x20000aa8   COMPRESSED   0x00000010   Data   RW         3520    .data               stm32f4xx_rcc.o
    0x20000ab8   COMPRESSED   0x00000014   Data   RW         4858    .data               system_stm32f4xx.o
    0x20000acc   COMPRESSED   0x00000018   Data   RW         5267    .data               heap_4.o
    0x20000ae4   COMPRESSED   0x0000000c   Data   RW         5343    .data               port.o
    0x20000af0   COMPRESSED   0x0000003c   Data   RW         5838    .data               tasks.o
    0x20000b2c   COMPRESSED   0x00000014   Data   RW         6156    .data               timers.o
    0x20000b40   COMPRESSED   0x00000010   Data   RW         6329    .data               AHRS.lib(ahrs.o)
    0x20000b50   COMPRESSED   0x00000004   Data   RW         6710    .data               mc_w.l(errno.o)
    0x20000b54        -       0x00000010   Zero   RW            9    .bss                main.o
    0x20000b64   COMPRESSED   0x00000004   PAD
    0x20000b68        -       0x00000ba0   Zero   RW          745    .bss                imu_task.o
    0x20001708        -       0x00000028   Zero   RW         1008    .bss                can.o
    0x20001730        -       0x00000024   Zero   RW         1063    .bss                uart.o
    0x20001754        -       0x00000220   Zero   RW         1303    .bss                rc.o
    0x20001974        -       0x0000003c   Zero   RW         1825    .bss                bmi088.o
    0x200019b0        -       0x00000038   Zero   RW         2058    .bss                motor.o
    0x200019e8        -       0x00012c00   Zero   RW         5266    .bss                heap_4.o
    0x200145e8        -       0x00000040   Zero   RW         5597    .bss                queue.o
    0x20014628        -       0x000000c8   Zero   RW         5837    .bss                tasks.o
    0x200146f0        -       0x00000028   Zero   RW         6155    .bss                timers.o
    0x20014718        -       0x00002000   Zero   RW         2385    STACK               startup_stm32f407xx.o


==============================================================================

Image component sizes


      Code (inc. data)   RO Data    RW Data    ZI Data      Debug   Object Name

       168          4          0          0          0       5344   ahrs_middleware.o
       104          6          0          0          0        705   assist.o
      1192         30          0         52         60       9433   bmi088.o
       180         16          0          0          0       3991   bmi088middleware.o
       704         58          0        184         40       3342   can.o
       252         42          0         28          0      11393   chassis_task.o
        76         10          0          4          0        880   cover_task.o
       508         18          0          0          0        808   dbus_task.o
         0          0          0          0          0       8172   event_groups.o
       198          6          0          0          0       2970   filter.o
       628        222          0         40          0       3725   freertos_init.o
      1356        114          0        352          0       3729   gimbal_task.o
       410         26          0          0          0       2787   gpio.o
       692         62          0         24      76800      14075   heap_4.o
      3068        250         12        489       2976       9006   imu_task.o
       148          0          0          0          0       3230   list.o
       176         26          0          0         16     344566   main.o
       180         24          0          0          0       2097   misc.o
       580         38          0        900         56       4683   motor.o
       982         22          0          0          0       4166   pid.o
      1014         92          0         12          0      11473   port.o
      1784         20          0          0         64      15714   queue.o
      2300        290          0         17        544      15320   rc.o
      2560        266          0        468          0       9094   shoot_task.o
       340         22          0          0          0       1929   spi.o
        36          8        392          0       8192        812   startup_stm32f407xx.o
      1092          6          0          0          0       4448   stm32f4xx_can.o
       794         72          0          0          0       8865   stm32f4xx_dma.o
        12          6          0          0          0        545   stm32f4xx_exti.o
       222          0          0          0          0       2903   stm32f4xx_gpio.o
       392         48          0         16          0       5825   stm32f4xx_rcc.o
       112          0          0          0          0       3522   stm32f4xx_spi.o
       534         48          0          0          0       6237   stm32f4xx_tim.o
       680         42          0          0          0       6162   stm32f4xx_usart.o
       340         32          0         20          0       1877   system_stm32f4xx.o
       520         34          0         80          0       3363   systemstate_task.o
      3040        402          0         60        200      25938   tasks.o
       592          8          0          0          0       2522   temp_pid.o
       208         10          0          0          0        704   tim.o
      1226        116          0         20         40      14255   timers.o
      1016         92          0          7         36       4749   uart.o
       500         58          0         56          0       2683   vision.o
       540         56          0         44          0       6751   vision_task.o

    ----------------------------------------------------------------------
     31498       2702        436       2880      89028     594793   Object Totals
         0          0         32          0          0          0   (incl. Generated)
        42          0          0          7          4          0   (incl. Padding)

    ----------------------------------------------------------------------

      Code (inc. data)   RO Data    RW Data    ZI Data      Debug   Library Member Name

      2718         84         12         16          0       9922   ahrs.o
         0          0       2052          0          0       4636   arm_common_tables.o
       120         12          0          0          0      16970   arm_cos_f32.o
       116         12          0          0          0        658   arm_sin_f32.o
       300         42          0          0          0        176   asinf.o
       684         90          0          0          0        208   atan2f.o
        38          0          0          0          0        116   fpclassifyf.o
        44         12          0          0          0        464   funder.o
       120          0          0          0          0        272   sqrtf_full.o
        86          0          0          0          0          0   __dczerorl2.o
         0          0          0          0          0          0   entry.o
         0          0          0          0          0          0   entry10a.o
         0          0          0          0          0          0   entry11a.o
         4          0          0          0          0          0   entry12b.o
         8          4          0          0          0          0   entry2.o
         4          0          0          0          0          0   entry5.o
         0          0          0          0          0          0   entry7b.o
         0          0          0          0          0          0   entry8b.o
         8          4          0          0          0          0   entry9a.o
        12          6          0          4          0         68   errno.o
        30          0          0          0          0          0   handlers.o
        36          8          0          0          0         68   init.o
         0          0          0          0          0          0   iusefp.o
        30          0          0          0          0         68   llshl.o
        36          0          0          0          0         68   llsshr.o
        32          0          0          0          0         68   llushr.o
        36          0          0          0          0         68   memcpya.o
        36          0          0          0          0        108   memseta.o
        56          0          0          0          0         88   d2f.o
       334          0          0          0          0        148   dadd.o
       186          0          0          0          0        176   depilogue.o
        62          0          0          0          0         80   dfixi.o
        26          0          0          0          0         76   dfltui.o
       228          0          0          0          0         96   dmul.o
        38          0          0          0          0         68   f2d.o
       110          0          0          0          0        168   fepilogue.o

    ----------------------------------------------------------------------
      5550        274       2064         20          0      34838   Library Totals
        12          0          0          0          0          0   (incl. Padding)

    ----------------------------------------------------------------------

      Code (inc. data)   RO Data    RW Data    ZI Data      Debug   Library Name

      2718         84         12         16          0       9922   AHRS.lib
       236         24       2052          0          0      22264   arm_cortexM4lf_math.lib
      1186        144          0          0          0       1236   m_wm.l
       358         22          0          4          0        516   mc_w.l
      1040          0          0          0          0        900   mf_w.l

    ----------------------------------------------------------------------
      5550        274       2064         20          0      34838   Library Totals

    ----------------------------------------------------------------------

==============================================================================


      Code (inc. data)   RO Data    RW Data    ZI Data      Debug   

     37048       2976       2500       2900      89028     605191   Grand Totals
     37048       2976       2500        720      89028     605191   ELF Image Totals (compressed)
     37048       2976       2500        720          0          0   ROM Totals

==============================================================================

    Total RO  Size (Code + RO Data)                39548 (  38.62kB)
    Total RW  Size (RW Data + ZI Data)             91928 (  89.77kB)
    Total ROM Size (Code + RO Data + RW Data)      40268 (  39.32kB)

==============================================================================

