Component: ARM Compiler 5.06 update 7 (build 960) Tool: armlink [4d3601]

==============================================================================

Section Cross References

    main.o(i.Bsp_Init) refers to gpio.o(i.gpio_Init) for gpio_Init
    main.o(i.Bsp_Init) refers to myiic.o(i.IIC_Init) for IIC_Init
    main.o(i.Bsp_Init) refers to rc.o(i.remote_control_init) for remote_control_init
    main.o(i.Bsp_Init) refers to referee.o(i.Referee_Init) for Referee_Init
    main.o(i.Bsp_Init) refers to can.o(i.CAN1_Init) for CAN1_Init
    main.o(i.Bsp_Init) refers to can.o(i.CAN2_Init) for CAN2_Init
    main.o(i.Bsp_Init) refers to usart.o(i.uart7_Init) for uart7_Init
    main.o(i.Bsp_Init) refers to usart.o(i.uart3_Init) for uart3_Init
    main.o(i.Bsp_Init) refers to spi.o(i.SPI5_Init) for SPI5_Init
    main.o(i.Bsp_Init) refers to spi.o(i.SPI5_SetSpeed) for SPI5_SetSpeed
    main.o(i.Bsp_Init) refers to imu.o(i.MPU6500_Init) for MPU6500_Init
    main.o(i.Chassis_System_Init) refers to misc.o(i.NVIC_PriorityGroupConfig) for NVIC_PriorityGroupConfig
    main.o(i.Chassis_System_Init) refers to delay.o(i.delay_init) for delay_init
    main.o(i.Chassis_System_Init) refers to main.o(i.Bsp_Init) for Bsp_Init
    main.o(i.Chassis_System_Init) refers to freertos_init.o(i.FreeRTOS_Init) for FreeRTOS_Init
    main.o(i.main) refers to main.o(i.Chassis_System_Init) for Chassis_System_Init
    main.o(i.main) refers to tasks.o(i.vTaskStartScheduler) for vTaskStartScheduler
    freertos_init.o(i.FreeRTOS_Init) refers to tasks.o(i.xTaskCreate) for xTaskCreate
    freertos_init.o(i.FreeRTOS_Init) refers to tasks.o(i.vTaskStartScheduler) for vTaskStartScheduler
    freertos_init.o(i.FreeRTOS_Init) refers to freertos_init.o(.data) for SystemStart_Task_Handler
    freertos_init.o(i.FreeRTOS_Init) refers to freertos_init.o(i.System_Start_Task) for System_Start_Task
    freertos_init.o(i.SysTick_Handler) refers to tasks.o(i.xTaskGetSchedulerState) for xTaskGetSchedulerState
    freertos_init.o(i.SysTick_Handler) refers to port.o(i.xPortSysTickHandler) for xPortSysTickHandler
    freertos_init.o(i.System_Start_Task) refers to port.o(i.vPortEnterCritical) for vPortEnterCritical
    freertos_init.o(i.System_Start_Task) refers to tasks.o(i.xTaskCreate) for xTaskCreate
    freertos_init.o(i.System_Start_Task) refers to tasks.o(i.vTaskDelete) for vTaskDelete
    freertos_init.o(i.System_Start_Task) refers to port.o(i.vPortExitCritical) for vPortExitCritical
    freertos_init.o(i.System_Start_Task) refers to freertos_init.o(.data) for IMU_Task_Handler
    freertos_init.o(i.System_Start_Task) refers to imutask.o(i.ImuTask) for ImuTask
    freertos_init.o(i.System_Start_Task) refers to chassistask.o(i.ChassisTask) for ChassisTask
    freertos_init.o(i.System_Start_Task) refers to interactask.o(i.InteracTask) for InteracTask
    chassistask.o(i.AcclerateCurve) refers to powf.o(i.__hardfp_powf) for __hardfp_powf
    chassistask.o(i.CHAS_Motor_Stop) refers to chassistask.o(.data) for chassis
    chassistask.o(i.CHAS_Motor_Stop) refers to can.o(.data) for CAN_TxMsg
    chassistask.o(i.CHAS_Posture_Ctrl) refers to chassistask.o(i.Chassis_VariableCurve) for Chassis_VariableCurve
    chassistask.o(i.CHAS_Posture_Ctrl) refers to chassistask.o(i.CHAS_Power_Control) for CHAS_Power_Control
    chassistask.o(i.CHAS_Posture_Ctrl) refers to chassistask.o(.data) for chassis
    chassistask.o(i.CHAS_Posture_Ctrl) refers to motor.o(.data) for Chassis_Motor
    chassistask.o(i.CHAS_Posture_Ctrl) refers to can.o(.data) for H
    chassistask.o(i.CHAS_Power_Control) refers to rc.o(i.Key_CTRL) for Key_CTRL
    chassistask.o(i.CHAS_Power_Control) refers to sqrtf_full.o(i.__hardfp_sqrtf) for __hardfp_sqrtf
    chassistask.o(i.CHAS_Power_Control) refers to referee_info.o(.bss) for game_robot_state
    chassistask.o(i.CHAS_STATE_Switch) refers to tasks.o(i.xTaskGetTickCount) for xTaskGetTickCount
    chassistask.o(i.CHAS_STATE_Switch) refers to chassistask.o(.data) for chassis
    chassistask.o(i.CHAS_Set_PID) refers to pid.o(i.PID_Init_ByParamArray) for PID_Init_ByParamArray
    chassistask.o(i.CHAS_Set_PID) refers to filter.o(i.KalmanCreate) for KalmanCreate
    chassistask.o(i.CHAS_Set_PID) refers to chassistask.o(.data) for CHAS_PID_Param
    chassistask.o(i.CHAS_Set_PID) refers to chassistask.o(.bss) for KF_FOLO_Angle
    chassistask.o(i.ChassisTask) refers to chassistask.o(i.CHAS_Set_PID) for CHAS_Set_PID
    chassistask.o(i.ChassisTask) refers to tasks.o(i.xTaskGetTickCount) for xTaskGetTickCount
    chassistask.o(i.ChassisTask) refers to chassistask.o(i.CHAS_STATE_Switch) for CHAS_STATE_Switch
    chassistask.o(i.ChassisTask) refers to chassistask.o(i.CHAS_Motor_Stop) for CHAS_Motor_Stop
    chassistask.o(i.ChassisTask) refers to chassistask.o(i.Omnidirection_FITTING) for Omnidirection_FITTING
    chassistask.o(i.ChassisTask) refers to chassistask.o(i.CHAS_Posture_Ctrl) for CHAS_Posture_Ctrl
[...]
    I2C1_ER_IRQHandler                       0x08000371   Thumb Code     0  startup_stm32f427xx.o(.text)
    I2C1_EV_IRQHandler                       0x08000371   Thumb Code     0  startup_stm32f427xx.o(.text)
    I2C2_ER_IRQHandler                       0x08000371   Thumb Code     0  startup_stm32f427xx.o(.text)
    I2C2_EV_IRQHandler                       0x08000371   Thumb Code     0  startup_stm32f427xx.o(.text)
    I2C3_ER_IRQHandler                       0x08000371   Thumb Code     0  startup_stm32f427xx.o(.text)
    I2C3_EV_IRQHandler                       0x08000371   Thumb Code     0  startup_stm32f427xx.o(.text)
    OTG_FS_IRQHandler                        0x08000371   Thumb Code     0  startup_stm32f427xx.o(.text)
    OTG_FS_WKUP_IRQHandler                   0x08000371   Thumb Code     0  startup_stm32f427xx.o(.text)
    OTG_HS_EP1_IN_IRQHandler                 0x08000371   Thumb Code     0  startup_stm32f427xx.o(.text)
    OTG_HS_EP1_OUT_IRQHandler                0x08000371   Thumb Code     0  startup_stm32f427xx.o(.text)
    OTG_HS_IRQHandler                        0x08000371   Thumb Code     0  startup_stm32f427xx.o(.text)
    OTG_HS_WKUP_IRQHandler                   0x08000371   Thumb Code     0  startup_stm32f427xx.o(.text)
    PVD_IRQHandler                           0x08000371   Thumb Code     0  startup_stm32f427xx.o(.text)
    RCC_IRQHandler                           0x08000371   Thumb Code     0  startup_stm32f427xx.o(.text)
    RTC_Alarm_IRQHandler                     0x08000371   Thumb Code     0  startup_stm32f427xx.o(.text)
    RTC_WKUP_IRQHandler                      0x08000371   Thumb Code     0  startup_stm32f427xx.o(.text)
    SAI1_IRQHandler                          0x08000371   Thumb Code     0  startup_stm32f427xx.o(.text)
    SDIO_IRQHandler                          0x08000371   Thumb Code     0  startup_stm32f427xx.o(.text)
    SPI1_IRQHandler                          0x08000371   Thumb Code     0  startup_stm32f427xx.o(.text)
    SPI2_IRQHandler                          0x08000371   Thumb Code     0  startup_stm32f427xx.o(.text)
    SPI3_IRQHandler                          0x08000371   Thumb Code     0  startup_stm32f427xx.o(.text)
    SPI4_IRQHandler                          0x08000371   Thumb Code     0  startup_stm32f427xx.o(.text)
    SPI5_IRQHandler                          0x08000371   Thumb Code     0  startup_stm32f427xx.o(.text)
    SPI6_IRQHandler                          0x08000371   Thumb Code     0  startup_stm32f427xx.o(.text)
    TAMP_STAMP_IRQHandler                    0x08000371   Thumb Code     0  startup_stm32f427xx.o(.text)
    TIM1_BRK_TIM9_IRQHandler                 0x08000371   Thumb Code     0  startup_stm32f427xx.o(.text)
    TIM1_CC_IRQHandler                       0x08000371   Thumb Code     0  startup_stm32f427xx.o(.text)
    TIM1_TRG_COM_TIM11_IRQHandler            0x08000371   Thumb Code     0  startup_stm32f427xx.o(.text)
    TIM1_UP_TIM10_IRQHandler                 0x08000371   Thumb Code     0  startup_stm32f427xx.o(.text)
    TIM2_IRQHandler                          0x08000371   Thumb Code     0  startup_stm32f427xx.o(.text)
    TIM3_IRQHandler                          0x08000371   Thumb Code     0  startup_stm32f427xx.o(.text)
    TIM4_IRQHandler                          0x08000371   Thumb Code     0  startup_stm32f427xx.o(.text)
    TIM5_IRQHandler                          0x08000371   Thumb Code     0  startup_stm32f427xx.o(.text)
    TIM6_DAC_IRQHandler                      0x08000371   Thumb Code     0  startup_stm32f427xx.o(.text)
    TIM7_IRQHandler                          0x08000371   Thumb Code     0  startup_stm32f427xx.o(.text)
    TIM8_BRK_TIM12_IRQHandler                0x08000371   Thumb Code     0  startup_stm32f427xx.o(.text)
    TIM8_CC_IRQHandler                       0x08000371   Thumb Code     0  startup_stm32f427xx.o(.text)
    TIM8_TRG_COM_TIM14_IRQHandler            0x08000371   Thumb Code     0  startup_stm32f427xx.o(.text)
    TIM8_UP_TIM13_IRQHandler                 0x08000371   Thumb Code     0  startup_stm32f427xx.o(.text)
    UART4_IRQHandler                         0x08000371   Thumb Code     0  startup_stm32f427xx.o(.text)
    UART5_IRQHandler                         0x08000371   Thumb Code     0  startup_stm32f427xx.o(.text)
    UART7_IRQHandler                         0x08000371   Thumb Code     0  startup_stm32f427xx.o(.text)
    USART2_IRQHandler                        0x08000371   Thumb Code     0  startup_stm32f427xx.o(.text)
    USART6_IRQHandler                        0x08000371   Thumb Code     0  startup_stm32f427xx.o(.text)
    WWDG_IRQHandler                          0x08000371   Thumb Code     0  startup_stm32f427xx.o(.text)
    __user_initial_stackheap                 0x08000375   Thumb Code     0  startup_stm32f427xx.o(.text)
    arm_cos_f32                              0x08000399   Thumb Code   108  arm_cos_f32.o(.text)
    arm_sin_f32                              0x08000411   Thumb Code   104  arm_sin_f32.o(.text)
    strlen                                   0x08000485   Thumb Code    62  strlen.o(.text)
    __aeabi_memcpy                           0x080004c3   Thumb Code     0  rt_memcpy_v6.o(.text)
    __rt_memcpy                              0x080004c3   Thumb Code   138  rt_memcpy_v6.o(.text)
    _memcpy_lastbytes                        0x08000529   Thumb Code     0  rt_memcpy_v6.o(.text)
    __aeabi_memcpy4                          0x0800054d   Thumb Code     0  rt_memcpy_w.o(.text)
    __aeabi_memcpy8                          0x0800054d   Thumb Code     0  rt_memcpy_w.o(.text)
    __rt_memcpy_w                            0x0800054d   Thumb Code   100  rt_memcpy_w.o(.text)
    _memcpy_lastbytes_aligned                0x08000595   Thumb Code     0  rt_memcpy_w.o(.text)
    __aeabi_memset                           0x080005b1   Thumb Code    16  aeabi_memset.o(.text)
    __aeabi_memclr                           0x080005c1   Thumb Code     0  rt_memclr.o(.text)
    __rt_memclr                              0x080005c1   Thumb Code    68  rt_memclr.o(.text)
    _memset                                  0x080005c5   Thumb Code     0  rt_memclr.o(.text)
    __aeabi_memclr4                          0x08000605   Thumb Code     0  rt_memclr_w.o(.text)
    __aeabi_memclr8                          0x08000605   Thumb Code     0  rt_memclr_w.o(.text)
    __rt_memclr_w                            0x08000605   Thumb Code    78  rt_memclr_w.o(.text)
    _memset_w                                0x08000609   Thumb Code     0  rt_memclr_w.o(.text)
    __use_two_region_memory                  0x08000653   Thumb Code     2  heapauxi.o(.text)
    __rt_heap_escrow$2region                 0x08000655   Thumb Code     2  heapauxi.o(.text)
    __rt_heap_expand$2region                 0x08000657   Thumb Code     2  heapauxi.o(.text)
    __read_errno                             0x08000659   Thumb Code    10  _rserrno.o(.text)
    __set_errno                              0x08000663   Thumb Code    12  _rserrno.o(.text)
    __aeabi_errno_addr                       0x08000671   Thumb Code     8  rt_errno_addr_intlibspace.o(.text)
    __errno$intlibspace                      0x08000671   Thumb Code     0  rt_errno_addr_intlibspace.o(.text)
    __rt_errno_addr$intlibspace              0x08000671   Thumb Code     0  rt_errno_addr_intlibspace.o(.text)
    _fp_trap                                 0x08000679   Thumb Code    44  _fptrap.o(.text)
    __user_libspace                          0x080006a9   Thumb Code     8  libspace.o(.text)
    __user_perproc_libspace                  0x080006a9   Thumb Code     0  libspace.o(.text)
    __user_perthread_libspace                0x080006a9   Thumb Code     0  libspace.o(.text)
    __user_setup_stackheap                   0x080006b1   Thumb Code    74  sys_stackheap_outer.o(.text)
    exit                                     0x080006fb   Thumb Code    18  exit.o(.text)
    __rt_SIGFPE                              0x0800070d   Thumb Code    14  defsig_fpe_outer.o(.text)
    __sig_exit                               0x0800071b   Thumb Code    10  defsig_exit.o(.text)
    __rt_SIGFPE_inner                        0x08000725   Thumb Code    62  defsig_fpe_inner.o(.text)
    _sys_exit                                0x080007d1   Thumb Code     8  sys_exit.o(.text)
    __default_signal_display                 0x080007dd   Thumb Code    50  defsig_general.o(.text)
    _ttywrch                                 0x0800080f   Thumb Code    14  sys_wrch.o(.text)
    __I$use$semihosting                      0x0800081d   Thumb Code     0  use_no_semi.o(.text)
    __use_no_semihosting_swi                 0x0800081d   Thumb Code     2  use_no_semi.o(.text)
    __semihosting_library_function           0x0800081f   Thumb Code     0  indicate_semi.o(.text)
    Append_CRC16_Check_Sum                   0x08000891   Thumb Code    44  crc.o(i.Append_CRC16_Check_Sum)
    Append_CRC8_Check_Sum                    0x080008c1   Thumb Code    38  crc.o(i.Append_CRC8_Check_Sum)
    Bsp_Init                                 0x080008e7   Thumb Code    58  main.o(i.Bsp_Init)
    BusFault_Handler                         0x08000921   Thumb Code     4  stm32f4xx_it.o(i.BusFault_Handler)
    CAN1_Init                                0x08000925   Thumb Code   266  can.o(i.CAN1_Init)
    CAN1_RX0_IRQHandler                      0x08000a39   Thumb Code    66  can.o(i.CAN1_RX0_IRQHandler)
    CAN2_Init                                0x08000a91   Thumb Code   254  can.o(i.CAN2_Init)
    CAN2_RX0_IRQHandler                      0x08000b99   Thumb Code    42  can.o(i.CAN2_RX0_IRQHandler)
    CAN_FilterInit                           0x08000bd9   Thumb Code   258  stm32f4xx_can.o(i.CAN_FilterInit)
    CAN_ITConfig                             0x08000ce1   Thumb Code    18  stm32f4xx_can.o(i.CAN_ITConfig)
    CAN_Init                                 0x08000cf3   Thumb Code   276  stm32f4xx_can.o(i.CAN_Init)
    CAN_Receive                              0x08000e07   Thumb Code   240  stm32f4xx_can.o(i.CAN_Receive)
    CAN_Transmit                             0x08000ef7   Thumb Code   294  stm32f4xx_can.o(i.CAN_Transmit)
    Char_Graphic                             0x080015c1   Thumb Code   190  ui.o(i.Char_Graphic)
    ChassisTask                              0x08001685   Thumb Code    84  chassistask.o(i.ChassisTask)
    Chassis_System_Init                      0x080016e1   Thumb Code    28  main.o(i.Chassis_System_Init)
    Client_graphic_Info_update               0x080019c5   Thumb Code   128  ui.o(i.Client_graphic_Info_update)
    Client_graphic_Init                      0x08001a51   Thumb Code   142  ui.o(i.Client_graphic_Init)
    Client_supercapacitor_update             0x08001af1   Thumb Code   138  ui.o(i.Client_supercapacitor_update)
    DMA1_Stream1_IRQHandler                  0x08001b91   Thumb Code    40  usart.o(i.DMA1_Stream1_IRQHandler)
    DMA_ClearFlag                            0x08001bc1   Thumb Code    38  stm32f4xx_dma.o(i.DMA_ClearFlag)
    DMA_ClearITPendingBit                    0x08001bf5   Thumb Code    38  stm32f4xx_dma.o(i.DMA_ClearITPendingBit)
    DMA_Cmd                                  0x08001c29   Thumb Code    22  stm32f4xx_dma.o(i.DMA_Cmd)
    DMA_DeInit                               0x08001c41   Thumb Code   324  stm32f4xx_dma.o(i.DMA_DeInit)
    DMA_DoubleBufferModeCmd                  0x08001d99   Thumb Code    22  stm32f4xx_dma.o(i.DMA_DoubleBufferModeCmd)
    DMA_DoubleBufferModeConfig               0x08001daf   Thumb Code    24  stm32f4xx_dma.o(i.DMA_DoubleBufferModeConfig)
    DMA_GetCurrDataCounter                   0x08001dc7   Thumb Code     8  stm32f4xx_dma.o(i.DMA_GetCurrDataCounter)
    DMA_GetCurrentMemoryTarget               0x08001dcf   Thumb Code    20  stm32f4xx_dma.o(i.DMA_GetCurrentMemoryTarget)
    DMA_GetITStatus                          0x08001de5   Thumb Code    82  stm32f4xx_dma.o(i.DMA_GetITStatus)
    DMA_ITConfig                             0x08001e49   Thumb Code    58  stm32f4xx_dma.o(i.DMA_ITConfig)
    DMA_Init                                 0x08001e85   Thumb Code    82  stm32f4xx_dma.o(i.DMA_Init)
    DMA_SetCurrDataCounter                   0x08001edd   Thumb Code     4  stm32f4xx_dma.o(i.DMA_SetCurrDataCounter)
    DebugMon_Handler                         0x08001ee1   Thumb Code     2  stm32f4xx_it.o(i.DebugMon_Handler)
    Figure_Graphic                           0x0800216d   Thumb Code   202  ui.o(i.Figure_Graphic)
    FirstGetInto_KEY_PRESS                   0x08002237   Thumb Code    18  rc.o(i.FirstGetInto_KEY_PRESS)
    FreeRTOS_Init                            0x08002249   Thumb Code    28  freertos_init.o(i.FreeRTOS_Init)
    GPIO_Init                                0x08002281   Thumb Code   144  stm32f4xx_gpio.o(i.GPIO_Init)
    GPIO_PinAFConfig                         0x08002311   Thumb Code    70  stm32f4xx_gpio.o(i.GPIO_PinAFConfig)
    GPIO_SetBits                             0x08002357   Thumb Code     4  stm32f4xx_gpio.o(i.GPIO_SetBits)
    Get_CRC16_Check_Sum                      0x0800235d   Thumb Code    46  crc.o(i.Get_CRC16_Check_Sum)
    Get_CRC8_Check_Sum                       0x08002391   Thumb Code    32  crc.o(i.Get_CRC8_Check_Sum)
    Get_Time_Micros                          0x080023b5   Thumb Code     8  imu.o(i.Get_Time_Micros)
    HardFault_Handler                        0x080023bd   Thumb Code     4  stm32f4xx_it.o(i.HardFault_Handler)
    IIC_Init                                 0x080023c1   Thumb Code    60  myiic.o(i.IIC_Init)
    IMU_AHRSupdate                           0x08002409   Thumb Code  1920  imu.o(i.IMU_AHRSupdate)
    IMU_getQ                                 0x08002bcd   Thumb Code    16  imu.o(i.IMU_getQ)
    IMU_getValues                            0x08002be1   Thumb Code   582  imu.o(i.IMU_getValues)
    IMU_getYawPitchRoll                      0x08002e49   Thumb Code    32  imu.o(i.IMU_getYawPitchRoll)
    ImuTask                                  0x08002e79   Thumb Code    86  imutask.o(i.ImuTask)
    InteracTask                              0x08002ee1   Thumb Code    28  interactask.o(i.InteracTask)
    KEY_State_Judge                          0x08002efd   Thumb Code   138  rc.o(i.KEY_State_Judge)
    KalmanCreate                             0x08002f89   Thumb Code    58  filter.o(i.KalmanCreate)
    Key_A                                    0x08002fc9   Thumb Code    74  rc.o(i.Key_A)
    Key_CTRL                                 0x08003021   Thumb Code   112  rc.o(i.Key_CTRL)
    Key_D                                    0x080030a1   Thumb Code    74  rc.o(i.Key_D)
    Key_S                                    0x080030f9   Thumb Code    74  rc.o(i.Key_S)
    Key_W                                    0x08003151   Thumb Code    72  rc.o(i.Key_W)
    MPU6500_Init                             0x08003259   Thumb Code    74  imu.o(i.MPU6500_Init)
    MPU6500_Read_Reg                         0x080032ad   Thumb Code    52  imu.o(i.MPU6500_Read_Reg)
    MPU6500_Read_Regs                        0x080032f1   Thumb Code    30  imu.o(i.MPU6500_Read_Regs)
    MPU6500_Write_Reg                        0x08003319   Thumb Code    50  imu.o(i.MPU6500_Write_Reg)
    MemManage_Handler                        0x08003359   Thumb Code     4  stm32f4xx_it.o(i.MemManage_Handler)
    NMI_Handler                              0x0800335d   Thumb Code     2  stm32f4xx_it.o(i.NMI_Handler)
    NVIC_Init                                0x08003361   Thumb Code   106  misc.o(i.NVIC_Init)
    NVIC_PriorityGroupConfig                 0x080033d9   Thumb Code    10  misc.o(i.NVIC_PriorityGroupConfig)
    PID_Init                                 0x080037d1   Thumb Code   174  pid.o(i.PID_Init)
    PID_Init_ByParamArray                    0x08003891   Thumb Code    86  pid.o(i.PID_Init_ByParamArray)
    PID_Reset                                0x08003921   Thumb Code    72  pid.o(i.PID_Reset)
    RAMP_float                               0x0800396d   Thumb Code    98  assist.o(i.RAMP_float)
    RCC_AHB1PeriphClockCmd                   0x080039d5   Thumb Code    26  stm32f4xx_rcc.o(i.RCC_AHB1PeriphClockCmd)
    RCC_APB1PeriphClockCmd                   0x080039f5   Thumb Code    26  stm32f4xx_rcc.o(i.RCC_APB1PeriphClockCmd)
    RCC_APB1PeriphResetCmd                   0x08003a15   Thumb Code    26  stm32f4xx_rcc.o(i.RCC_APB1PeriphResetCmd)
    RCC_APB2PeriphClockCmd                   0x08003a35   Thumb Code    26  stm32f4xx_rcc.o(i.RCC_APB2PeriphClockCmd)
    RCC_APB2PeriphResetCmd                   0x08003a55   Thumb Code    26  stm32f4xx_rcc.o(i.RCC_APB2PeriphResetCmd)
    RCC_GetClocksFreq                        0x08003a75   Thumb Code   214  stm32f4xx_rcc.o(i.RCC_GetClocksFreq)
    RC_Init                                  0x08003b5d   Thumb Code   312  rc.o(i.RC_Init)
    RefereeInfo_Decode                       0x08003ca9   Thumb Code   596  referee_info.o(i.RefereeInfo_Decode)
    Referee_Data_Report                      0x08003f15   Thumb Code   452  interactask.o(i.Referee_Data_Report)
    Referee_Init                             0x08004101   Thumb Code    12  referee.o(i.Referee_Init)
    Referee_USART_DMA_Init                   0x0800410d   Thumb Code   100  referee.o(i.Referee_USART_DMA_Init)
    Referee_USART_Init                       0x0800417d   Thumb Code   202  referee.o(i.Referee_USART_Init)
    SBUS_TO_RC                               0x08004255   Thumb Code   212  rc.o(i.SBUS_TO_RC)
    SPI5_Init                                0x08004329   Thumb Code   272  spi.o(i.SPI5_Init)
    SPI5_ReadWriteByte                       0x08004445   Thumb Code    82  spi.o(i.SPI5_ReadWriteByte)
    SPI5_SetSpeed                            0x0800449d   Thumb Code    36  spi.o(i.SPI5_SetSpeed)
    SPI_Cmd                                  0x080044c5   Thumb Code    24  stm32f4xx_spi.o(i.SPI_Cmd)
    SPI_I2S_GetFlagStatus                    0x080044dd   Thumb Code    18  stm32f4xx_spi.o(i.SPI_I2S_GetFlagStatus)
    SPI_I2S_ReceiveData                      0x080044ef   Thumb Code     6  stm32f4xx_spi.o(i.SPI_I2S_ReceiveData)
    SPI_I2S_SendData                         0x080044f5   Thumb Code     4  stm32f4xx_spi.o(i.SPI_I2S_SendData)
    SPI_Init                                 0x080044f9   Thumb Code    60  stm32f4xx_spi.o(i.SPI_Init)
    Startjudge_task                          0x080047b1   Thumb Code   262  ui.o(i.Startjudge_task)
    SysTick_CLKSourceConfig                  0x080048e5   Thumb Code    40  misc.o(i.SysTick_CLKSourceConfig)
    SysTick_Handler                          0x0800490d   Thumb Code    16  freertos_init.o(i.SysTick_Handler)
    SystemInit                               0x0800491d   Thumb Code    88  system_stm32f4xx.o(i.SystemInit)
    System_Start_Task                        0x08004985   Thumb Code    82  freertos_init.o(i.System_Start_Task)
    UART7_DMA_Init                           0x08004a21   Thumb Code   110  usart.o(i.UART7_DMA_Init)
    UART8_IRQHandler                         0x08004a9d   Thumb Code   150  referee.o(i.UART8_IRQHandler)
    UART8_SendChar                           0x08004b45   Thumb Code    28  ui.o(i.UART8_SendChar)
    UI_DataUpdate                            0x08004b65   Thumb Code    32  ui.o(i.UI_DataUpdate)
    UI_Init                                  0x08004b91   Thumb Code    34  ui.o(i.UI_Init)
    USART1_IRQHandler                        0x08004bcd   Thumb Code   204  rc.o(i.USART1_IRQHandler)
    USART3_IRQHandler                        0x08004cb1   Thumb Code   152  usart.o(i.USART3_IRQHandler)
    USART_ClearFlag                          0x08004d61   Thumb Code    18  stm32f4xx_usart.o(i.USART_ClearFlag)
    USART_Cmd                                0x08004d73   Thumb Code    24  stm32f4xx_usart.o(i.USART_Cmd)
    USART_DMACmd                             0x08004d8b   Thumb Code    18  stm32f4xx_usart.o(i.USART_DMACmd)
    USART_DeInit                             0x08004d9d   Thumb Code   206  stm32f4xx_usart.o(i.USART_DeInit)
    USART_GetFlagStatus                      0x08004e8d   Thumb Code    26  stm32f4xx_usart.o(i.USART_GetFlagStatus)
    USART_GetITStatus                        0x08004ea7   Thumb Code    84  stm32f4xx_usart.o(i.USART_GetITStatus)
    USART_ITConfig                           0x08004efb   Thumb Code    74  stm32f4xx_usart.o(i.USART_ITConfig)
    USART_Init                               0x08004f45   Thumb Code   204  stm32f4xx_usart.o(i.USART_Init)
    USART_ReceiveData                        0x08005019   Thumb Code    10  stm32f4xx_usart.o(i.USART_ReceiveData)
    USART_SendData                           0x08005023   Thumb Code     8  stm32f4xx_usart.o(i.USART_SendData)
    UsageFault_Handler                       0x0800502b   Thumb Code     4  stm32f4xx_it.o(i.UsageFault_Handler)
    Verify_CRC16_Check_Sum                   0x08005031   Thumb Code    60  crc.o(i.Verify_CRC16_Check_Sum)
    Verify_CRC8_Check_Sum                    0x08005071   Thumb Code    48  crc.o(i.Verify_CRC8_Check_Sum)
    __ARM_fpclassifyf                        0x080050a1   Thumb Code    38  fpclassifyf.o(i.__ARM_fpclassifyf)
    __hardfp_powf                            0x080050c9   Thumb Code  1606  powf.o(i.__hardfp_powf)
    __mathlib_powf                           0x080050c9   Thumb Code     0  powf.o(i.__hardfp_powf)
    __hardfp_sqrt                            0x0800572d   Thumb Code   122  sqrt_full.o(i.__hardfp_sqrt)
    __hardfp_sqrtf                           0x080057a7   Thumb Code    58  sqrtf_full.o(i.__hardfp_sqrtf)
    __mathlib_flt_divzero                    0x080057e1   Thumb Code    14  funder.o(i.__mathlib_flt_divzero)
    __mathlib_flt_infnan2                    0x080057f5   Thumb Code     6  funder.o(i.__mathlib_flt_infnan2)
    __mathlib_flt_invalid                    0x080057fd   Thumb Code    10  funder.o(i.__mathlib_flt_invalid)
    __mathlib_flt_overflow                   0x0800580d   Thumb Code    10  funder.o(i.__mathlib_flt_overflow)
    __mathlib_flt_underflow                  0x0800581d   Thumb Code    10  funder.o(i.__mathlib_flt_underflow)
    _high_aim_                               0x0800582d   Thumb Code   134  ui.o(i._high_aim_)
    _lowlong_aim_                            0x080058c5   Thumb Code   134  ui.o(i._lowlong_aim_)
    _lowshort_aim_2                          0x0800595d   Thumb Code   134  ui.o(i._lowshort_aim_2)
    _lowshort_aim_3                          0x080059f5   Thumb Code   134  ui.o(i._lowshort_aim_3)
    _lowshortstem_aim_4                      0x08005a8d   Thumb Code   134  ui.o(i._lowshortstem_aim_4)
    bit8TObit16                              0x08006551   Thumb Code    22  referee_info.o(i.bit8TObit16)
    bit8TObit32                              0x08006567   Thumb Code    32  referee_info.o(i.bit8TObit32)
    delay_init                               0x08006615   Thumb Code    90  delay.o(i.delay_init)
    delay_ms                                 0x08006681   Thumb Code    76  delay.o(i.delay_ms)
    delay_us                                 0x080066d1   Thumb Code    76  delay.o(i.delay_us)
    get_Chas_INFO                            0x08006931   Thumb Code   114  chassistask.o(i.get_Chas_INFO)
    get_Motor_Data                           0x080069b1   Thumb Code   168  motor.o(i.get_Motor_Data)
    gpio_Init                                0x08006a69   Thumb Code    34  gpio.o(i.gpio_Init)
    invSqrt                                  0x08006a8d   Thumb Code    56  imu.o(i.invSqrt)
    main                                     0x08006ac9   Thumb Code    12  main.o(i.main)
    power_ctrl_configuration                 0x08006ad5   Thumb Code   104  gpio.o(i.power_ctrl_configuration)
    power_ctrl_on                            0x08006b45   Thumb Code    26  gpio.o(i.power_ctrl_on)
    pvPortMalloc                             0x0800752d   Thumb Code   296  heap_4.o(i.pvPortMalloc)
    pxPortInitialiseStack                    0x08007669   Thumb Code    38  port.o(i.pxPortInitialiseStack)
    remote_control_init                      0x08007695   Thumb Code    16  rc.o(i.remote_control_init)
    uart3_Init                               0x0800785d   Thumb Code   178  usart.o(i.uart3_Init)
    uart7_Init                               0x08007919   Thumb Code   180  usart.o(i.uart7_Init)
    uxListRemove                             0x080079d5   Thumb Code    40  list.o(i.uxListRemove)
    vListInitialise                          0x080079fd   Thumb Code    26  list.o(i.vListInitialise)
    vListInitialiseItem                      0x08007a17   Thumb Code     6  list.o(i.vListInitialiseItem)
    vListInsert                              0x08007a1d   Thumb Code    52  list.o(i.vListInsert)
    vListInsertEnd                           0x08007a51   Thumb Code    24  list.o(i.vListInsertEnd)
    vPortEnterCritical                       0x08007a69   Thumb Code    76  port.o(i.vPortEnterCritical)
    vPortExitCritical                        0x08007abd   Thumb Code    56  port.o(i.vPortExitCritical)
    vPortFree                                0x08007af9   Thumb Code   140  heap_4.o(i.vPortFree)
    vPortSetupTimerInterrupt                 0x08007b8d   Thumb Code    36  port.o(i.vPortSetupTimerInterrupt)
    vPortValidateInterruptPriority           0x08007bb5   Thumb Code   106  port.o(i.vPortValidateInterruptPriority)
    vQueueAddToRegistry                      0x08007c2d   Thumb Code    38  queue.o(i.vQueueAddToRegistry)
    vQueueWaitForMessageRestricted           0x08007c59   Thumb Code    74  queue.o(i.vQueueWaitForMessageRestricted)
    vTaskDelayUntil                          0x08007ca5   Thumb Code   200  tasks.o(i.vTaskDelayUntil)
    vTaskDelete                              0x08007d79   Thumb Code   202  tasks.o(i.vTaskDelete)
    vTaskInternalSetTimeOutState             0x08007e6d   Thumb Code    14  tasks.o(i.vTaskInternalSetTimeOutState)
    vTaskMissedYield                         0x08007e85   Thumb Code     8  tasks.o(i.vTaskMissedYield)
    vTaskPlaceOnEventList                    0x08007e91   Thumb Code    52  tasks.o(i.vTaskPlaceOnEventList)
    vTaskPlaceOnEventListRestricted          0x08007ec9   Thumb Code    60  tasks.o(i.vTaskPlaceOnEventListRestricted)
    vTaskStartScheduler                      0x08007f09   Thumb Code   118  tasks.o(i.vTaskStartScheduler)
    vTaskSuspendAll                          0x08007f9d   Thumb Code    12  tasks.o(i.vTaskSuspendAll)
    vTaskSwitchContext                       0x08007fad   Thumb Code   118  tasks.o(i.vTaskSwitchContext)
    xPortStartScheduler                      0x08008039   Thumb Code   330  port.o(i.xPortStartScheduler)
    xPortSysTickHandler                      0x080081a1   Thumb Code    46  port.o(i.xPortSysTickHandler)
    xQueueGenericCreate                      0x080081d5   Thumb Code    90  queue.o(i.xQueueGenericCreate)
    xQueueGenericReset                       0x08008231   Thumb Code   146  queue.o(i.xQueueGenericReset)
    xQueueGenericSend                        0x080082c9   Thumb Code   420  queue.o(i.xQueueGenericSend)
    xQueueGenericSendFromISR                 0x08008471   Thumb Code   248  queue.o(i.xQueueGenericSendFromISR)
    xQueueReceive                            0x08008569   Thumb Code   356  queue.o(i.xQueueReceive)
    xTaskCheckForTimeOut                     0x080086d1   Thumb Code   132  tasks.o(i.xTaskCheckForTimeOut)
    xTaskCreate                              0x0800875d   Thumb Code    96  tasks.o(i.xTaskCreate)
    xTaskGetSchedulerState                   0x080087bd   Thumb Code    24  tasks.o(i.xTaskGetSchedulerState)
    xTaskGetTickCount                        0x080087dd   Thumb Code     6  tasks.o(i.xTaskGetTickCount)
    xTaskIncrementTick                       0x080087e9   Thumb Code   282  tasks.o(i.xTaskIncrementTick)
    xTaskPriorityDisinherit                  0x08008931   Thumb Code   188  tasks.o(i.xTaskPriorityDisinherit)
    xTaskRemoveFromEventList                 0x080089f9   Thumb Code   128  tasks.o(i.xTaskRemoveFromEventList)
    xTaskResumeAll                           0x08008a91   Thumb Code   224  tasks.o(i.xTaskResumeAll)
    xTimerCreateTimerTask                    0x08008b95   Thumb Code    66  timers.o(i.xTimerCreateTimerTask)
    xTimerGenericCommand                     0x08008bed   Thumb Code   126  timers.o(i.xTimerGenericCommand)
    __aeabi_d2f                              0x08008c71   Thumb Code     0  d2f_clz.o(x$fpl$d2f)
    _d2f                                     0x08008c71   Thumb Code   700  d2f_clz.o(x$fpl$d2f)
    __dflt_normalise                         0x08008f35   Thumb Code    26  dflt_clz.o(x$fpl$dfltn)
    __fpl_dnaninf                            0x08008f4f   Thumb Code   258  dnaninf.o(x$fpl$dnaninf)
    __fpl_drenorm2                           0x08009051   Thumb Code   106  drenorm_clz.o(x$fpl$drenorm)
    __fpl_drenorm1                           0x080090bb   Thumb Code     6  drenorm_clz.o(x$fpl$drenorm)
    __fpl_dretinf                            0x080090c1   Thumb Code    12  dretinf.o(x$fpl$dretinf)
    _dsqrt                                   0x080090cd   Thumb Code   520  dsqrt_umaalclz.o(x$fpl$dsqrt)
    __dunder                                 0x080092d5   Thumb Code   314  dunder_clz.o(x$fpl$dunder)
    __dunder_d                               0x0800940f   Thumb Code    64  dunder_clz.o(x$fpl$dunder)
    __fpl_exception                          0x08009451   Thumb Code   454  except.o(x$fpl$exception)
    __aeabi_f2d                              0x0800963d   Thumb Code     0  f2d.o(x$fpl$f2d)
    _f2d                                     0x0800963d   Thumb Code   122  f2d.o(x$fpl$f2d)
    __fpl_fnaninf                            0x080096b7   Thumb Code   242  fnaninf.o(x$fpl$fnaninf)
    _fp_init                                 0x080097a9   Thumb Code    10  fpinit.o(x$fpl$fpinit)
    __fplib_config_fpu_vfp                   0x080097b1   Thumb Code     0  fpinit.o(x$fpl$fpinit)
    __fplib_config_pureend_doubles           0x080097b1   Thumb Code     0  fpinit.o(x$fpl$fpinit)
    __fpl_fretinf                            0x080097b3   Thumb Code    10  fretinf.o(x$fpl$fretinf)
    __funder                                 0x080097bd   Thumb Code   254  funder_clz.o(x$fpl$funder)
    __funder_d                               0x080098bb   Thumb Code    62  funder_clz.o(x$fpl$funder)
    __ieee_status                            0x080098f9   Thumb Code    28  istatus.o(x$fpl$ieeestatus)
    __fpl_return_NaN                         0x08009919   Thumb Code   178  retnan.o(x$fpl$retnan)
    _fp_trapveneer                           0x080099cb   Thumb Code    36  trapv.o(x$fpl$trapveneer)
    __fpl_cmpreturn                          0x080099ef   Thumb Code    90  trapv.o(x$fpl$trapveneer)
    CRC8_INIT                                0x08009a48   Data           1  crc.o(.constdata)
    __I$use$fp                               0x08009a48   Number         0  usenofp.o(x$fpl$usenofp)
    CRC8_TAB                                 0x08009a49   Data         256  crc.o(.constdata)
    wCRC_Table                               0x08009b4a   Data         512  crc.o(.constdata)
    sinTable_f32                             0x08009d60   Data        2052  arm_common_tables.o(.constdata)
    Region$$Table$$Base                      0x0800a6a4   Number         0  anon$$obj.o(Region$$Table)
    Region$$Table$$Limit                     0x0800a6c4   Number         0  anon$$obj.o(Region$$Table)
    SystemStart_Task_Handler                 0x20000000   Data           4  freertos_init.o(.data)
    INTERAC_Task_Handler                     0x20000004   Data           4  freertos_init.o(.data)
    CHASSIS_Task_Handler                     0x20000008   Data           4  freertos_init.o(.data)
    IMU_Task_Handler                         0x2000000c   Data           4  freertos_init.o(.data)
    CHAS_PID_Param                           0x20000014   Data         108  chassistask.o(.data)
    CHAS_FOLO_Param                          0x20000080   Data          72  chassistask.o(.data)
    chassis                                  0x200000c8   Data          56  chassistask.o(.data)
    CapTick                                  0x20000100   Data           4  chassistask.o(.data)
    IF_SUPERCAP_ONLINE                       0x20000104   Data           1  chassistask.o(.data)
    keymotion                                0x20000108   Data           8  chassistask.o(.data)
    CRC_INIT                                 0x2000013e   Data           2  crc.o(.data)
    H                                        0x20000140   Data          32  can.o(.data)
    L                                        0x20000160   Data          32  can.o(.data)
    CAN_TxMsg                                0x20000180   Data         240  can.o(.data)
    Super_Cap_V                              0x20000270   Data           4  can.o(.data)
    yaw_angle                                0x2000027c   Data           4  imu.o(.data)
    pitch_angle                              0x20000280   Data           4  imu.o(.data)
    roll_angle                               0x20000284   Data           4  imu.o(.data)
    gg_x                                     0x20000288   Data           4  imu.o(.data)
    gg_z                                     0x2000028c   Data           4  imu.o(.data)
    gg_y                                     0x20000290   Data           4  imu.o(.data)
    ga_x                                     0x20000294   Data           4  imu.o(.data)
    ga_y                                     0x20000298   Data           4  imu.o(.data)
    ga_z                                     0x2000029c   Data           4  imu.o(.data)
    angle1                                   0x200002a0   Data           4  imu.o(.data)
    angle_dot                                0x200002a4   Data           4  imu.o(.data)
    ga_y1                                    0x200002a8   Data           4  imu.o(.data)
    kg                                       0x200002ac   Data           4  imu.o(.data)
    angle2                                   0x200002b0   Data           4  imu.o(.data)
    angle_dot2                               0x200002b4   Data           4  imu.o(.data)
    ga_y2                                    0x200002b8   Data           4  imu.o(.data)
    kg2                                      0x200002bc   Data           4  imu.o(.data)
    angle3                                   0x200002c0   Data           4  imu.o(.data)
    angle_dot3                               0x200002c4   Data           4  imu.o(.data)
    ga_y3                                    0x200002c8   Data           4  imu.o(.data)
    kg3                                      0x200002cc   Data           4  imu.o(.data)
    ga_y22                                   0x200002d0   Data           4  imu.o(.data)
    ga_y33                                   0x200002d4   Data           4  imu.o(.data)
    exInt                                    0x200002d8   Data           4  imu.o(.data)
    eyInt                                    0x200002dc   Data           4  imu.o(.data)
    ezInt                                    0x200002e0   Data           4  imu.o(.data)
    q0                                       0x200002e4   Data           4  imu.o(.data)
    q1                                       0x200002e8   Data           4  imu.o(.data)
    q2                                       0x200002ec   Data           4  imu.o(.data)
    q3                                       0x200002f0   Data           4  imu.o(.data)
    lastUpdate                               0x20000318   Data           4  imu.o(.data)
    now                                      0x2000031c   Data           4  imu.o(.data)
    yaw_temp                                 0x20000320   Data           4  imu.o(.data)
    pitch_temp                               0x20000324   Data           4  imu.o(.data)
    roll_temp                                0x20000328   Data           4  imu.o(.data)
    last_yaw_temp                            0x2000032c   Data           4  imu.o(.data)
    last_pitch_temp                          0x20000330   Data           4  imu.o(.data)
    last_roll_temp                           0x20000334   Data           4  imu.o(.data)
    MPU_id                                   0x20000338   Data           1  imu.o(.data)
    eff                                      0x2000033a   Data           2  imu.o(.data)
    eff2                                     0x2000033c   Data           2  imu.o(.data)
    eff3                                     0x2000033e   Data           2  imu.o(.data)
    gy_z                                     0x20000340   Data           2  imu.o(.data)
    C_Gyo_z                                  0x20000344   Data           4  imu.o(.data)
    Eff                                      0x20000348   Data         160  imu.o(.data)
    Cap_V                                    0x200003fc   Data           4  usart.o(.data)
    USART3_RX                                0x20000400   Data           8  usart.o(.data)
    tx_buff                                  0x20000408   Data           6  usart.o(.data)
    Chassis_Motor                            0x20000414   Data         900  motor.o(.data)
    uart8_Clean_IDLE_Flag                    0x20000798   Data           4  referee.o(.data)
    buff_data                                0x2000079c   Data           1  referee_info.o(.data)
    real_shoot_data                          0x2000079d   Data           7  referee_info.o(.data)
    bullet_remaining                         0x200007a4   Data           6  referee_info.o(.data)
    length                                   0x200007aa   Data           2  referee_info.o(.data)
    division_value                           0x200007ac   Data           4  ui.o(.data)
    update_figure_flag                       0x200007b0   Data           4  ui.o(.data)
    update_aim_flag                          0x200007b4   Data           4  ui.o(.data)
    update_float_flag                        0x200007b8   Data           4  ui.o(.data)
    update_supercapacitor_flag               0x200007bc   Data           4  ui.o(.data)
    update_int_flag                          0x200007c0   Data           4  ui.o(.data)
    global_fri                               0x200007c4   Data           1  ui.o(.data)
    global_spin                              0x200007c5   Data           1  ui.o(.data)
    global_auto_aim                          0x200007c6   Data           1  ui.o(.data)
    global_auto                              0x200007c7   Data           1  ui.o(.data)
    global_supercapacitor_remain             0x200007c8   Data           4  ui.o(.data)
    global_sight_bead_x                      0x200007cc   Data           4  ui.o(.data)
    global_sight_bead_y                      0x200007d0   Data           4  ui.o(.data)
    global_supercapacitor_point              0x200007d4   Data           4  ui.o(.data)
    state_first_graphic                      0x200007d8   Data           1  ui.o(.data)
    first_line                               0x200007d9   Data          30  ui.o(.data)
    second_line                              0x200007f7   Data          30  ui.o(.data)
    third_line                               0x20000815   Data          30  ui.o(.data)
    sixth_line                               0x20000833   Data          30  ui.o(.data)
    seven_line                               0x20000851   Data          30  ui.o(.data)
    eight_line                               0x2000086f   Data          30  ui.o(.data)
    fourth_line                              0x2000088d   Data          30  ui.o(.data)
    fifth_line                               0x200008ab   Data          30  ui.o(.data)
    empty_line                               0x200008c9   Data          30  ui.o(.data)
    IF_Init_Over                             0x200008e7   Data           1  ui.o(.data)
    IF_start_ui                              0x200008e8   Data           1  ui.o(.data)
    SystemCoreClock                          0x20000904   Data           4  system_stm32f4xx.o(.data)
    AHBPrescTable                            0x20000908   Data          16  system_stm32f4xx.o(.data)
    pxCurrentTCB                             0x2000093c   Data           4  tasks.o(.data)
    CAN1_RxMsg                               0x200009bc   Data          20  can.o(.bss)
    CAN2_RxMsg                               0x200009d0   Data          20  can.o(.bss)
    KF_IMU_GYRO                              0x200009e4   Data          48  imu.o(.bss)
    mygetqval                                0x20000a14   Data          36  imu.o(.bss)
    angle                                    0x20000a48   Data          12  imu.o(.bss)
    imu_data                                 0x20000a54   Data          20  imu.o(.bss)
    imu_data_offest                          0x20000a68   Data          20  imu.o(.bss)
    MPU6050_read_data                        0x20000a7c   Data          32  imu.o(.bss)
    MPU6050_Real_Data                        0x20000a9c   Data          32  imu.o(.bss)
    MPU6050_FIFO                             0x20000abc   Data        2424  imu.o(.bss)
    Key_Info                                 0x20001434   Data         108  rc.o(.bss)
    rc_ctrl                                  0x200014a0   Data          22  rc.o(.bss)
    SBUS_rx_buf                              0x200014b6   Data          72  rc.o(.bss)
    Usart_Referee_Rx_Buf                     0x20001528   Data         200  referee.o(.bss)
    game_state                               0x200015f0   Data          11  referee_info.o(.bss)
    game_robot_HP                            0x200015fb   Data          32  referee_info.o(.bss)
    game_robot_state                         0x2000161b   Data          27  referee_info.o(.bss)
    power_heat_data                          0x20001636   Data          16  referee_info.o(.bss)
    UI                                       0x20001648   Data          16  ui.o(.bss)
    tx_client_char                           0x20001658   Data          60  ui.o(.bss)
    CliendTxBuffer                           0x20001694   Data         200  ui.o(.bss)
    tx_client_graphic_figure                 0x2000175c   Data         120  ui.o(.bss)
    high_aim_figure                          0x200017d4   Data         120  ui.o(.bss)
    low_aim_shortfigure_1                    0x2000184c   Data         120  ui.o(.bss)
    low_aim_shortfigure_2                    0x200018c4   Data         120  ui.o(.bss)
    low_aim_shortfigure_3                    0x2000193c   Data         120  ui.o(.bss)
    low_aim_longfigure                       0x200019b4   Data         120  ui.o(.bss)
    tx_supercapacitor_figure                 0x20001a2c   Data          30  ui.o(.bss)
    xQueueRegistry                           0x2001464c   Data          64  queue.o(.bss)
    __libspace_start                         0x2001477c   Data          96  libspace.o(.bss)
    __temporary_stack_top$libspace           0x200147dc   Data           0  libspace.o(.bss)



==============================================================================

Memory Map of the image

  Image Entry point : 0x080001ad

  Load Region LR_IROM1 (Base: 0x08000000, Size: 0x0000b050, Max: 0x00200000, ABSOLUTE, COMPRESSED[0x0000a894])

    Execution Region ER_IROM1 (Exec base: 0x08000000, Load base: 0x08000000, Size: 0x0000a6c4, Max: 0x00200000, ABSOLUTE)

    Exec Addr    Load Addr    Size         Type   Attr      Idx    E Section Name        Object

    0x08000000   0x08000000   0x000001ac   Data   RO         8377    RESET               startup_stm32f427xx.o
    0x080001ac   0x080001ac   0x00000008   Code   RO         8559  * !!!main             c_w.l(__main.o)
    0x080001b4   0x080001b4   0x00000034   Code   RO         8852    !!!scatter          c_w.l(__scatter.o)
    0x080001e8   0x080001e8   0x0000005a   Code   RO         8850    !!dczerorl2         c_w.l(__dczerorl2.o)
    0x08000242   0x08000242   0x00000002   PAD
    0x08000244   0x08000244   0x0000001c   Code   RO         8854    !!handler_zi        c_w.l(__scatter_zi.o)
    0x08000260   0x08000260   0x00000002   Code   RO         8721    .ARM.Collect$$libinit$$00000000  c_w.l(libinit.o)
    0x08000262   0x08000262   0x00000004   Code   RO         8730    .ARM.Collect$$libinit$$00000001  c_w.l(libinit2.o)
    0x08000266   0x08000266   0x00000000   Code   RO         8733    .ARM.Collect$$libinit$$00000004  c_w.l(libinit2.o)
    0x08000266   0x08000266   0x00000000   Code   RO         8736    .ARM.Collect$$libinit$$0000000A  c_w.l(libinit2.o)
    0x08000266   0x08000266   0x00000000   Code   RO         8738    .ARM.Collect$$libinit$$0000000C  c_w.l(libinit2.o)
    0x08000266   0x08000266   0x00000000   Code   RO         8740    .ARM.Collect$$libinit$$0000000E  c_w.l(libinit2.o)
    0x08000266   0x08000266   0x00000000   Code   RO         8743    .ARM.Collect$$libinit$$00000011  c_w.l(libinit2.o)
    0x08000266   0x08000266   0x00000000   Code   RO         8745    .ARM.Collect$$libinit$$00000013  c_w.l(libinit2.o)
    0x08000266   0x08000266   0x00000000   Code   RO         8747    .ARM.Collect$$libinit$$00000015  c_w.l(libinit2.o)
    0x08000266   0x08000266   0x00000000   Code   RO         8749    .ARM.Collect$$libinit$$00000017  c_w.l(libinit2.o)
    0x08000266   0x08000266   0x00000000   Code   RO         8751    .ARM.Collect$$libinit$$00000019  c_w.l(libinit2.o)
    0x08000266   0x08000266   0x00000000   Code   RO         8753    .ARM.Collect$$libinit$$0000001B  c_w.l(libinit2.o)
    0x08000266   0x08000266   0x00000000   Code   RO         8755    .ARM.Collect$$libinit$$0000001D  c_w.l(libinit2.o)
    0x08000266   0x08000266   0x00000000   Code   RO         8757    .ARM.Collect$$libinit$$0000001F  c_w.l(libinit2.o)
    0x08000266   0x08000266   0x00000000   Code   RO         8759    .ARM.Collect$$libinit$$00000021  c_w.l(libinit2.o)
    0x08000266   0x08000266   0x00000000   Code   RO         8761    .ARM.Collect$$libinit$$00000023  c_w.l(libinit2.o)
    0x08000266   0x08000266   0x00000000   Code   RO         8763    .ARM.Collect$$libinit$$00000025  c_w.l(libinit2.o)
    0x08000266   0x08000266   0x00000000   Code   RO         8767    .ARM.Collect$$libinit$$0000002C  c_w.l(libinit2.o)
    0x08000266   0x08000266   0x00000000   Code   RO         8769    .ARM.Collect$$libinit$$0000002E  c_w.l(libinit2.o)
    0x08000266   0x08000266   0x00000000   Code   RO         8771    .ARM.Collect$$libinit$$00000030  c_w.l(libinit2.o)
    0x08000266   0x08000266   0x00000000   Code   RO         8773    .ARM.Collect$$libinit$$00000032  c_w.l(libinit2.o)
    0x08000266   0x08000266   0x00000002   Code   RO         8774    .ARM.Collect$$libinit$$00000033  c_w.l(libinit2.o)
    0x08000268   0x08000268   0x00000002   Code   RO         8805    .ARM.Collect$$libshutdown$$00000000  c_w.l(libshutdown.o)
    0x0800026a   0x0800026a   0x00000000   Code   RO         8831    .ARM.Collect$$libshutdown$$00000002  c_w.l(libshutdown2.o)
    0x0800026a   0x0800026a   0x00000000   Code   RO         8833    .ARM.Collect$$libshutdown$$00000004  c_w.l(libshutdown2.o)
    0x0800026a   0x0800026a   0x00000000   Code   RO         8835    .ARM.Collect$$libshutdown$$00000006  c_w.l(libshutdown2.o)
    0x0800026a   0x0800026a   0x00000000   Code   RO         8838    .ARM.Collect$$libshutdown$$00000009  c_w.l(libshutdown2.o)
    0x0800026a   0x0800026a   0x00000000   Code   RO         8841    .ARM.Collect$$libshutdown$$0000000C  c_w.l(libshutdown2.o)
    0x0800026a   0x0800026a   0x00000000   Code   RO         8843    .ARM.Collect$$libshutdown$$0000000E  c_w.l(libshutdown2.o)
    0x0800026a   0x0800026a   0x00000000   Code   RO         8846    .ARM.Collect$$libshutdown$$00000011  c_w.l(libshutdown2.o)
    0x0800026a   0x0800026a   0x00000002   Code   RO         8847    .ARM.Collect$$libshutdown$$00000012  c_w.l(libshutdown2.o)
    0x0800026c   0x0800026c   0x00000000   Code   RO         8635    .ARM.Collect$$rtentry$$00000000  c_w.l(__rtentry.o)
    0x0800026c   0x0800026c   0x00000000   Code   RO         8682    .ARM.Collect$$rtentry$$00000002  c_w.l(__rtentry2.o)
    0x0800026c   0x0800026c   0x00000006   Code   RO         8694    .ARM.Collect$$rtentry$$00000004  c_w.l(__rtentry4.o)
    0x08000272   0x08000272   0x00000000   Code   RO         8684    .ARM.Collect$$rtentry$$00000009  c_w.l(__rtentry2.o)
    0x08000272   0x08000272   0x00000004   Code   RO         8685    .ARM.Collect$$rtentry$$0000000A  c_w.l(__rtentry2.o)
    0x08000276   0x08000276   0x00000000   Code   RO         8687    .ARM.Collect$$rtentry$$0000000C  c_w.l(__rtentry2.o)
    0x08000276   0x08000276   0x00000008   Code   RO         8688    .ARM.Collect$$rtentry$$0000000D  c_w.l(__rtentry2.o)
    0x0800027e   0x0800027e   0x00000002   Code   RO         8722    .ARM.Collect$$rtexit$$00000000  c_w.l(rtexit.o)
    0x08000280   0x08000280   0x00000000   Code   RO         8778    .ARM.Collect$$rtexit$$00000002  c_w.l(rtexit2.o)
    0x08000280   0x08000280   0x00000004   Code   RO         8779    .ARM.Collect$$rtexit$$00000003  c_w.l(rtexit2.o)
    0x08000284   0x08000284   0x00000006   Code   RO         8780    .ARM.Collect$$rtexit$$00000004  c_w.l(rtexit2.o)
    0x0800028a   0x0800028a   0x00000002   PAD
    0x0800028c   0x0800028c   0x000000be   Code   RO         7241    .emb_text           port.o
    0x0800034a   0x0800034a   0x00000002   PAD
    0x0800034c   0x0800034c   0x0000004c   Code   RO         8378    .text               startup_stm32f427xx.o
    0x08000398   0x08000398   0x00000078   Code   RO         8385    .text               arm_cortexM4lf_math.lib(arm_cos_f32.o)
    0x08000410   0x08000410   0x00000074   Code   RO         8438    .text               arm_cortexM4lf_math.lib(arm_sin_f32.o)
    0x08000484   0x08000484   0x0000003e   Code   RO         8543    .text               c_w.l(strlen.o)
    0x080004c2   0x080004c2   0x0000008a   Code   RO         8545    .text               c_w.l(rt_memcpy_v6.o)
    0x0800054c   0x0800054c   0x00000064   Code   RO         8547    .text               c_w.l(rt_memcpy_w.o)
    0x080005b0   0x080005b0   0x00000010   Code   RO         8551    .text               c_w.l(aeabi_memset.o)
    0x080005c0   0x080005c0   0x00000044   Code   RO         8553    .text               c_w.l(rt_memclr.o)
    0x08000604   0x08000604   0x0000004e   Code   RO         8555    .text               c_w.l(rt_memclr_w.o)
    0x08000652   0x08000652   0x00000006   Code   RO         8557    .text               c_w.l(heapauxi.o)
    0x08000658   0x08000658   0x00000016   Code   RO         8636    .text               c_w.l(_rserrno.o)
    0x0800066e   0x0800066e   0x00000002   PAD
    0x08000670   0x08000670   0x00000008   Code   RO         8699    .text               c_w.l(rt_errno_addr_intlibspace.o)
    0x08000678   0x08000678   0x00000030   Code   RO         8701    .text               c_w.l(_fptrap.o)
    0x080006a8   0x080006a8   0x00000008   Code   RO         8705    .text               c_w.l(libspace.o)
    0x080006b0   0x080006b0   0x0000004a   Code   RO         8708    .text               c_w.l(sys_stackheap_outer.o)
    0x080006fa   0x080006fa   0x00000012   Code   RO         8710    .text               c_w.l(exit.o)
    0x0800070c   0x0800070c   0x0000000e   Code   RO         8712    .text               c_w.l(defsig_fpe_outer.o)
    0x0800071a   0x0800071a   0x0000000a   Code   RO         8726    .text               c_w.l(defsig_exit.o)
    0x08000724   0x08000724   0x000000ac   Code   RO         8728    .text               c_w.l(defsig_fpe_inner.o)
    0x080007d0   0x080007d0   0x0000000c   Code   RO         8775    .text               c_w.l(sys_exit.o)
    0x080007dc   0x080007dc   0x00000032   Code   RO         8786    .text               c_w.l(defsig_general.o)
    0x0800080e   0x0800080e   0x0000000e   Code   RO         8792    .text               c_w.l(sys_wrch.o)
    0x0800081c   0x0800081c   0x00000002   Code   RO         8794    .text               c_w.l(use_no_semi.o)
    0x0800081e   0x0800081e   0x00000000   Code   RO         8796    .text               c_w.l(indicate_semi.o)
    0x0800081e   0x0800081e   0x00000002   PAD
    0x08000820   0x08000820   0x00000070   Code   RO          312    i.AcclerateCurve    chassistask.o
    0x08000890   0x08000890   0x00000030   Code   RO          532    i.Append_CRC16_Check_Sum  crc.o
    0x080008c0   0x080008c0   0x00000026   Code   RO          533    i.Append_CRC8_Check_Sum  crc.o
    0x080008e6   0x080008e6   0x0000003a   Code   RO            4    i.Bsp_Init          main.o
    0x08000920   0x08000920   0x00000004   Code   RO         7082    i.BusFault_Handler  stm32f4xx_it.o
    0x08000924   0x08000924   0x00000114   Code   RO          744    i.CAN1_Init         can.o
    0x08000a38   0x08000a38   0x00000058   Code   RO          745    i.CAN1_RX0_IRQHandler  can.o
    0x08000a90   0x08000a90   0x00000108   Code   RO          746    i.CAN2_Init         can.o
    0x08000b98   0x08000b98   0x00000040   Code   RO          747    i.CAN2_RX0_IRQHandler  can.o
    0x08000bd8   0x08000bd8   0x00000108   Code   RO         2317    i.CAN_FilterInit    stm32f4xx_can.o
    0x08000ce0   0x08000ce0   0x00000012   Code   RO         2323    i.CAN_ITConfig      stm32f4xx_can.o
    0x08000cf2   0x08000cf2   0x00000114   Code   RO         2324    i.CAN_Init          stm32f4xx_can.o
    0x08000e06   0x08000e06   0x000000f0   Code   RO         2327    i.CAN_Receive       stm32f4xx_can.o
    0x08000ef6   0x08000ef6   0x00000126   Code   RO         2332    i.CAN_Transmit      stm32f4xx_can.o
    0x0800101c   0x0800101c   0x0000007c   Code   RO          313    i.CHAS_Motor_Stop   chassistask.o
    0x08001098   0x08001098   0x000002b0   Code   RO          314    i.CHAS_Posture_Ctrl  chassistask.o
    0x08001348   0x08001348   0x00000184   Code   RO          315    i.CHAS_Power_Control  chassistask.o
    0x080014cc   0x080014cc   0x00000050   Code   RO          316    i.CHAS_STATE_Switch  chassistask.o
    0x0800151c   0x0800151c   0x000000a4   Code   RO          317    i.CHAS_Set_PID      chassistask.o
    0x080015c0   0x080015c0   0x000000c4   Code   RO         1613    i.Char_Graphic      ui.o
    0x08001684   0x08001684   0x0000005c   Code   RO          318    i.ChassisTask       chassistask.o
    0x080016e0   0x080016e0   0x0000001c   Code   RO            5    i.Chassis_System_Init  main.o
    0x080016fc   0x080016fc   0x000002c8   Code   RO          319    i.Chassis_VariableCurve  chassistask.o
    0x080019c4   0x080019c4   0x0000008c   Code   RO         1614    i.Client_graphic_Info_update  ui.o
    0x08001a50   0x08001a50   0x000000a0   Code   RO         1615    i.Client_graphic_Init  ui.o
    0x08001af0   0x08001af0   0x000000a0   Code   RO         1616    i.Client_supercapacitor_update  ui.o
    0x08001b90   0x08001b90   0x00000030   Code   RO         1396    i.DMA1_Stream1_IRQHandler  usart.o
    0x08001bc0   0x08001bc0   0x00000034   Code   RO         3090    i.DMA_ClearFlag     stm32f4xx_dma.o
    0x08001bf4   0x08001bf4   0x00000034   Code   RO         3091    i.DMA_ClearITPendingBit  stm32f4xx_dma.o
    0x08001c28   0x08001c28   0x00000016   Code   RO         3092    i.DMA_Cmd           stm32f4xx_dma.o
    0x08001c3e   0x08001c3e   0x00000002   PAD
    0x08001c40   0x08001c40   0x00000158   Code   RO         3093    i.DMA_DeInit        stm32f4xx_dma.o
    0x08001d98   0x08001d98   0x00000016   Code   RO         3094    i.DMA_DoubleBufferModeCmd  stm32f4xx_dma.o
    0x08001dae   0x08001dae   0x00000018   Code   RO         3095    i.DMA_DoubleBufferModeConfig  stm32f4xx_dma.o
    0x08001dc6   0x08001dc6   0x00000008   Code   RO         3098    i.DMA_GetCurrDataCounter  stm32f4xx_dma.o
    0x08001dce   0x08001dce   0x00000014   Code   RO         3099    i.DMA_GetCurrentMemoryTarget  stm32f4xx_dma.o
    0x08001de2   0x08001de2   0x00000002   PAD
    0x08001de4   0x08001de4   0x00000064   Code   RO         3102    i.DMA_GetITStatus   stm32f4xx_dma.o
    0x08001e48   0x08001e48   0x0000003a   Code   RO         3103    i.DMA_ITConfig      stm32f4xx_dma.o
    0x08001e82   0x08001e82   0x00000002   PAD
    0x08001e84   0x08001e84   0x00000058   Code   RO         3104    i.DMA_Init          stm32f4xx_dma.o
    0x08001edc   0x08001edc   0x00000004   Code   RO         3107    i.DMA_SetCurrDataCounter  stm32f4xx_dma.o
    0x08001ee0   0x08001ee0   0x00000002   Code   RO         7083    i.DebugMon_Handler  stm32f4xx_it.o
    0x08001ee2   0x08001ee2   0x00000002   PAD
    0x08001ee4   0x08001ee4   0x00000064   Code   RO          320    i.DecclerateCurve   chassistask.o
    0x08001f48   0x08001f48   0x00000060   Code   RO         1617    i.Draw_Figure_bool  ui.o
    0x08001fa8   0x08001fa8   0x000001c4   Code   RO         1618    i.Draw_char         ui.o
    0x0800216c   0x0800216c   0x000000ca   Code   RO         1619    i.Figure_Graphic    ui.o
    0x08002236   0x08002236   0x00000012   Code   RO         1214    i.FirstGetInto_KEY_PRESS  rc.o
    0x08002248   0x08002248   0x00000038   Code   RO          250    i.FreeRTOS_Init     freertos_init.o
    0x08002280   0x08002280   0x00000090   Code   RO         3937    i.GPIO_Init         stm32f4xx_gpio.o
    0x08002310   0x08002310   0x00000046   Code   RO         3938    i.GPIO_PinAFConfig  stm32f4xx_gpio.o
    0x08002356   0x08002356   0x00000004   Code   RO         3945    i.GPIO_SetBits      stm32f4xx_gpio.o
    0x0800235a   0x0800235a   0x00000002   PAD
    0x0800235c   0x0800235c   0x00000034   Code   RO          534    i.Get_CRC16_Check_Sum  crc.o
    0x08002390   0x08002390   0x00000024   Code   RO          535    i.Get_CRC8_Check_Sum  crc.o
    0x080023b4   0x080023b4   0x00000008   Code   RO          923    i.Get_Time_Micros   imu.o
    0x080023bc   0x080023bc   0x00000004   Code   RO         7084    i.HardFault_Handler  stm32f4xx_it.o
    0x080023c0   0x080023c0   0x00000048   Code   RO         1149    i.IIC_Init          myiic.o
    0x08002408   0x08002408   0x000007c4   Code   RO          924    i.IMU_AHRSupdate    imu.o
    0x08002bcc   0x08002bcc   0x00000014   Code   RO          925    i.IMU_getQ          imu.o
    0x08002be0   0x08002be0   0x00000268   Code   RO          926    i.IMU_getValues     imu.o
    0x08002e48   0x08002e48   0x00000030   Code   RO          927    i.IMU_getYawPitchRoll  imu.o
    0x08002e78   0x08002e78   0x00000068   Code   RO          459    i.ImuTask           imutask.o
    0x08002ee0   0x08002ee0   0x0000001c   Code   RO          425    i.InteracTask       interactask.o
    0x08002efc   0x08002efc   0x0000008a   Code   RO         1215    i.KEY_State_Judge   rc.o
    0x08002f86   0x08002f86   0x00000002   PAD
    0x08002f88   0x08002f88   0x00000040   Code   RO          590    i.KalmanCreate      filter.o
    0x08002fc8   0x08002fc8   0x00000058   Code   RO         1216    i.Key_A             rc.o
    0x08003020   0x08003020   0x00000080   Code   RO         1217    i.Key_CTRL          rc.o
    0x080030a0   0x080030a0   0x00000058   Code   RO         1218    i.Key_D             rc.o
    0x080030f8   0x080030f8   0x00000058   Code   RO         1220    i.Key_S             rc.o
    0x08003150   0x08003150   0x00000054   Code   RO         1222    i.Key_W             rc.o
    0x080031a4   0x080031a4   0x000000b4   Code   RO          321    i.Keyboard_Motion_FITTING  chassistask.o
    0x08003258   0x08003258   0x00000054   Code   RO          930    i.MPU6500_Init      imu.o
    0x080032ac   0x080032ac   0x00000044   Code   RO          931    i.MPU6500_Read_Reg  imu.o
    0x080032f0   0x080032f0   0x00000028   Code   RO          932    i.MPU6500_Read_Regs  imu.o
    0x08003318   0x08003318   0x00000040   Code   RO          935    i.MPU6500_Write_Reg  imu.o
    0x08003358   0x08003358   0x00000004   Code   RO         7085    i.MemManage_Handler  stm32f4xx_it.o
    0x0800335c   0x0800335c   0x00000002   Code   RO         7086    i.NMI_Handler       stm32f4xx_it.o
    0x0800335e   0x0800335e   0x00000002   PAD
    0x08003360   0x08003360   0x00000078   Code   RO         2017    i.NVIC_Init         misc.o
    0x080033d8   0x080033d8   0x00000014   Code   RO         2018    i.NVIC_PriorityGroupConfig  misc.o
    0x080033ec   0x080033ec   0x000001a0   Code   RO          322    i.Omnidirection_FITTING  chassistask.o
    0x0800358c   0x0800358c   0x00000244   Code   RO          629    i.PID_Calculating   pid.o
    0x080037d0   0x080037d0   0x000000c0   Code   RO          630    i.PID_Init          pid.o
    0x08003890   0x08003890   0x00000056   Code   RO          631    i.PID_Init_ByParamArray  pid.o
    0x080038e6   0x080038e6   0x00000038   Code   RO          632    i.PID_Parameter_Init  pid.o
    0x0800391e   0x0800391e   0x00000002   PAD
    0x08003920   0x08003920   0x0000004c   Code   RO          633    i.PID_Reset         pid.o
    0x0800396c   0x0800396c   0x00000068   Code   RO          483    i.RAMP_float        assist.o
    0x080039d4   0x080039d4   0x00000020   Code   RO         4875    i.RCC_AHB1PeriphClockCmd  stm32f4xx_rcc.o
    0x080039f4   0x080039f4   0x00000020   Code   RO         4884    i.RCC_APB1PeriphClockCmd  stm32f4xx_rcc.o
    0x08003a14   0x08003a14   0x00000020   Code   RO         4886    i.RCC_APB1PeriphResetCmd  stm32f4xx_rcc.o
    0x08003a34   0x08003a34   0x00000020   Code   RO         4887    i.RCC_APB2PeriphClockCmd  stm32f4xx_rcc.o
    0x08003a54   0x08003a54   0x00000020   Code   RO         4889    i.RCC_APB2PeriphResetCmd  stm32f4xx_rcc.o
    0x08003a74   0x08003a74   0x000000e8   Code   RO         4896    i.RCC_GetClocksFreq  stm32f4xx_rcc.o
    0x08003b5c   0x08003b5c   0x0000014c   Code   RO         1223    i.RC_Init           rc.o
    0x08003ca8   0x08003ca8   0x0000026c   Code   RO         1558    i.RefereeInfo_Decode  referee_info.o
    0x08003f14   0x08003f14   0x000001ec   Code   RO          426    i.Referee_Data_Report  interactask.o
    0x08004100   0x08004100   0x0000000c   Code   RO         1512    i.Referee_Init      referee.o
    0x0800410c   0x0800410c   0x00000070   Code   RO         1513    i.Referee_USART_DMA_Init  referee.o
    0x0800417c   0x0800417c   0x000000d8   Code   RO         1514    i.Referee_USART_Init  referee.o
    0x08004254   0x08004254   0x000000d4   Code   RO         1226    i.SBUS_TO_RC        rc.o
    0x08004328   0x08004328   0x0000011c   Code   RO         1333    i.SPI5_Init         spi.o
    0x08004444   0x08004444   0x00000058   Code   RO         1334    i.SPI5_ReadWriteByte  spi.o
    0x0800449c   0x0800449c   0x00000028   Code   RO         1335    i.SPI5_SetSpeed     spi.o
    0x080044c4   0x080044c4   0x00000018   Code   RO         6036    i.SPI_Cmd           stm32f4xx_spi.o
    0x080044dc   0x080044dc   0x00000012   Code   RO         6044    i.SPI_I2S_GetFlagStatus  stm32f4xx_spi.o
    0x080044ee   0x080044ee   0x00000006   Code   RO         6047    i.SPI_I2S_ReceiveData  stm32f4xx_spi.o
    0x080044f4   0x080044f4   0x00000004   Code   RO         6048    i.SPI_I2S_SendData  stm32f4xx_spi.o
    0x080044f8   0x080044f8   0x0000003c   Code   RO         6049    i.SPI_Init          stm32f4xx_spi.o
    0x08004534   0x08004534   0x00000120   Code   RO         7136    i.SetSysClock       system_stm32f4xx.o
    0x08004654   0x08004654   0x0000015c   Code   RO          323    i.Spin_velocity_Load  chassistask.o
    0x080047b0   0x080047b0   0x00000134   Code   RO         1621    i.Startjudge_task   ui.o
    0x080048e4   0x080048e4   0x00000028   Code   RO         2021    i.SysTick_CLKSourceConfig  misc.o
    0x0800490c   0x0800490c   0x00000010   Code   RO          251    i.SysTick_Handler   freertos_init.o
    0x0800491c   0x0800491c   0x00000068   Code   RO         7138    i.SystemInit        system_stm32f4xx.o
    0x08004984   0x08004984   0x0000009c   Code   RO          252    i.System_Start_Task  freertos_init.o
    0x08004a20   0x08004a20   0x0000007c   Code   RO         1397    i.UART7_DMA_Init    usart.o
    0x08004a9c   0x08004a9c   0x000000a8   Code   RO         1515    i.UART8_IRQHandler  referee.o
    0x08004b44   0x08004b44   0x00000020   Code   RO         1622    i.UART8_SendChar    ui.o
    0x08004b64   0x08004b64   0x0000002c   Code   RO         1623    i.UI_DataUpdate     ui.o
    0x08004b90   0x08004b90   0x0000003c   Code   RO         1624    i.UI_Init           ui.o
    0x08004bcc   0x08004bcc   0x000000e4   Code   RO         1227    i.USART1_IRQHandler  rc.o
    0x08004cb0   0x08004cb0   0x000000b0   Code   RO         1398    i.USART3_IRQHandler  usart.o
    0x08004d60   0x08004d60   0x00000012   Code   RO         6824    i.USART_ClearFlag   stm32f4xx_usart.o
    0x08004d72   0x08004d72   0x00000018   Code   RO         6828    i.USART_Cmd         stm32f4xx_usart.o
    0x08004d8a   0x08004d8a   0x00000012   Code   RO         6829    i.USART_DMACmd      stm32f4xx_usart.o
    0x08004d9c   0x08004d9c   0x000000f0   Code   RO         6830    i.USART_DeInit      stm32f4xx_usart.o
    0x08004e8c   0x08004e8c   0x0000001a   Code   RO         6831    i.USART_GetFlagStatus  stm32f4xx_usart.o
    0x08004ea6   0x08004ea6   0x00000054   Code   RO         6832    i.USART_GetITStatus  stm32f4xx_usart.o
    0x08004efa   0x08004efa   0x0000004a   Code   RO         6834    i.USART_ITConfig    stm32f4xx_usart.o
    0x08004f44   0x08004f44   0x000000d4   Code   RO         6835    i.USART_Init        stm32f4xx_usart.o
    0x08005018   0x08005018   0x0000000a   Code   RO         6842    i.USART_ReceiveData  stm32f4xx_usart.o
    0x08005022   0x08005022   0x00000008   Code   RO         6845    i.USART_SendData    stm32f4xx_usart.o
    0x0800502a   0x0800502a   0x00000004   Code   RO         7087    i.UsageFault_Handler  stm32f4xx_it.o
    0x0800502e   0x0800502e   0x00000002   PAD
    0x08005030   0x08005030   0x00000040   Code   RO          536    i.Verify_CRC16_Check_Sum  crc.o
    0x08005070   0x08005070   0x00000030   Code   RO          537    i.Verify_CRC8_Check_Sum  crc.o
    0x080050a0   0x080050a0   0x00000026   Code   RO         8665    i.__ARM_fpclassifyf  m_wm.l(fpclassifyf.o)
    0x080050c6   0x080050c6   0x00000002   PAD
    0x080050c8   0x080050c8   0x00000664   Code   RO         8597    i.__hardfp_powf     m_wm.l(powf.o)
    0x0800572c   0x0800572c   0x0000007a   Code   RO         8611    i.__hardfp_sqrt     m_wm.l(sqrt_full.o)
    0x080057a6   0x080057a6   0x0000003a   Code   RO         8617    i.__hardfp_sqrtf    m_wm.l(sqrtf_full.o)
    0x080057e0   0x080057e0   0x00000014   Code   RO         8667    i.__mathlib_flt_divzero  m_wm.l(funder.o)
    0x080057f4   0x080057f4   0x00000006   Code   RO         8669    i.__mathlib_flt_infnan2  m_wm.l(funder.o)
    0x080057fa   0x080057fa   0x00000002   PAD
    0x080057fc   0x080057fc   0x00000010   Code   RO         8670    i.__mathlib_flt_invalid  m_wm.l(funder.o)
    0x0800580c   0x0800580c   0x00000010   Code   RO         8671    i.__mathlib_flt_overflow  m_wm.l(funder.o)
    0x0800581c   0x0800581c   0x00000010   Code   RO         8673    i.__mathlib_flt_underflow  m_wm.l(funder.o)
    0x0800582c   0x0800582c   0x00000098   Code   RO         1625    i._high_aim_        ui.o
    0x080058c4   0x080058c4   0x00000098   Code   RO         1626    i._lowlong_aim_     ui.o
    0x0800595c   0x0800595c   0x00000098   Code   RO         1627    i._lowshort_aim_2   ui.o
    0x080059f4   0x080059f4   0x00000098   Code   RO         1628    i._lowshort_aim_3   ui.o
    0x08005a8c   0x08005a8c   0x00000098   Code   RO         1629    i._lowshortstem_aim_4  ui.o
    0x08005b24   0x08005b24   0x000001e0   Code   RO         1630    i.aim_1             ui.o
    0x08005d04   0x08005d04   0x000001e8   Code   RO         1631    i.aim_lowlong       ui.o
    0x08005eec   0x08005eec   0x000001dc   Code   RO         1632    i.aim_lowshort_2    ui.o
    0x080060c8   0x080060c8   0x000001fc   Code   RO         1633    i.aim_lowshort_3    ui.o
    0x080062c4   0x080062c4   0x00000204   Code   RO         1634    i.aim_lowshort_stem  ui.o
    0x080064c8   0x080064c8   0x00000088   Code   RO         1635    i.auto_figure       ui.o
    0x08006550   0x08006550   0x00000016   Code   RO         1561    i.bit8TObit16       referee_info.o
    0x08006566   0x08006566   0x00000020   Code   RO         1562    i.bit8TObit32       referee_info.o
    0x08006586   0x08006586   0x00000002   PAD
    0x08006588   0x08006588   0x0000008c   Code   RO         1636    i.cover_figure      ui.o
    0x08006614   0x08006614   0x0000006c   Code   RO          830    i.delay_init        delay.o
    0x08006680   0x08006680   0x00000050   Code   RO          831    i.delay_ms          delay.o
    0x080066d0   0x080066d0   0x00000050   Code   RO          832    i.delay_us          delay.o
    0x08006720   0x08006720   0x000000fc   Code   RO         1473    i.encoder2Angle     motor.o
    0x0800681c   0x0800681c   0x0000008c   Code   RO         1637    i.fly_slope         ui.o
    0x080068a8   0x080068a8   0x00000088   Code   RO         1638    i.fri_figure        ui.o
    0x08006930   0x08006930   0x00000080   Code   RO          324    i.get_Chas_INFO     chassistask.o
    0x080069b0   0x080069b0   0x000000b8   Code   RO         1474    i.get_Motor_Data    motor.o
    0x08006a68   0x08006a68   0x00000022   Code   RO          869    i.gpio_Init         gpio.o
    0x08006a8a   0x08006a8a   0x00000002   PAD
    0x08006a8c   0x08006a8c   0x0000003c   Code   RO          936    i.invSqrt           imu.o
    0x08006ac8   0x08006ac8   0x0000000c   Code   RO            6    i.main              main.o
    0x08006ad4   0x08006ad4   0x00000070   Code   RO          870    i.power_ctrl_configuration  gpio.o
    0x08006b44   0x08006b44   0x00000020   Code   RO          872    i.power_ctrl_on     gpio.o
    0x08006b64   0x08006b64   0x00000098   Code   RO         7830    i.prvAddCurrentTaskToDelayedList  tasks.o
    0x08006bfc   0x08006bfc   0x000000b8   Code   RO         7831    i.prvAddNewTaskToReadyList  tasks.o
    0x08006cb4   0x08006cb4   0x00000064   Code   RO         8182    i.prvCheckForValidListAndQueue  timers.o
    0x08006d18   0x08006d18   0x00000048   Code   RO         7832    i.prvCheckTasksWaitingTermination  tasks.o
    0x08006d60   0x08006d60   0x0000002a   Code   RO         7462    i.prvCopyDataFromQueue  queue.o
    0x08006d8a   0x08006d8a   0x0000007e   Code   RO         7463    i.prvCopyDataToQueue  queue.o
    0x08006e08   0x08006e08   0x00000012   Code   RO         7833    i.prvDeleteTCB      tasks.o
    0x08006e1a   0x08006e1a   0x00000002   PAD
    0x08006e1c   0x08006e1c   0x00000028   Code   RO         8183    i.prvGetNextExpireTime  timers.o
    0x08006e44   0x08006e44   0x0000007c   Code   RO         7171    i.prvHeapInit       heap_4.o
    0x08006ec0   0x08006ec0   0x00000028   Code   RO         7834    i.prvIdleTask       tasks.o
    0x08006ee8   0x08006ee8   0x0000002a   Code   RO         7466    i.prvInitialiseNewQueue  queue.o
    0x08006f12   0x08006f12   0x000000be   Code   RO         7835    i.prvInitialiseNewTask  tasks.o
    0x08006fd0   0x08006fd0   0x00000068   Code   RO         7836    i.prvInitialiseTaskLists  tasks.o
    0x08007038   0x08007038   0x00000068   Code   RO         7172    i.prvInsertBlockIntoFreeList  heap_4.o
    0x080070a0   0x080070a0   0x00000058   Code   RO         8185    i.prvInsertTimerInActiveList  timers.o
    0x080070f8   0x080070f8   0x0000001a   Code   RO         7467    i.prvIsQueueEmpty   queue.o
    0x08007112   0x08007112   0x0000001e   Code   RO         7468    i.prvIsQueueFull    queue.o
    0x08007130   0x08007130   0x00000074   Code   RO         8186    i.prvProcessExpiredTimer  timers.o
    0x080071a4   0x080071a4   0x00000138   Code   RO         8187    i.prvProcessReceivedCommands  timers.o
    0x080072dc   0x080072dc   0x00000074   Code   RO         8188    i.prvProcessTimerOrBlockTask  timers.o
    0x08007350   0x08007350   0x00000034   Code   RO         7838    i.prvResetNextTaskUnblockTime  tasks.o
    0x08007384   0x08007384   0x0000002c   Code   RO         8189    i.prvSampleTimeNow  timers.o
    0x080073b0   0x080073b0   0x000000a4   Code   RO         8190    i.prvSwitchTimerLists  timers.o
    0x08007454   0x08007454   0x00000040   Code   RO         7242    i.prvTaskExitError  port.o
    0x08007494   0x08007494   0x0000001a   Code   RO         8191    i.prvTimerTask      timers.o
    0x080074ae   0x080074ae   0x0000007e   Code   RO         7469    i.prvUnlockQueue    queue.o
    0x0800752c   0x0800752c   0x0000013c   Code   RO         7173    i.pvPortMalloc      heap_4.o
    0x08007668   0x08007668   0x0000002c   Code   RO         7243    i.pxPortInitialiseStack  port.o
    0x08007694   0x08007694   0x00000014   Code   RO         1228    i.remote_control_init  rc.o
    0x080076a8   0x080076a8   0x0000008c   Code   RO         1639    i.sentry_figure     ui.o
    0x08007734   0x08007734   0x00000088   Code   RO         1640    i.spin_second_figure  ui.o
    0x080077bc   0x080077bc   0x000000a0   Code   RO         1641    i.supercapacitor_figure  ui.o
    0x0800785c   0x0800785c   0x000000bc   Code   RO         1400    i.uart3_Init        usart.o
    0x08007918   0x08007918   0x000000bc   Code   RO         1401    i.uart7_Init        usart.o
    0x080079d4   0x080079d4   0x00000028   Code   RO         7422    i.uxListRemove      list.o
    0x080079fc   0x080079fc   0x0000001a   Code   RO         7423    i.vListInitialise   list.o
    0x08007a16   0x08007a16   0x00000006   Code   RO         7424    i.vListInitialiseItem  list.o
    0x08007a1c   0x08007a1c   0x00000034   Code   RO         7425    i.vListInsert       list.o
    0x08007a50   0x08007a50   0x00000018   Code   RO         7426    i.vListInsertEnd    list.o
    0x08007a68   0x08007a68   0x00000054   Code   RO         7245    i.vPortEnterCritical  port.o
    0x08007abc   0x08007abc   0x0000003c   Code   RO         7246    i.vPortExitCritical  port.o
    0x08007af8   0x08007af8   0x00000094   Code   RO         7174    i.vPortFree         heap_4.o
    0x08007b8c   0x08007b8c   0x00000028   Code   RO         7247    i.vPortSetupTimerInterrupt  port.o
    0x08007bb4   0x08007bb4   0x00000078   Code   RO         7248    i.vPortValidateInterruptPriority  port.o
    0x08007c2c   0x08007c2c   0x0000002c   Code   RO         7475    i.vQueueAddToRegistry  queue.o
    0x08007c58   0x08007c58   0x0000004a   Code   RO         7479    i.vQueueWaitForMessageRestricted  queue.o
    0x08007ca2   0x08007ca2   0x00000002   PAD
    0x08007ca4   0x08007ca4   0x000000d4   Code   RO         7850    i.vTaskDelayUntil   tasks.o
    0x08007d78   0x08007d78   0x000000f4   Code   RO         7851    i.vTaskDelete       tasks.o
    0x08007e6c   0x08007e6c   0x00000018   Code   RO         7854    i.vTaskInternalSetTimeOutState  tasks.o
    0x08007e84   0x08007e84   0x0000000c   Code   RO         7855    i.vTaskMissedYield  tasks.o
    0x08007e90   0x08007e90   0x00000038   Code   RO         7857    i.vTaskPlaceOnEventList  tasks.o
    0x08007ec8   0x08007ec8   0x00000040   Code   RO         7858    i.vTaskPlaceOnEventListRestricted  tasks.o
    0x08007f08   0x08007f08   0x00000094   Code   RO         7866    i.vTaskStartScheduler  tasks.o
    0x08007f9c   0x08007f9c   0x00000010   Code   RO         7868    i.vTaskSuspendAll   tasks.o
    0x08007fac   0x08007fac   0x0000008c   Code   RO         7869    i.vTaskSwitchContext  tasks.o
    0x08008038   0x08008038   0x00000168   Code   RO         7249    i.xPortStartScheduler  port.o
    0x080081a0   0x080081a0   0x00000034   Code   RO         7250    i.xPortSysTickHandler  port.o
    0x080081d4   0x080081d4   0x0000005a   Code   RO         7482    i.xQueueGenericCreate  queue.o
    0x0800822e   0x0800822e   0x00000002   PAD
    0x08008230   0x08008230   0x00000098   Code   RO         7483    i.xQueueGenericReset  queue.o
    0x080082c8   0x080082c8   0x000001a8   Code   RO         7484    i.xQueueGenericSend  queue.o
    0x08008470   0x08008470   0x000000f8   Code   RO         7485    i.xQueueGenericSendFromISR  queue.o
    0x08008568   0x08008568   0x00000168   Code   RO         7492    i.xQueueReceive     queue.o
    0x080086d0   0x080086d0   0x0000008c   Code   RO         7870    i.xTaskCheckForTimeOut  tasks.o
    0x0800875c   0x0800875c   0x00000060   Code   RO         7871    i.xTaskCreate       tasks.o
    0x080087bc   0x080087bc   0x00000020   Code   RO         7875    i.xTaskGetSchedulerState  tasks.o
    0x080087dc   0x080087dc   0x0000000c   Code   RO         7876    i.xTaskGetTickCount  tasks.o
    0x080087e8   0x080087e8   0x00000148   Code   RO         7878    i.xTaskIncrementTick  tasks.o
    0x08008930   0x08008930   0x000000c8   Code   RO         7881    i.xTaskPriorityDisinherit  tasks.o
    0x080089f8   0x080089f8   0x00000098   Code   RO         7883    i.xTaskRemoveFromEventList  tasks.o
    0x08008a90   0x08008a90   0x00000104   Code   RO         7884    i.xTaskResumeAll    tasks.o
    0x08008b94   0x08008b94   0x00000058   Code   RO         8198    i.xTimerCreateTimerTask  timers.o
    0x08008bec   0x08008bec   0x00000084   Code   RO         8199    i.xTimerGenericCommand  timers.o
    0x08008c70   0x08008c70   0x000002c4   Code   RO         8561    x$fpl$d2f           g_wm.l(d2f_clz.o)
    0x08008f34   0x08008f34   0x0000001a   Code   RO         8581    x$fpl$dfltn         g_wm.l(dflt_clz.o)
    0x08008f4e   0x08008f4e   0x00000102   Code   RO         8642    x$fpl$dnaninf       g_wm.l(dnaninf.o)
    0x08009050   0x08009050   0x00000070   Code   RO         8644    x$fpl$drenorm       g_wm.l(drenorm_clz.o)
    0x080090c0   0x080090c0   0x0000000c   Code   RO         8646    x$fpl$dretinf       g_wm.l(dretinf.o)
    0x080090cc   0x080090cc   0x00000208   Code   RO         8648    x$fpl$dsqrt         g_wm.l(dsqrt_umaalclz.o)
    0x080092d4   0x080092d4   0x0000017a   Code   RO         8650    x$fpl$dunder        g_wm.l(dunder_clz.o)
    0x0800944e   0x0800944e   0x00000002   PAD
    0x08009450   0x08009450   0x000001ec   Code   RO         8652    x$fpl$exception     g_wm.l(except.o)
    0x0800963c   0x0800963c   0x0000007a   Code   RO         8589    x$fpl$f2d           g_wm.l(f2d.o)
    0x080096b6   0x080096b6   0x000000f2   Code   RO         8654    x$fpl$fnaninf       g_wm.l(fnaninf.o)
    0x080097a8   0x080097a8   0x0000000a   Code   RO         8790    x$fpl$fpinit        g_wm.l(fpinit.o)
    0x080097b2   0x080097b2   0x0000000a   Code   RO         8656    x$fpl$fretinf       g_wm.l(fretinf.o)
    0x080097bc   0x080097bc   0x0000013c   Code   RO         8658    x$fpl$funder        g_wm.l(funder_clz.o)
    0x080098f8   0x080098f8   0x00000020   Code   RO         8660    x$fpl$ieeestatus    g_wm.l(istatus.o)
    0x08009918   0x08009918   0x000000b2   Code   RO         8703    x$fpl$retnan        g_wm.l(retnan.o)
    0x080099ca   0x080099ca   0x0000007e   Code   RO         8662    x$fpl$trapveneer    g_wm.l(trapv.o)
    0x08009a48   0x08009a48   0x00000000   Code   RO         8664    x$fpl$usenofp       g_wm.l(usenofp.o)
    0x08009a48   0x08009a48   0x00000302   Data   RO          538    .constdata          crc.o
    0x08009d4a   0x08009d4a   0x00000002   PAD
    0x08009d4c   0x08009d4c   0x00000014   Data   RO          938    .constdata          imu.o
    0x08009d60   0x08009d60   0x00000804   Data   RO         8518    .constdata          arm_cortexM4lf_math.lib(arm_common_tables.o)
    0x0800a564   0x0800a564   0x00000140   Data   RO         8600    .constdata          m_wm.l(powf.o)
    0x0800a6a4   0x0800a6a4   0x00000020   Data   RO         8848    Region$$Table       anon$$obj.o


    Execution Region RW_IRAM2 (Exec base: 0x10000000, Load base: 0x0800a894, Size: 0x00000000, Max: 0x00010000, ABSOLUTE)

    **** No section assigned to this execution region ****


    Execution Region RW_IRAM1 (Exec base: 0x20000000, Load base: 0x0800a6c4, Size: 0x00014be0, Max: 0x00030000, ABSOLUTE, COMPRESSED[0x000001d0])

    Exec Addr    Load Addr    Size         Type   Attr      Idx    E Section Name        Object

    0x20000000   COMPRESSED   0x00000010   Data   RW          253    .data               freertos_init.o
    0x20000010   COMPRESSED   0x00000128   Data   RW          326    .data               chassistask.o
    0x20000138   COMPRESSED   0x00000005   Data   RW          427    .data               interactask.o
    0x2000013d   COMPRESSED   0x00000001   PAD
    0x2000013e   COMPRESSED   0x00000002   Data   RW          539    .data               crc.o
    0x20000140   COMPRESSED   0x00000134   Data   RW          749    .data               can.o
    0x20000274   COMPRESSED   0x00000008   Data   RW          833    .data               delay.o
    0x2000027c   COMPRESSED   0x00000175   Data   RW          939    .data               imu.o
    0x200003f1   COMPRESSED   0x00000001   PAD
    0x200003f2   COMPRESSED   0x00000008   Data   RW         1230    .data               rc.o
    0x200003fa   COMPRESSED   0x00000002   PAD
    0x200003fc   COMPRESSED   0x00000018   Data   RW         1403    .data               usart.o
    0x20000414   COMPRESSED   0x00000384   Data   RW         1476    .data               motor.o
    0x20000798   COMPRESSED   0x00000004   Data   RW         1517    .data               referee.o
    0x2000079c   COMPRESSED   0x00000010   Data   RW         1564    .data               referee_info.o
    0x200007ac   COMPRESSED   0x00000148   Data   RW         1643    .data               ui.o
    0x200008f4   COMPRESSED   0x00000010   Data   RW         4928    .data               stm32f4xx_rcc.o
    0x20000904   COMPRESSED   0x00000014   Data   RW         7139    .data               system_stm32f4xx.o
    0x20000918   COMPRESSED   0x00000018   Data   RW         7179    .data               heap_4.o
    0x20000930   COMPRESSED   0x0000000c   Data   RW         7251    .data               port.o
    0x2000093c   COMPRESSED   0x0000003c   Data   RW         7887    .data               tasks.o
    0x20000978   COMPRESSED   0x00000014   Data   RW         8205    .data               timers.o
    0x2000098c        -       0x00000030   Zero   RW          325    .bss                chassistask.o
    0x200009bc        -       0x00000028   Zero   RW          748    .bss                can.o
    0x200009e4        -       0x00000a50   Zero   RW          937    .bss                imu.o
    0x20001434        -       0x000000ca   Zero   RW         1229    .bss                rc.o
    0x200014fe   COMPRESSED   0x00000002   PAD
    0x20001500        -       0x00000028   Zero   RW         1475    .bss                motor.o
    0x20001528        -       0x000000c8   Zero   RW         1516    .bss                referee.o
    0x200015f0        -       0x00000056   Zero   RW         1563    .bss                referee_info.o
    0x20001646   COMPRESSED   0x00000002   PAD
    0x20001648        -       0x00000402   Zero   RW         1642    .bss                ui.o
    0x20001a4a        -       0x00012c00   Zero   RW         7178    .bss                heap_4.o
    0x2001464a   COMPRESSED   0x00000002   PAD
    0x2001464c        -       0x00000040   Zero   RW         7496    .bss                queue.o
    0x2001468c        -       0x000000c8   Zero   RW         7886    .bss                tasks.o
    0x20014754        -       0x00000028   Zero   RW         8204    .bss                timers.o
    0x2001477c        -       0x00000060   Zero   RW         8706    .bss                c_w.l(libspace.o)
    0x200147dc   COMPRESSED   0x00000004   PAD
    0x200147e0        -       0x00000000   Zero   RW         8376    HEAP                startup_stm32f427xx.o
    0x200147e0        -       0x00000400   Zero   RW         8375    STACK               startup_stm32f427xx.o


==============================================================================

Image component sizes


      Code (inc. data)   RO Data    RW Data    ZI Data      Debug   Object Name

       104          6          0          0          0        705   assist.o
       692         64          0        308         40       3346   can.o
      3532        296          0        296         48      11848   chassistask.o
       286         18        770          2          0       4922   crc.o
       268         26          0          8          0       2135   delay.o
         0          0          0          0          0       8172   event_groups.o
        64          6          0          0          0        943   filter.o
       228        102          0         16          0       2040   freertos_init.o
       178         14          0          0          0       1683   gpio.o
       692         62          0         24      76800      14079   heap_4.o
      2996        252         20        373       2640      10516   imu.o
       104         18          0          0          0        574   imutask.o
       520         40          0          5          0       1464   interactask.o
       148          0          0          0          0       3234   list.o
        98          0          0          0          0     338403   main.o
       180         24          0          0          0       2097   misc.o
       436         34          0        900         40       2997   motor.o
        72         12          0          0          0        539   myiic.o
       990         26          0          0          0       4075   pid.o
      1014         92          0         12          0      11489   port.o
      1784         20          0          0         64      15734   queue.o
      1424        148          0          8        202      10410   rc.o
       508         44          0          4        200       3261   referee.o
       674         24          0         16         86       6879   referee_info.o
       412         22          0          0          0       1977   spi.o
        76         28        428          0       1024        840   startup_stm32f427xx.o
      1092          6          0          0          0       4456   stm32f4xx_can.o
       794         72          0          0          0       8877   stm32f4xx_dma.o
       218          0          0          0          0       2346   stm32f4xx_gpio.o
        20          0          0          0          0       2933   stm32f4xx_it.o
       392         48          0         16          0       5869   stm32f4xx_rcc.o
       112          0          0          0          0       3530   stm32f4xx_spi.o
       714         42          0          0          0       7401   stm32f4xx_usart.o
       392         32          0         20          0       1941   system_stm32f4xx.o
      2948        392          0         60        200      25225   tasks.o
      1226        116          0         20         40      14267   timers.o
      6066        578          0        328       1026      24705   ui.o
       724         64          0         24          0       3959   usart.o

    ----------------------------------------------------------------------
     32208       2728       1252       2444      82416     569871   Object Totals
         0          0         32          0          0          0   (incl. Generated)
        30          0          2          4          6          0   (incl. Padding)

    ----------------------------------------------------------------------

      Code (inc. data)   RO Data    RW Data    ZI Data      Debug   Library Member Name

         0          0       2052          0          0       4636   arm_common_tables.o
       120         12          0          0          0      16970   arm_cos_f32.o
       116         12          0          0          0        658   arm_sin_f32.o
        90          0          0          0          0          0   __dczerorl2.o
         8          0          0          0          0         68   __main.o
         0          0          0          0          0          0   __rtentry.o
        12          0          0          0          0          0   __rtentry2.o
         6          0          0          0          0          0   __rtentry4.o
        52          8          0          0          0          0   __scatter.o
        28          0          0          0          0          0   __scatter_zi.o
        48          4          0          0          0         84   _fptrap.o
        22          0          0          0          0        100   _rserrno.o
        16          0          0          0          0         68   aeabi_memset.o
        10          0          0          0          0         68   defsig_exit.o
       172        110          0          0          0         76   defsig_fpe_inner.o
        14          0          0          0          0         80   defsig_fpe_outer.o
        50          0          0          0          0         88   defsig_general.o
        18          0          0          0          0         80   exit.o
         6          0          0          0          0        152   heapauxi.o
         0          0          0          0          0          0   indicate_semi.o
         2          0          0          0          0          0   libinit.o
         6          0          0          0          0          0   libinit2.o
         2          0          0          0          0          0   libshutdown.o
         2          0          0          0          0          0   libshutdown2.o
         8          4          0          0         96         68   libspace.o
         8          4          0          0          0         68   rt_errno_addr_intlibspace.o
        68          0          0          0          0         68   rt_memclr.o
        78          0          0          0          0         80   rt_memclr_w.o
       138          0          0          0          0         68   rt_memcpy_v6.o
       100          0          0          0          0         80   rt_memcpy_w.o
         2          0          0          0          0          0   rtexit.o
        10          0          0          0          0          0   rtexit2.o
        62          0          0          0          0         76   strlen.o
        12          4          0          0          0         68   sys_exit.o
        74          0          0          0          0         80   sys_stackheap_outer.o
        14          0          0          0          0         76   sys_wrch.o
         2          0          0          0          0         68   use_no_semi.o
       708         16          0          0          0        140   d2f_clz.o
        26          0          0          0          0        116   dflt_clz.o
       258          4          0          0          0        156   dnaninf.o
       112          0          0          0          0        160   drenorm_clz.o
        12          0          0          0          0        116   dretinf.o
       520         56          0          0          0        180   dsqrt_umaalclz.o
       378          0          0          0          0        168   dunder_clz.o
       492         36          0          0          0        148   except.o
       122          8          0          0          0        132   f2d.o
       242          4          0          0          0        144   fnaninf.o
        10          0          0          0          0        116   fpinit.o
        10          0          0          0          0        116   fretinf.o
       316          0          0          0          0        132   funder_clz.o
        32          4          0          0          0        116   istatus.o
       178          0          0          0          0        116   retnan.o
       126          0          0          0          0        148   trapv.o
         0          0          0          0          0          0   usenofp.o
        38          0          0          0          0        116   fpclassifyf.o
        74         24          0          0          0        580   funder.o
      1636        110        320          0          0        372   powf.o
       122          0          0          0          0        148   sqrt_full.o
        58          0          0          0          0        136   sqrtf_full.o

    ----------------------------------------------------------------------
      6860        420       2372          0        100      27484   Library Totals
        14          0          0          0          4          0   (incl. Padding)

    ----------------------------------------------------------------------

      Code (inc. data)   RO Data    RW Data    ZI Data      Debug   Library Name

       236         24       2052          0          0      22264   arm_cortexM4lf_math.lib
      1140        134          0          0         96       1664   c_w.l
      3542        128          0          0          0       2204   g_wm.l
      1928        134        320          0          0       1352   m_wm.l

    ----------------------------------------------------------------------
      6860        420       2372          0        100      27484   Library Totals

    ----------------------------------------------------------------------

==============================================================================


      Code (inc. data)   RO Data    RW Data    ZI Data      Debug   

     39068       3148       3624       2444      82516     572271   Grand Totals
     39068       3148       3624        464      82516     572271   ELF Image Totals (compressed)
     39068       3148       3624        464          0          0   ROM Totals

==============================================================================

    Total RO  Size (Code + RO Data)                42692 (  41.69kB)
    Total RW  Size (RW Data + ZI Data)             84960 (  82.97kB)
    Total ROM Size (Code + RO Data + RW Data)      43156 (  42.14kB)

==============================================================================

